Archive member included because of file (symbol)

e:\drone_parachute\build\core\core.a(HardwareSerial.cpp.o)
                              e:\drone_parachute\build\core\board.cpp.o (HardwareSerial::HardwareSerial(usart_dev*, unsigned char, unsigned char))
e:\drone_parachute\build\core\core.a(Print.cpp.o)
                              e:\drone_parachute\build\core\core.a(HardwareSerial.cpp.o) (Print::write(void const*, unsigned long))
e:\drone_parachute\build\core\core.a(cxxabi-compat.cpp.o)
                              e:\drone_parachute\build\core\core.a(HardwareSerial.cpp.o) (__cxa_pure_virtual)
e:\drone_parachute\build\core\core.a(adc.c.o)
                              e:\drone_parachute\build\core\wirish\boards.cpp.o (adc_set_sample_rate)
e:\drone_parachute\build\core\core.a(adc_f1.c.o)
                              (__irq_adc)
e:\drone_parachute\build\core\core.a(dma_f1.c.o)
                              (__irq_dma1_channel1)
e:\drone_parachute\build\core\core.a(exc.S.o)
                              (__exc_nmi)
e:\drone_parachute\build\core\core.a(exti.c.o)
                              (__irq_exti0)
e:\drone_parachute\build\core\core.a(exti_f1.c.o)
                              e:\drone_parachute\build\core\core.a(exti.c.o) (exti_select)
e:\drone_parachute\build\core\core.a(flash.c.o)
                              e:\drone_parachute\build\core\wirish\boards.cpp.o (flash_set_latency)
e:\drone_parachute\build\core\core.a(gpio_f1.c.o)
                              e:\drone_parachute\build\core\wirish\boards_setup.cpp.o (gpio_init_all)
e:\drone_parachute\build\core\core.a(i2c_f1.c.o)
                              (__irq_i2c1_ev)
e:\drone_parachute\build\core\core.a(nvic.c.o)
                              e:\drone_parachute\build\core\core.a(i2c_f1.c.o) (nvic_irq_set_priority)
e:\drone_parachute\build\core\core.a(rcc.c.o)
                              e:\drone_parachute\build\core\wirish\boards.cpp.o (rcc_switch_sysclk)
e:\drone_parachute\build\core\core.a(rcc_f1.c.o)
                              e:\drone_parachute\build\core\wirish\boards.cpp.o (rcc_configure_pll)
e:\drone_parachute\build\core\core.a(isrs.S.o)
                              (__stm32reservedexception7)
e:\drone_parachute\build\core\core.a(vector_table.S.o)
                              (__stm32_vector_table)
e:\drone_parachute\build\core\core.a(systick.c.o)
                              e:\drone_parachute\build\core\wirish\boards.cpp.o (systick_init)
e:\drone_parachute\build\core\core.a(timer.c.o)
                              e:\drone_parachute\build\core\wirish\boards.cpp.o (timer_foreach)
e:\drone_parachute\build\core\core.a(usart.c.o)
                              e:\drone_parachute\build\core\core.a(HardwareSerial.cpp.o) (usart_init)
e:\drone_parachute\build\core\core.a(usart_f1.c.o)
                              e:\drone_parachute\build\core\core.a(HardwareSerial.cpp.o) (usart_config_gpios_async)
e:\drone_parachute\build\core\core.a(usart_private.c.o)
                              e:\drone_parachute\build\core\core.a(usart_f1.c.o) (_usart_clock_freq)
e:\drone_parachute\build\core\core.a(usb.c.o)
                              (__irq_usb_lp_can_rx0)
e:\drone_parachute\build\core\core.a(usb_cdcacm.c.o)
                              e:\drone_parachute\build\core\core.a(usb.c.o) (User_Standard_Requests)
e:\drone_parachute\build\core\core.a(usb_reg_map.c.o)
                              e:\drone_parachute\build\core\core.a(usb_cdcacm.c.o) (usb_set_ep_rx_count)
e:\drone_parachute\build\core\core.a(usb_core.c.o)
                              e:\drone_parachute\build\core\core.a(usb_cdcacm.c.o) (Standard_GetDescriptorData)
e:\drone_parachute\build\core\core.a(usb_init.c.o)
                              e:\drone_parachute\build\core\core.a(usb.c.o) (pInformation)
e:\drone_parachute\build\core\core.a(usb_mem.c.o)
                              e:\drone_parachute\build\core\core.a(usb_core.c.o) (UserToPMABufferCopy)
e:\drone_parachute\build\core\core.a(usb_regs.c.o)
                              e:\drone_parachute\build\core\core.a(usb_core.c.o) (SetEPTxStatus)
e:\drone_parachute\build\core\core.a(util.c.o)
                              e:\drone_parachute\build\core\core.a(exc.S.o) (__error)
e:\drone_parachute\build\core\core.a(main.cpp.o)
                              (main)
e:\drone_parachute\build\core\core.a(dma.c.o)
                              e:\drone_parachute\build\core\core.a(dma_f1.c.o) (_dma_addr_type)
e:\drone_parachute\build\core\core.a(gpio.c.o)
                              e:\drone_parachute\build\core\core.a(gpio_f1.c.o) (gpio_init)
e:\drone_parachute\build\core\core.a(i2c.c.o)
                              e:\drone_parachute\build\core\core.a(i2c_f1.c.o) (_i2c_irq_handler)
c:/users/param/appdata/local/arduino15/packages/arduino/tools/arm-none-eabi-gcc/4.8.3-2014q1/bin/../lib/gcc/arm-none-eabi/4.8.3/armv7-m\libgcc.a(_arm_addsubdf3.o)
[...]
Memory Configuration

Name             Origin             Length             Attributes
ram              0x20000000         0x00005000         xrw
rom              0x08000000         0x00010000         xr
*default*        0x00000000         0xffffffff

Linker script and memory map

LOAD c:/users/param/appdata/local/arduino15/packages/arduino/tools/arm-none-eabi-gcc/4.8.3-2014q1/bin/../lib/gcc/arm-none-eabi/4.8.3/armv7-m/crti.o
LOAD c:/users/param/appdata/local/arduino15/packages/arduino/tools/arm-none-eabi-gcc/4.8.3-2014q1/bin/../lib/gcc/arm-none-eabi/4.8.3/armv7-m/crtbegin.o
LOAD c:/users/param/appdata/local/arduino15/packages/arduino/tools/arm-none-eabi-gcc/4.8.3-2014q1/bin/../lib/gcc/arm-none-eabi/4.8.3/../../../../arm-none-eabi/lib/armv7-m/crt0.o
LOAD c:/users/param/appdata/local/arduino15/packages/arduino/tools/arm-none-eabi-gcc/4.8.3-2014q1/bin/../lib/gcc/arm-none-eabi/4.8.3/armv7-m\libgcc.a
START GROUP
LOAD e:\drone_parachute\build\sketch\main.ino.cpp.o
LOAD e:\drone_parachute\build\core\board.cpp.o
LOAD e:\drone_parachute\build\core\wirish\boards.cpp.o
LOAD e:\drone_parachute\build\core\wirish\boards_setup.cpp.o
LOAD e:\drone_parachute\build\core\wirish\start.S.o
LOAD e:\drone_parachute\build\core\wirish\start_c.c.o
LOAD e:\drone_parachute\build\core\wirish\syscalls.c.o
LOAD e:\drone_parachute\build\core\core.a
END GROUP
LOAD c:/users/param/appdata/local/arduino15/packages/arduino/tools/arm-none-eabi-gcc/4.8.3-2014q1/bin/../lib/gcc/arm-none-eabi/4.8.3/../../../../arm-none-eabi/lib/armv7-m\libstdc++.a
LOAD c:/users/param/appdata/local/arduino15/packages/arduino/tools/arm-none-eabi-gcc/4.8.3-2014q1/bin/../lib/gcc/arm-none-eabi/4.8.3/../../../../arm-none-eabi/lib/armv7-m\libm.a
START GROUP
LOAD c:/users/param/appdata/local/arduino15/packages/arduino/tools/arm-none-eabi-gcc/4.8.3-2014q1/bin/../lib/gcc/arm-none-eabi/4.8.3/armv7-m\libgcc.a
LOAD c:/users/param/appdata/local/arduino15/packages/arduino/tools/arm-none-eabi-gcc/4.8.3-2014q1/bin/../lib/gcc/arm-none-eabi/4.8.3/../../../../arm-none-eabi/lib/armv7-m\libc.a
END GROUP
LOAD c:/users/param/appdata/local/arduino15/packages/arduino/tools/arm-none-eabi-gcc/4.8.3-2014q1/bin/../lib/gcc/arm-none-eabi/4.8.3/armv7-m/crtend.o
LOAD c:/users/param/appdata/local/arduino15/packages/arduino/tools/arm-none-eabi-gcc/4.8.3-2014q1/bin/../lib/gcc/arm-none-eabi/4.8.3/armv7-m/crtn.o
START GROUP
LOAD c:/users/param/appdata/local/arduino15/packages/arduino/tools/arm-none-eabi-gcc/4.8.3-2014q1/bin/../lib/gcc/arm-none-eabi/4.8.3/armv7-m\libgcc.a
LOAD c:/users/param/appdata/local/arduino15/packages/arduino/tools/arm-none-eabi-gcc/4.8.3-2014q1/bin/../lib/gcc/arm-none-eabi/4.8.3/../../../../arm-none-eabi/lib/armv7-m\libc.a
LOAD c:/users/param/appdata/local/arduino15/packages/arduino/tools/arm-none-eabi-gcc/4.8.3-2014q1/bin/../lib/gcc/arm-none-eabi/4.8.3/../../../../arm-none-eabi/lib/armv7-m\libm.a
END GROUP
START GROUP
LOAD c:/users/param/appdata/local/arduino15/packages/arduino/tools/arm-none-eabi-gcc/4.8.3-2014q1/bin/../lib/gcc/arm-none-eabi/4.8.3/../../../../arm-none-eabi/lib/armv7-m\libnosys.a
END GROUP
                0x20005000                PROVIDE (__msp_init, (ORIGIN (ram) + 0x5000))
                0x08000344                PROVIDE (__exc_reset, __start__)

.text           0x08000000     0x2358
                0x08000000                __text_start__ = .
 *(.stm32.interrupt_vector)
 .stm32.interrupt_vector
                0x08000000       0xec e:\drone_parachute\build\core\core.a(vector_table.S.o)
                0x08000000                __stm32_vector_table
 *(.text .text.* .gnu.linkonce.t.*)
 .text          0x080000ec       0x54 c:/users/param/appdata/local/arduino15/packages/arduino/tools/arm-none-eabi-gcc/4.8.3-2014q1/bin/../lib/gcc/arm-none-eabi/4.8.3/armv7-m/crtbegin.o
 .text._Z5setupv
                0x08000140        0x2 e:\drone_parachute\build\sketch\main.ino.cpp.o
                0x08000140                setup()
 .text._Z4loopv
                0x08000142        0x2 e:\drone_parachute\build\sketch\main.ino.cpp.o
                0x08000142                loop()
 .text._Z9boardInitv
                0x08000144        0x2 e:\drone_parachute\build\core\board.cpp.o
                0x08000144                boardInit()
 *fill*         0x08000146        0x2 
 .text.startup._GLOBAL__sub_I__Z9boardInitv
                0x08000148       0x48 e:\drone_parachute\build\core\board.cpp.o
 .text._ZL18adc_default_configP7adc_dev
                0x08000190       0x1c e:\drone_parachute\build\core\wirish\boards.cpp.o
 .text._ZL20timer_default_configP9timer_dev
                0x080001ac       0x9e e:\drone_parachute\build\core\wirish\boards.cpp.o
 *fill*         0x0800024a        0x2 
 .text._Z4initv
                0x0800024c       0xbc e:\drone_parachute\build\core\wirish\boards.cpp.o
                0x0800024c                init()
 .text._ZN6wirish4priv15board_reset_pllEv
                0x08000308        0x2 e:\drone_parachute\build\core\wirish\boards_setup.cpp.o
                0x08000308                wirish::priv::board_reset_pll()
 .text._ZN6wirish4priv28board_setup_clock_prescalersEv
                0x0800030a       0x2e e:\drone_parachute\build\core\wirish\boards_setup.cpp.o
                0x0800030a                wirish::priv::board_setup_clock_prescalers()
 .text._ZN6wirish4priv16board_setup_gpioEv
                0x08000338        0x4 e:\drone_parachute\build\core\wirish\boards_setup.cpp.o
                0x08000338                wirish::priv::board_setup_gpio()
 .text._ZN6wirish4priv15board_setup_usbEv
                0x0800033c        0x2 e:\drone_parachute\build\core\wirish\boards_setup.cpp.o
                0x0800033c                wirish::priv::board_setup_usb()
 .text._ZN6wirish4priv11series_initEv
                0x0800033e        0x4 e:\drone_parachute\build\core\wirish\boards_setup.cpp.o
                0x0800033e                wirish::priv::series_init()
 *fill*         0x08000342        0x2 
 .text          0x08000344       0x10 e:\drone_parachute\build\core\wirish\start.S.o
                0x08000344                __start__
 .text.start_c  0x08000354       0x58 e:\drone_parachute\build\core\wirish\start_c.c.o
                0x08000354                start_c
 .text.rb_full_count
                0x080003ac       0x22 e:\drone_parachute\build\core\core.a(HardwareSerial.cpp.o)
 .text._ZN14HardwareSerial4readEv
                0x080003ce       0x3a e:\drone_parachute\build\core\core.a(HardwareSerial.cpp.o)
                0x080003ce                HardwareSerial::read()
 .text._ZN14HardwareSerial9availableEv
                0x08000408        0xc e:\drone_parachute\build\core\core.a(HardwareSerial.cpp.o)
                0x08000408                HardwareSerial::available()
 .text._ZN14HardwareSerial4peekEv
                0x08000414       0x22 e:\drone_parachute\build\core\core.a(HardwareSerial.cpp.o)
                0x08000414                HardwareSerial::peek()
 .text._ZN14HardwareSerial5flushEv
                0x08000436       0x1a e:\drone_parachute\build\core\core.a(HardwareSerial.cpp.o)
                0x08000436                HardwareSerial::flush()
 .text._ZN14HardwareSerial5writeEh
                0x08000450       0x1e e:\drone_parachute\build\core\core.a(HardwareSerial.cpp.o)
                0x08000450                HardwareSerial::write(unsigned char)
 *fill*         0x0800046e        0x2 
 .text._ZN14HardwareSerialC2EP9usart_devhh
                0x08000470       0x1c e:\drone_parachute\build\core\core.a(HardwareSerial.cpp.o)
                0x08000470                HardwareSerial::HardwareSerial(usart_dev*, unsigned char, unsigned char)
                0x08000470                HardwareSerial::HardwareSerial(usart_dev*, unsigned char, unsigned char)
 .text._ZN5Print5writeEPKvm
                0x0800048c       0x20 e:\drone_parachute\build\core\core.a(Print.cpp.o)
                0x0800048c                Print::write(void const*, unsigned long)
 .text._ZN5Print5writeEPKc
                0x080004ac       0x1e e:\drone_parachute\build\core\core.a(Print.cpp.o)
                0x080004ac                Print::write(char const*)
 .text.adc_init
                0x080004ca       0x14 e:\drone_parachute\build\core\core.a(adc.c.o)
                0x080004ca                adc_init
 .text.adc_set_extsel
                0x080004de       0x12 e:\drone_parachute\build\core\core.a(adc.c.o)
                0x080004de                adc_set_extsel
 .text.adc_set_sample_rate
                0x080004f0       0x30 e:\drone_parachute\build\core\core.a(adc.c.o)
                0x080004f0                adc_set_sample_rate
 .text.__irq_adc
                0x08000520       0x50 e:\drone_parachute\build\core\core.a(adc_f1.c.o)
                0x08000520                __irq_adc
 .text.adc_calibrate
                0x08000570       0x24 e:\drone_parachute\build\core\core.a(adc_f1.c.o)
                0x08000570                adc_calibrate
 .text.adc_set_prescaler
                0x08000594        0x8 e:\drone_parachute\build\core\core.a(adc_f1.c.o)
                0x08000594                adc_set_prescaler
 .text.adc_foreach
                0x0800059c       0x1c e:\drone_parachute\build\core\core.a(adc_f1.c.o)
                0x0800059c                adc_foreach
 .text.adc_enable_single_swstart
                0x080005b8       0x36 e:\drone_parachute\build\core\core.a(adc_f1.c.o)
                0x080005b8                adc_enable_single_swstart
 .text.dma_irq_handler
                0x080005ee       0x1c e:\drone_parachute\build\core\core.a(dma_f1.c.o)
 *fill*         0x0800060a        0x2 
 .text.__irq_dma1_channel1
                0x0800060c       0x10 e:\drone_parachute\build\core\core.a(dma_f1.c.o)
                0x0800060c                __irq_dma1_channel1
 .text.__irq_dma1_channel2
                0x0800061c       0x10 e:\drone_parachute\build\core\core.a(dma_f1.c.o)
                0x0800061c                __irq_dma1_channel2
 .text.__irq_dma1_channel3
                0x0800062c       0x10 e:\drone_parachute\build\core\core.a(dma_f1.c.o)
                0x0800062c                __irq_dma1_channel3
 .text.__irq_dma1_channel4
                0x0800063c       0x10 e:\drone_parachute\build\core\core.a(dma_f1.c.o)
                0x0800063c                __irq_dma1_channel4
 .text.__irq_dma1_channel5
                0x0800064c       0x10 e:\drone_parachute\build\core\core.a(dma_f1.c.o)
                0x0800064c                __irq_dma1_channel5
 .text.__irq_dma1_channel6
                0x0800065c       0x10 e:\drone_parachute\build\core\core.a(dma_f1.c.o)
                0x0800065c                __irq_dma1_channel6
 .text.__irq_dma1_channel7
                0x0800066c       0x10 e:\drone_parachute\build\core\core.a(dma_f1.c.o)
                0x0800066c                __irq_dma1_channel7
 *fill*         0x0800067c        0x4 
 .text          0x08000680       0x60 e:\drone_parachute\build\core\core.a(exc.S.o)
                0x08000680                __exc_nmi
                0x08000684                __exc_hardfault
                0x08000688                __exc_memmanage
                0x0800068c                __exc_busfault
                0x08000690                __exc_usagefault
 .text.dispatch_single_exti
                0x080006e0       0x2c e:\drone_parachute\build\core\core.a(exti.c.o)
                0x080006e0                dispatch_single_exti
 .text.dispatch_extis
                0x0800070c       0x4c e:\drone_parachute\build\core\core.a(exti.c.o)
                0x0800070c                dispatch_extis
 .text.__irq_exti0
                0x08000758        0x6 e:\drone_parachute\build\core\core.a(exti.c.o)
                0x08000758                __irq_exti0
 .text.__irq_exti1
                0x0800075e        0x6 e:\drone_parachute\build\core\core.a(exti.c.o)
                0x0800075e                __irq_exti1
 .text.__irq_exti2
                0x08000764        0x6 e:\drone_parachute\build\core\core.a(exti.c.o)
                0x08000764                __irq_exti2
 .text.__irq_exti3
                0x0800076a        0x6 e:\drone_parachute\build\core\core.a(exti.c.o)
                0x0800076a                __irq_exti3
 .text.__irq_exti4
                0x08000770        0x6 e:\drone_parachute\build\core\core.a(exti.c.o)
                0x08000770                __irq_exti4
 .text.__irq_exti9_5
                0x08000776        0x8 e:\drone_parachute\build\core\core.a(exti.c.o)
                0x08000776                __irq_exti9_5
 .text.__irq_exti15_10
                0x0800077e        0x8 e:\drone_parachute\build\core\core.a(exti.c.o)
                0x0800077e                __irq_exti15_10
 *fill*         0x08000786        0x2 
 .text.flash_set_latency
                0x08000788       0x14 e:\drone_parachute\build\core\core.a(flash.c.o)
                0x08000788                flash_set_latency
 .text.gpio_init_all
                0x0800079c       0x30 e:\drone_parachute\build\core\core.a(gpio_f1.c.o)
                0x0800079c                gpio_init_all
 .text.gpio_set_mode
                0x080007cc       0x50 e:\drone_parachute\build\core\core.a(gpio_f1.c.o)
                0x080007cc                gpio_set_mode
 .text.afio_init
                0x0800081c       0x12 e:\drone_parachute\build\core\core.a(gpio_f1.c.o)
                0x0800081c                afio_init
 *fill*         0x0800082e        0x2 
 .text.__irq_i2c1_ev
                0x08000830        0xc e:\drone_parachute\build\core\core.a(i2c_f1.c.o)
                0x08000830                __irq_i2c1_ev
 .text.__irq_i2c2_ev
                0x0800083c        0xc e:\drone_parachute\build\core\core.a(i2c_f1.c.o)
                0x0800083c                __irq_i2c2_ev
 .text.__irq_i2c1_er
                0x08000848        0xc e:\drone_parachute\build\core\core.a(i2c_f1.c.o)
                0x08000848                __irq_i2c1_er
 .text.__irq_i2c2_er
                0x08000854        0xc e:\drone_parachute\build\core\core.a(i2c_f1.c.o)
                0x08000854                __irq_i2c2_er
 .text.nvic_irq_set_priority
                0x08000860       0x28 e:\drone_parachute\build\core\core.a(nvic.c.o)
                0x08000860                nvic_irq_set_priority
 .text.nvic_init
                0x08000888       0x30 e:\drone_parachute\build\core\core.a(nvic.c.o)
                0x08000888                nvic_init
 .text.rcc_dev_clk
                0x080008b8        0xc e:\drone_parachute\build\core\core.a(rcc.c.o)
                0x080008b8                rcc_dev_clk
 .text.rcc_switch_sysclk
                0x080008c4       0x20 e:\drone_parachute\build\core\core.a(rcc.c.o)
                0x080008c4                rcc_switch_sysclk
 .text.rcc_turn_on_clk
                0x080008e4       0x1a e:\drone_parachute\build\core\core.a(rcc.c.o)
                0x080008e4                rcc_turn_on_clk
 .text.rcc_turn_off_clk
                0x080008fe       0x1c e:\drone_parachute\build\core\core.a(rcc.c.o)
                0x080008fe                rcc_turn_off_clk
 .text.rcc_is_clk_ready
                0x0800091a       0x18 e:\drone_parachute\build\core\core.a(rcc.c.o)
                0x0800091a                rcc_is_clk_ready
 *fill*         0x08000932        0x2 
 .text.rcc_configure_pll
                0x08000934       0x18 e:\drone_parachute\build\core\core.a(rcc_f1.c.o)
                0x08000934                rcc_configure_pll
 .text.rcc_clk_enable
                0x0800094c       0x30 e:\drone_parachute\build\core\core.a(rcc_f1.c.o)
                0x0800094c                rcc_clk_enable
 .text.rcc_reset_dev
                0x0800097c       0x34 e:\drone_parachute\build\core\core.a(rcc_f1.c.o)
                0x0800097c                rcc_reset_dev
 .text.rcc_set_prescaler
                0x080009b0       0x20 e:\drone_parachute\build\core\core.a(rcc_f1.c.o)
                0x080009b0                rcc_set_prescaler
 .text.rcc_clk_disable
                0x080009d0       0x30 e:\drone_parachute\build\core\core.a(rcc_f1.c.o)
                0x080009d0                rcc_clk_disable
 .text          0x08000a00        0x2 e:\drone_parachute\build\core\core.a(isrs.S.o)
                0x08000a00                __stm32reservedexception9
                0x08000a00                __exc_debug_monitor
                0x08000a00                __exc_svc
                0x08000a00                __irq_can_rx1
                0x08000a00                __irq_spi2
                0x08000a00                __irq_can_sce
                0x08000a00                __irq_pvd
                0x08000a00                __irq_tamper
                0x08000a00                __default_handler
                0x08000a00                __irq_wwdg
                0x08000a00                __stm32reservedexception10
                0x08000a00                __irq_flash
                0x08000a00                __stm32reservedexception13
                0x08000a00                __irq_rtc
                0x08000a00                __irq_spi1
                0x08000a00                __stm32reservedexception7
                0x08000a00                __irq_usb_hp_can_tx
                0x08000a00                __irq_rtcalarm
                0x08000a00                __stm32reservedexception8
                0x08000a00                __exc_pendsv
                0x08000a00                __irq_usbwakeup
                0x08000a00                __irq_rcc
 *fill*         0x08000a02        0x2 
 .text.systick_init
                0x08000a04       0x10 e:\drone_parachute\build\core\core.a(systick.c.o)
                0x08000a04                systick_init
 .text.__exc_systick
                0x08000a14       0x1c e:\drone_parachute\build\core\core.a(systick.c.o)
                0x08000a14                __exc_systick
 .text.dispatch_general
                0x08000a30       0x66 e:\drone_parachute\build\core\core.a(timer.c.o)
 *fill*         0x08000a96        0x2 
 .text.timer_foreach
                0x08000a98       0x28 e:\drone_parachute\build\core\core.a(timer.c.o)
                0x08000a98                timer_foreach
 .text.timer_init
                0x08000ac0       0x14 e:\drone_parachute\build\core\core.a(timer.c.o)
                0x08000ac0                timer_init
 .text.timer_has_cc_channel
                0x08000ad4       0x30 e:\drone_parachute\build\core\core.a(timer.c.o)
                0x08000ad4                timer_has_cc_channel
 .text.__irq_tim1_brk
                0x08000b04       0x24 e:\drone_parachute\build\core\core.a(timer.c.o)
                0x08000b04                __irq_tim1_brk
 .text.__irq_tim1_up
                0x08000b28       0x24 e:\drone_parachute\build\core\core.a(timer.c.o)
                0x08000b28                __irq_tim1_up
 .text.__irq_tim1_trg_com
                0x08000b4c       0x34 e:\drone_parachute\build\core\core.a(timer.c.o)
                0x08000b4c                __irq_tim1_trg_com
 .text.__irq_tim1_cc
                0x08000b80       0x50 e:\drone_parachute\build\core\core.a(timer.c.o)
                0x08000b80                __irq_tim1_cc
 .text.__irq_tim2
                0x08000bd0        0xc e:\drone_parachute\build\core\core.a(timer.c.o)
                0x08000bd0                __irq_tim2
 .text.__irq_tim3
                0x08000bdc        0xc e:\drone_parachute\build\core\core.a(timer.c.o)
                0x08000bdc                __irq_tim3
 .text.__irq_tim4
                0x08000be8        0xc e:\drone_parachute\build\core\core.a(timer.c.o)
                0x08000be8                __irq_tim4
 .text.usart_tx
                0x08000bf4       0x9c e:\drone_parachute\build\core\core.a(usart.c.o)
                0x08000bf4                usart_tx
 .text.usart_irq
                0x08000c90       0xc8 e:\drone_parachute\build\core\core.a(usart_f1.c.o)
 .text.__irq_usart1
                0x08000d58       0x18 e:\drone_parachute\build\core\core.a(usart_f1.c.o)
                0x08000d58                __irq_usart1
 .text.__irq_usart2
                0x08000d70       0x18 e:\drone_parachute\build\core\core.a(usart_f1.c.o)
                0x08000d70                __irq_usart2
 .text.__irq_usart3
                0x08000d88       0x18 e:\drone_parachute\build\core\core.a(usart_f1.c.o)
                0x08000d88                __irq_usart3
 .text.usb_resume
                0x08000da0       0xb4 e:\drone_parachute\build\core\core.a(usb.c.o)
 .text.__irq_usb_lp_can_rx0
                0x08000e54      0x1c8 e:\drone_parachute\build\core\core.a(usb.c.o)
                0x08000e54                __irq_usb_lp_can_rx0
 .text.usb_set_ep_rx_stat
                0x0800101c       0x22 e:\drone_parachute\build\core\core.a(usb_cdcacm.c.o)
 *fill*         0x0800103e        0x2 
 .text.vcomGetSetLineCoding
                0x08001040       0x18 e:\drone_parachute\build\core\core.a(usb_cdcacm.c.o)
 .text.usbDataSetup
                0x08001058       0x54 e:\drone_parachute\build\core\core.a(usb_cdcacm.c.o)
 .text.usbNoDataSetup
                0x080010ac       0x50 e:\drone_parachute\build\core\core.a(usb_cdcacm.c.o)
 .text.usbGetInterfaceSetting
                0x080010fc       0x10 e:\drone_parachute\build\core\core.a(usb_cdcacm.c.o)
 .text.usbGetStringDescriptor
                0x0800110c       0x20 e:\drone_parachute\build\core\core.a(usb_cdcacm.c.o)
 .text.usbGetConfigDescriptor
                0x0800112c        0xc e:\drone_parachute\build\core\core.a(usb_cdcacm.c.o)
 .text.usbGetDeviceDescriptor
                0x08001138        0xc e:\drone_parachute\build\core\core.a(usb_cdcacm.c.o)
 .text.usbInit  0x08001144       0x44 e:\drone_parachute\build\core\core.a(usb_cdcacm.c.o)
 .text.usbReset
                0x08001188      0x160 e:\drone_parachute\build\core\core.a(usb_cdcacm.c.o)
 .text.usb_set_ep_rx_count
                0x080012e8       0x4c e:\drone_parachute\build\core\core.a(usb_reg_map.c.o)
                0x080012e8                usb_set_ep_rx_count
 .text.Standard_GetConfiguration
                0x08001334       0x24 e:\drone_parachute\build\core\core.a(usb_core.c.o)
                0x08001334                Standard_GetConfiguration
 .text.Standard_GetInterface
                0x08001358       0x24 e:\drone_parachute\build\core\core.a(usb_core.c.o)
                0x08001358                Standard_GetInterface
 .text.Standard_GetStatus
                0x0800137c       0x90 e:\drone_parachute\build\core\core.a(usb_core.c.o)
                0x0800137c                Standard_GetStatus
 .text.DataStageIn
                0x0800140c       0xa8 e:\drone_parachute\build\core\core.a(usb_core.c.o)
 .text.Standard_SetConfiguration
                0x080014b4       0x38 e:\drone_parachute\build\core\core.a(usb_core.c.o)
                0x080014b4                Standard_SetConfiguration
 .text.Standard_SetInterface
                0x080014ec       0x48 e:\drone_parachute\build\core\core.a(usb_core.c.o)
                0x080014ec                Standard_SetInterface
 .text.Standard_ClearFeature
                0x08001534       0xd0 e:\drone_parachute\build\core\core.a(usb_core.c.o)
                0x08001534                Standard_ClearFeature
 .text.Standard_SetEndPointFeature
                0x08001604       0x84 e:\drone_parachute\build\core\core.a(usb_core.c.o)
                0x08001604                Standard_SetEndPointFeature
 .text.Standard_SetDeviceFeature
                0x08001688       0x24 e:\drone_parachute\build\core\core.a(usb_core.c.o)
                0x08001688                Standard_SetDeviceFeature
 .text.Standard_GetDescriptorData
                0x080016ac       0x1c e:\drone_parachute\build\core\core.a(usb_core.c.o)
                0x080016ac                Standard_GetDescriptorData
 .text.Post0_Process
                0x080016c8       0x40 e:\drone_parachute\build\core\core.a(usb_core.c.o)
                0x080016c8                Post0_Process
 .text.Setup0_Process
                0x08001708      0x2d0 e:\drone_parachute\build\core\core.a(usb_core.c.o)
                0x08001708                Setup0_Process
 .text.Out0_Process
                0x080019d8       0xc8 e:\drone_parachute\build\core\core.a(usb_core.c.o)
                0x080019d8                Out0_Process
 .text.SetDeviceAddress
                0x08001aa0       0x38 e:\drone_parachute\build\core\core.a(usb_core.c.o)
                0x08001aa0                SetDeviceAddress
 .text.In0_Process
                0x08001ad8       0x5c e:\drone_parachute\build\core\core.a(usb_core.c.o)
                0x08001ad8                In0_Process
 .text.NOP_Process
                0x08001b34        0x2 e:\drone_parachute\build\core\core.a(usb_core.c.o)
                0x08001b34                NOP_Process
 .text.UserToPMABufferCopy
                0x08001b36       0x30 e:\drone_parachute\build\core\core.a(usb_mem.c.o)
                0x08001b36                UserToPMABufferCopy
 .text.PMAToUserBufferCopy
                0x08001b66       0x32 e:\drone_parachute\build\core\core.a(usb_mem.c.o)
                0x08001b66                PMAToUserBufferCopy
 .text.SetEPTxStatus
                0x08001b98       0x2a e:\drone_parachute\build\core\core.a(usb_regs.c.o)
                0x08001b98                SetEPTxStatus
 .text.ClearDTOG_RX
                0x08001bc2       0x20 e:\drone_parachute\build\core\core.a(usb_regs.c.o)
                0x08001bc2                ClearDTOG_RX
 .text.ClearDTOG_TX
                0x08001be2       0x20 e:\drone_parachute\build\core\core.a(usb_regs.c.o)
                0x08001be2                ClearDTOG_TX
 *fill*         0x08001c02        0x2 
 .text.GetEPTxAddr
                0x08001c04       0x1c e:\drone_parachute\build\core\core.a(usb_regs.c.o)
                0x08001c04                GetEPTxAddr
 .text.GetEPRxAddr
                0x08001c20       0x1c e:\drone_parachute\build\core\core.a(usb_regs.c.o)
                0x08001c20                GetEPRxAddr
 .text.SetEPTxCount
                0x08001c3c       0x1c e:\drone_parachute\build\core\core.a(usb_regs.c.o)
                0x08001c3c                SetEPTxCount
 .text.SetEPRxCount
                0x08001c58       0x40 e:\drone_parachute\build\core\core.a(usb_regs.c.o)
                0x08001c58                SetEPRxCount
 .text.throb    0x08001c98       0x4c e:\drone_parachute\build\core\core.a(util.c.o)
                0x08001c98                throb
 .text.__error  0x08001ce4       0x14 e:\drone_parachute\build\core\core.a(util.c.o)
                0x08001ce4                __error
 .text.startup._Z7premainv
                0x08001cf8        0x4 e:\drone_parachute\build\core\core.a(main.cpp.o)
                0x08001cf8                premain()
 .text.startup.main
                0x08001cfc        0xc e:\drone_parachute\build\core\core.a(main.cpp.o)
                0x08001cfc                main
 .text.gpio_init
                0x08001d08       0x14 e:\drone_parachute\build\core\core.a(gpio.c.o)
                0x08001d08                gpio_init
 .text.i2c_disable_irq
                0x08001d1c        0xc e:\drone_parachute\build\core\core.a(i2c.c.o)
 .text._i2c_irq_handler
                0x08001d28      0x3d8 e:\drone_parachute\build\core\core.a(i2c.c.o)
                0x08001d28                _i2c_irq_handler
 .text._i2c_irq_error_handler
                0x08002100       0x84 e:\drone_parachute\build\core\core.a(i2c.c.o)
                0x08002100                _i2c_irq_error_handler
 .text.__libc_init_array
                0x08002184       0x50 c:/users/param/appdata/local/arduino15/packages/arduino/tools/arm-none-eabi-gcc/4.8.3-2014q1/bin/../lib/gcc/arm-none-eabi/4.8.3/../../../../arm-none-eabi/lib/armv7-m\libc.a(lib_a-init.o)
                0x08002184                __libc_init_array
 .text.strlen   0x080021d4       0x60 c:/users/param/appdata/local/arduino15/packages/arduino/tools/arm-none-eabi-gcc/4.8.3-2014q1/bin/../lib/gcc/arm-none-eabi/4.8.3/../../../../arm-none-eabi/lib/armv7-m\libc.a(lib_a-strlen.o)
                0x080021d4                strlen
 .text.startup.register_fini
                0x08002234       0x14 c:/users/param/appdata/local/arduino15/packages/arduino/tools/arm-none-eabi-gcc/4.8.3-2014q1/bin/../lib/gcc/arm-none-eabi/4.8.3/../../../../arm-none-eabi/lib/armv7-m\libc.a(lib_a-__call_atexit.o)
 .text.atexit   0x08002248        0xc c:/users/param/appdata/local/arduino15/packages/arduino/tools/arm-none-eabi-gcc/4.8.3-2014q1/bin/../lib/gcc/arm-none-eabi/4.8.3/../../../../arm-none-eabi/lib/armv7-m\libc.a(lib_a-atexit.o)
                0x08002248                atexit
 .text.__libc_fini_array
                0x08002254       0x30 c:/users/param/appdata/local/arduino15/packages/arduino/tools/arm-none-eabi-gcc/4.8.3-2014q1/bin/../lib/gcc/arm-none-eabi/4.8.3/../../../../arm-none-eabi/lib/armv7-m\libc.a(lib_a-fini.o)
                0x08002254                __libc_fini_array
 .text.__register_exitproc
                0x08002284       0xa8 c:/users/param/appdata/local/arduino15/packages/arduino/tools/arm-none-eabi-gcc/4.8.3-2014q1/bin/../lib/gcc/arm-none-eabi/4.8.3/../../../../arm-none-eabi/lib/armv7-m\libc.a(lib_a-__atexit.o)
                0x08002284                __register_exitproc
 *(.plt)
 *(.gnu.warning)
 *(.glue_7t)
 .glue_7t       0x00000000        0x0 linker stubs
 *(.glue_7)
 .glue_7        0x00000000        0x0 linker stubs
 *(.vfp11_veneer)
 .vfp11_veneer  0x00000000        0x0 linker stubs
 *(.ARM.extab* .gnu.linkonce.armextab.*)
 *(.gcc_except_table)
 *(.eh_frame_hdr)
 *(.eh_frame)
 .eh_frame      0x0800232c        0x0 c:/users/param/appdata/local/arduino15/packages/arduino/tools/arm-none-eabi-gcc/4.8.3-2014q1/bin/../lib/gcc/arm-none-eabi/4.8.3/armv7-m/crtbegin.o
                0x0800232c                . = ALIGN (0x4)
 *(.init)
 .init          0x0800232c        0x4 c:/users/param/appdata/local/arduino15/packages/arduino/tools/arm-none-eabi-gcc/4.8.3-2014q1/bin/../lib/gcc/arm-none-eabi/4.8.3/armv7-m/crti.o
                0x0800232c                _init
 .init          0x08002330        0x8 c:/users/param/appdata/local/arduino15/packages/arduino/tools/arm-none-eabi-gcc/4.8.3-2014q1/bin/../lib/gcc/arm-none-eabi/4.8.3/armv7-m/crtn.o
                0x08002338                . = ALIGN (0x4)
                0x08002338                __preinit_array_start = .
 *(.preinit_array)
                0x08002338                __preinit_array_end = .
                0x08002338                . = ALIGN (0x4)
                0x08002338                __init_array_start = .
 *(SORT(.init_array.*))
 .init_array.00000
                0x08002338        0x4 c:/users/param/appdata/local/arduino15/packages/arduino/tools/arm-none-eabi-gcc/4.8.3-2014q1/bin/../lib/gcc/arm-none-eabi/4.8.3/../../../../arm-none-eabi/lib/armv7-m\libc.a(lib_a-__call_atexit.o)
 .init_array.00101
                0x0800233c        0x4 e:\drone_parachute\build\core\core.a(main.cpp.o)
 *(.init_array)
 .init_array    0x08002340        0x4 c:/users/param/appdata/local/arduino15/packages/arduino/tools/arm-none-eabi-gcc/4.8.3-2014q1/bin/../lib/gcc/arm-none-eabi/4.8.3/armv7-m/crtbegin.o
 .init_array    0x08002344        0x4 e:\drone_parachute\build\core\board.cpp.o
                0x08002348                __init_array_end = .
                0x08002348                . = ALIGN (0x4)
 *crtbegin.o(.ctors)
 *(EXCLUDE_FILE(*crtend.o) .ctors)
 *(SORT(.ctors.*))
 *crtend.o(.ctors)
                0x08002348                . = ALIGN (0x4)
 *(.fini)
 .fini          0x08002348        0x4 c:/users/param/appdata/local/arduino15/packages/arduino/tools/arm-none-eabi-gcc/4.8.3-2014q1/bin/../lib/gcc/arm-none-eabi/4.8.3/armv7-m/crti.o
                0x08002348                _fini
 .fini          0x0800234c        0x8 c:/users/param/appdata/local/arduino15/packages/arduino/tools/arm-none-eabi-gcc/4.8.3-2014q1/bin/../lib/gcc/arm-none-eabi/4.8.3/armv7-m/crtn.o
                0x08002354                . = ALIGN (0x4)
                0x08002354                __fini_array_start = .
 *(.fini_array)
 .fini_array    0x08002354        0x4 c:/users/param/appdata/local/arduino15/packages/arduino/tools/arm-none-eabi-gcc/4.8.3-2014q1/bin/../lib/gcc/arm-none-eabi/4.8.3/armv7-m/crtbegin.o
 *(SORT(.fini_array.*))
                0x08002358                __fini_array_end = .
 *crtbegin.o(.dtors)
 *(EXCLUDE_FILE(*crtend.o) .dtors)
 *(SORT(.dtors.*))
 *crtend.o(.dtors)

.v4_bx          0x08002358        0x0
 .v4_bx         0x00000000        0x0 linker stubs

.iplt           0x08002358        0x0
 .iplt          0x00000000        0x0 c:/users/param/appdata/local/arduino15/packages/arduino/tools/arm-none-eabi-gcc/4.8.3-2014q1/bin/../lib/gcc/arm-none-eabi/4.8.3/armv7-m/crtbegin.o

.text.align     0x08002358        0x0
                0x08002358                . = ALIGN (0x8)
                0x08002358                __text_end__ = .
                0x08002358                __exidx_start = .

.ARM.exidx      0x08002358        0x8
 *(.ARM.exidx* .gnu.linkonce.armexidx.*)
 .ARM.exidx     0x08002358        0x8 e:\drone_parachute\build\core\wirish\start.S.o
                0x08002360                __exidx_end = .

.data           0x20000000      0x830 load address 0x08002360
                0x20000000                __data_start__ = .
                0x20000000        0x4 LONG 0x0
                0x20000008                . = ALIGN (0x8)
 *fill*         0x20000004        0x4 
 *(.got.plt)
 *(.got)
 *(.data .data.* .gnu.linkonce.d.*)
 .data._ZN6wirish4privL8pll_dataE
                0x20000008        0x4 e:\drone_parachute\build\core\wirish\boards_setup.cpp.o
 .data._ZN6wirish4priv9w_adc_smpE
                0x2000000c        0x1 e:\drone_parachute\build\core\wirish\boards_setup.cpp.o
                0x2000000c                wirish::priv::w_adc_smp
 *fill*         0x2000000d        0x1 
 .data._ZN6wirish4priv9w_adc_preE
                0x2000000e        0x2 e:\drone_parachute\build\core\wirish\boards_setup.cpp.o
                0x2000000e                wirish::priv::w_adc_pre
 .data._ZN6wirish4priv15w_board_pll_cfgE
                0x20000010        0x8 e:\drone_parachute\build\core\wirish\boards_setup.cpp.o
                0x20000010                wirish::priv::w_board_pll_cfg
 .data.adc2     0x20000018        0x8 e:\drone_parachute\build\core\core.a(adc_f1.c.o)
                0x20000018                adc2
 .data.adc1     0x20000020       0x18 e:\drone_parachute\build\core\core.a(adc_f1.c.o)
                0x20000020                adc1
 .data.ADC2     0x20000038        0x4 e:\drone_parachute\build\core\core.a(adc_f1.c.o)
                0x20000038                ADC2
 .data.ADC1     0x2000003c        0x4 e:\drone_parachute\build\core\core.a(adc_f1.c.o)
                0x2000003c                ADC1
 .data.dma1     0x20000040       0x40 e:\drone_parachute\build\core\core.a(dma_f1.c.o)
 .data.DMA1     0x20000080        0x4 e:\drone_parachute\build\core\core.a(dma_f1.c.o)
                0x20000080                DMA1
 .data.gpioa    0x20000084        0x8 e:\drone_parachute\build\core\core.a(gpio_f1.c.o)
                0x20000084                gpioa
 .data.gpiob    0x2000008c        0x8 e:\drone_parachute\build\core\core.a(gpio_f1.c.o)
                0x2000008c                gpiob
 .data.gpioc    0x20000094        0x8 e:\drone_parachute\build\core\core.a(gpio_f1.c.o)
                0x20000094                gpioc
 .data.gpiod    0x2000009c        0x8 e:\drone_parachute\build\core\core.a(gpio_f1.c.o)
                0x2000009c                gpiod
 .data.i2c1     0x200000a4       0x38 e:\drone_parachute\build\core\core.a(i2c_f1.c.o)
 .data.i2c2     0x200000dc       0x38 e:\drone_parachute\build\core\core.a(i2c_f1.c.o)
 .data.enable_regs.4411
                0x20000114        0xc e:\drone_parachute\build\core\core.a(rcc_f1.c.o)
 .data.reset_regs.4415
                0x20000120        0x8 e:\drone_parachute\build\core\core.a(rcc_f1.c.o)
 .data.enable_regs.4424
                0x20000128        0xc e:\drone_parachute\build\core\core.a(rcc_f1.c.o)
 .data.timer3   0x20000134       0x24 e:\drone_parachute\build\core\core.a(timer.c.o)
                0x20000134                timer3
 .data.timer4   0x20000158       0x24 e:\drone_parachute\build\core\core.a(timer.c.o)
                0x20000158                timer4
 .data.timer1   0x2000017c       0x28 e:\drone_parachute\build\core\core.a(timer.c.o)
                0x2000017c                timer1
 .data.timer2   0x200001a4       0x24 e:\drone_parachute\build\core\core.a(timer.c.o)
                0x200001a4                timer2
 .data.USART1   0x200001c8        0x4 e:\drone_parachute\build\core\core.a(usart_f1.c.o)
                0x200001c8                USART1
 .data.USART2   0x200001cc        0x4 e:\drone_parachute\build\core\core.a(usart_f1.c.o)
                0x200001cc                USART2
 .data.USART3   0x200001d0        0x4 e:\drone_parachute\build\core\core.a(usart_f1.c.o)
                0x200001d0                USART3
 .data.usart1   0x200001d4       0x94 e:\drone_parachute\build\core\core.a(usart_f1.c.o)
 .data.usart2   0x20000268       0x94 e:\drone_parachute\build\core\core.a(usart_f1.c.o)
 .data.usart3   0x200002fc       0x94 e:\drone_parachute\build\core\core.a(usart_f1.c.o)
 .data.USBLIB   0x20000390        0x4 e:\drone_parachute\build\core\core.a(usb.c.o)
                0x20000390                USBLIB
 .data.usblib   0x20000394       0x10 e:\drone_parachute\build\core\core.a(usb.c.o)
 .data.Config_Descriptor
                0x200003a4        0x8 e:\drone_parachute\build\core\core.a(usb_cdcacm.c.o)
 .data.Device_Property
                0x200003ac       0x30 e:\drone_parachute\build\core\core.a(usb_cdcacm.c.o)
                0x200003ac                Device_Property
 .data.String_Descriptor
                0x200003dc       0x18 e:\drone_parachute\build\core\core.a(usb_cdcacm.c.o)
 .data.line_coding
                0x200003f4        0x7 e:\drone_parachute\build\core\core.a(usb_cdcacm.c.o)
 *fill*         0x200003fb        0x1 
 .data.Device_Descriptor
                0x200003fc        0x8 e:\drone_parachute\build\core\core.a(usb_cdcacm.c.o)
 .data.Device_Table
                0x20000404        0x2 e:\drone_parachute\build\core\core.a(usb_cdcacm.c.o)
                0x20000404                Device_Table
 *fill*         0x20000406        0x2 
 .data.impure_data
                0x20000408      0x428 c:/users/param/appdata/local/arduino15/packages/arduino/tools/arm-none-eabi-gcc/4.8.3-2014q1/bin/../lib/gcc/arm-none-eabi/4.8.3/../../../../arm-none-eabi/lib/armv7-m\libc.a(lib_a-impure.o)
                0x20000830                . = ALIGN (0x8)
                0x20000830                __data_end__ = .

.jcr            0x20000830        0x0 load address 0x08002b90
 .jcr           0x20000830        0x0 c:/users/param/appdata/local/arduino15/packages/arduino/tools/arm-none-eabi-gcc/4.8.3-2014q1/bin/../lib/gcc/arm-none-eabi/4.8.3/armv7-m/crtbegin.o

.igot.plt       0x20000830        0x0 load address 0x08002b90
 .igot.plt      0x00000000        0x0 c:/users/param/appdata/local/arduino15/packages/arduino/tools/arm-none-eabi-gcc/4.8.3-2014q1/bin/../lib/gcc/arm-none-eabi/4.8.3/armv7-m/crtbegin.o

.rodata         0x08002b90      0x120
 *(.rodata .rodata.* .gnu.linkonce.r.*)
 .rodata._ZTV14HardwareSerial
                0x08002b90       0x28 e:\drone_parachute\build\core\core.a(HardwareSerial.cpp.o)
                0x08002b90                vtable for HardwareSerial
 .rodata.GPIOC  0x08002bb8        0x4 e:\drone_parachute\build\core\core.a(gpio_f1.c.o)
                0x08002bb8                GPIOC
 .rodata.rcc_dev_table
                0x08002bbc       0x5c e:\drone_parachute\build\core\core.a(rcc_f1.c.o)
                0x08002bbc                rcc_dev_table
 .rodata.masks.4420
                0x08002c18       0x14 e:\drone_parachute\build\core\core.a(rcc_f1.c.o)
 .rodata.usbVcomDescriptor_iProduct
                0x08002c2c        0xc e:\drone_parachute\build\core\core.a(usb_cdcacm.c.o)
 .rodata.usbVcomDescriptor_iManufacturer
                0x08002c38       0x12 e:\drone_parachute\build\core\core.a(usb_cdcacm.c.o)
 .rodata.usbVcomDescriptor_Device
                0x08002c4a       0x12 e:\drone_parachute\build\core\core.a(usb_cdcacm.c.o)
 .rodata.usbVcomDescriptor_Config
                0x08002c5c       0x43 e:\drone_parachute\build\core\core.a(usb_cdcacm.c.o)
 .rodata.usbVcomDescriptor_LangID
                0x08002c9f        0x4 e:\drone_parachute\build\core\core.a(usb_cdcacm.c.o)
 *fill*         0x08002ca3        0x1 
 .rodata.str1.4
                0x08002ca4        0x4 c:/users/param/appdata/local/arduino15/packages/arduino/tools/arm-none-eabi-gcc/4.8.3-2014q1/bin/../lib/gcc/arm-none-eabi/4.8.3/../../../../arm-none-eabi/lib/armv7-m\libc.a(lib_a-impure.o)
 .rodata._global_impure_ptr
                0x08002ca8        0x4 c:/users/param/appdata/local/arduino15/packages/arduino/tools/arm-none-eabi-gcc/4.8.3-2014q1/bin/../lib/gcc/arm-none-eabi/4.8.3/../../../../arm-none-eabi/lib/armv7-m\libc.a(lib_a-impure.o)
                0x08002ca8                _global_impure_ptr
 *(.USER_FLASH)
                0x08002cac                . = ALIGN (0x4)
                0x08002cac                _lm_rom_img_cfgp = .
                0x08002cac        0x4 LONG 0x8002360 LOADADDR (.data)
                0x200009c0                _lm_heap_start = DEFINED (_lm_heap_start)?_lm_heap_start:_end
                0x20005000                _lm_heap_end = DEFINED (_lm_heap_end)?_lm_heap_end:__msp_init

.rel.dyn        0x08002cb0        0x0
 .rel.iplt      0x00000000        0x0 c:/users/param/appdata/local/arduino15/packages/arduino/tools/arm-none-eabi-gcc/4.8.3-2014q1/bin/../lib/gcc/arm-none-eabi/4.8.3/armv7-m/crtbegin.o

.bss            0x20000830      0x190
                0x20000830                . = ALIGN (0x8)
                0x20000830                __bss_start__ = .
 *(.bss .bss.* .gnu.linkonce.b.*)
 .bss           0x20000830       0x1c c:/users/param/appdata/local/arduino15/packages/arduino/tools/arm-none-eabi-gcc/4.8.3-2014q1/bin/../lib/gcc/arm-none-eabi/4.8.3/armv7-m/crtbegin.o
 .bss.Serial1   0x2000084c       0x18 e:\drone_parachute\build\core\board.cpp.o
                0x2000084c                Serial1
 .bss.Serial2   0x20000864       0x18 e:\drone_parachute\build\core\board.cpp.o
                0x20000864                Serial2
 .bss.Serial3   0x2000087c       0x18 e:\drone_parachute\build\core\board.cpp.o
                0x2000087c                Serial3
 .bss.exti_channels
                0x20000894       0x80 e:\drone_parachute\build\core\core.a(exti.c.o)
                0x20000894                exti_channels
 .bss.systick_user_callback
                0x20000914        0x4 e:\drone_parachute\build\core\core.a(systick.c.o)
 .bss.usart1_wb
                0x20000918        0xc e:\drone_parachute\build\core\core.a(usart_f1.c.o)
 .bss.usart1_rb
                0x20000924        0xc e:\drone_parachute\build\core\core.a(usart_f1.c.o)
 .bss.usart2_rb
                0x20000930        0xc e:\drone_parachute\build\core\core.a(usart_f1.c.o)
 .bss.usart3_rb
                0x2000093c        0xc e:\drone_parachute\build\core\core.a(usart_f1.c.o)
 .bss.usart2_wb
                0x20000948        0xc e:\drone_parachute\build\core\core.a(usart_f1.c.o)
 .bss.usart3_wb
                0x20000954        0xc e:\drone_parachute\build\core\core.a(usart_f1.c.o)
 .bss.line_dtr_rts
                0x20000960        0x1 e:\drone_parachute\build\core\core.a(usb_cdcacm.c.o)
 *fill*         0x20000961        0x3 
 .bss.tx_head   0x20000964        0x4 e:\drone_parachute\build\core\core.a(usb_cdcacm.c.o)
 .bss.transmitting
                0x20000968        0x1 e:\drone_parachute\build\core\core.a(usb_cdcacm.c.o)
 *fill*         0x20000969        0x3 
 .bss.rx_tail   0x2000096c        0x4 e:\drone_parachute\build\core\core.a(usb_cdcacm.c.o)
 .bss.iface_setup_hook
                0x20000970        0x4 e:\drone_parachute\build\core\core.a(usb_cdcacm.c.o)
 .bss.rx_head   0x20000974        0x4 e:\drone_parachute\build\core\core.a(usb_cdcacm.c.o)
 .bss.tx_tail   0x20000978        0x4 e:\drone_parachute\build\core\core.a(usb_cdcacm.c.o)
 .bss.Data_Mul_MaxPacketSize
                0x2000097c        0x1 e:\drone_parachute\build\core\core.a(usb_core.c.o)
                0x2000097c                Data_Mul_MaxPacketSize
 *(COMMON)
 *fill*         0x2000097d        0x3 
 COMMON         0x20000980        0x4 e:\drone_parachute\build\core\core.a(systick.c.o)
                0x20000980                systick_uptime_millis
 COMMON         0x20000984        0x6 e:\drone_parachute\build\core\core.a(usb.c.o)
                0x20000984                SaveRState
                0x20000986                SaveTState
                0x20000988                ResumeS
 COMMON         0x2000098a        0x2 e:\drone_parachute\build\core\core.a(usb_core.c.o)
                0x2000098a                StatusInfo
 COMMON         0x2000098c       0x32 e:\drone_parachute\build\core\core.a(usb_init.c.o)
                0x2000098c                SaveState
                0x20000990                pProperty
                0x20000994                EPindex
                0x20000998                Device_Info
                0x200009b4                pUser_Standard_Requests
                0x200009b8                pInformation
                0x200009bc                wInterrupt_Mask
                0x200009c0                . = ALIGN (0x8)
 *fill*         0x200009be        0x2 
                0x200009c0                __bss_end__ = .
                0x200009c0                _end = __bss_end__

.stab
 *(.stab)

.stabstr
 *(.stabstr)

.debug
 *(.debug)

.line
 *(.line)

.debug_srcinfo
 *(.debug_srcinfo)

.debug_sfnames
 *(.debug_sfnames)

.debug_aranges  0x00000000      0xe18
 *(.debug_aranges)
 .debug_aranges
                0x00000000       0x28 e:\drone_parachute\build\sketch\main.ino.cpp.o
 .debug_aranges
                0x00000028       0x28 e:\drone_parachute\build\core\board.cpp.o
 .debug_aranges
                0x00000050       0x40 e:\drone_parachute\build\core\wirish\boards.cpp.o
 .debug_aranges
                0x00000090       0x40 e:\drone_parachute\build\core\wirish\boards_setup.cpp.o
 .debug_aranges
                0x000000d0       0x20 e:\drone_parachute\build\core\wirish\start.S.o
 .debug_aranges
                0x000000f0       0x20 e:\drone_parachute\build\core\wirish\start_c.c.o
 .debug_aranges
                0x00000110       0x88 e:\drone_parachute\build\core\wirish\syscalls.c.o
 .debug_aranges
                0x00000198       0x70 e:\drone_parachute\build\core\core.a(HardwareSerial.cpp.o)
 .debug_aranges
                0x00000208      0x110 e:\drone_parachute\build\core\core.a(Print.cpp.o)
 .debug_aranges
                0x00000318       0x28 e:\drone_parachute\build\core\core.a(cxxabi-compat.cpp.o)
 .debug_aranges
                0x00000340       0x38 e:\drone_parachute\build\core\core.a(adc.c.o)
 .debug_aranges
                0x00000378       0x58 e:\drone_parachute\build\core\core.a(adc_f1.c.o)
 .debug_aranges
                0x000003d0       0xb0 e:\drone_parachute\build\core\core.a(dma_f1.c.o)
 .debug_aranges
                0x00000480       0x20 e:\drone_parachute\build\core\core.a(exc.S.o)
 .debug_aranges
                0x000004a0       0x80 e:\drone_parachute\build\core\core.a(exti.c.o)
 .debug_aranges
                0x00000520       0x20 e:\drone_parachute\build\core\core.a(exti_f1.c.o)
 .debug_aranges
                0x00000540       0x20 e:\drone_parachute\build\core\core.a(flash.c.o)
 .debug_aranges
                0x00000560       0x40 e:\drone_parachute\build\core\core.a(gpio_f1.c.o)
 .debug_aranges
                0x000005a0       0x50 e:\drone_parachute\build\core\core.a(i2c_f1.c.o)
 .debug_aranges
                0x000005f0       0x38 e:\drone_parachute\build\core\core.a(nvic.c.o)
 .debug_aranges
                0x00000628       0x48 e:\drone_parachute\build\core\core.a(rcc.c.o)
 .debug_aranges
                0x00000670       0x48 e:\drone_parachute\build\core\core.a(rcc_f1.c.o)
 .debug_aranges
                0x000006b8       0x20 e:\drone_parachute\build\core\core.a(isrs.S.o)
 .debug_aranges
                0x000006d8       0x40 e:\drone_parachute\build\core\core.a(systick.c.o)
 .debug_aranges
                0x00000718       0xb0 e:\drone_parachute\build\core\core.a(timer.c.o)
 .debug_aranges
                0x000007c8       0x48 e:\drone_parachute\build\core\core.a(usart.c.o)
 .debug_aranges
                0x00000810       0x50 e:\drone_parachute\build\core\core.a(usart_f1.c.o)
 .debug_aranges
                0x00000860       0x20 e:\drone_parachute\build\core\core.a(usart_private.c.o)
 .debug_aranges
                0x00000880       0x38 e:\drone_parachute\build\core\core.a(usb.c.o)
 .debug_aranges
                0x000008b8      0x128 e:\drone_parachute\build\core\core.a(usb_cdcacm.c.o)
 .debug_aranges
                0x000009e0       0x20 e:\drone_parachute\build\core\core.a(usb_reg_map.c.o)
 .debug_aranges
                0x00000a00       0x98 e:\drone_parachute\build\core\core.a(usb_core.c.o)
 .debug_aranges
                0x00000a98       0x20 e:\drone_parachute\build\core\core.a(usb_init.c.o)
 .debug_aranges
                0x00000ab8       0x28 e:\drone_parachute\build\core\core.a(usb_mem.c.o)
 .debug_aranges
                0x00000ae0      0x1f0 e:\drone_parachute\build\core\core.a(usb_regs.c.o)
 .debug_aranges
                0x00000cd0       0x50 e:\drone_parachute\build\core\core.a(util.c.o)
 .debug_aranges
                0x00000d20       0x28 e:\drone_parachute\build\core\core.a(main.cpp.o)
 .debug_aranges
                0x00000d48       0x28 e:\drone_parachute\build\core\core.a(dma.c.o)
 .debug_aranges
                0x00000d70       0x20 e:\drone_parachute\build\core\core.a(gpio.c.o)
 .debug_aranges
                0x00000d90       0x88 e:\drone_parachute\build\core\core.a(i2c.c.o)

.debug_pubnames
 *(.debug_pubnames)

.debug_info     0x00000000    0x1ac37
 *(.debug_info .gnu.linkonce.wi.*)
 .debug_info    0x00000000      0x14c e:\drone_parachute\build\sketch\main.ino.cpp.o
 .debug_info    0x0000014c      0xf2e e:\drone_parachute\build\core\board.cpp.o
 .debug_info    0x0000107a     0x142d e:\drone_parachute\build\core\wirish\boards.cpp.o
 .debug_info    0x000024a7      0x665 e:\drone_parachute\build\core\wirish\boards_setup.cpp.o
 .debug_info    0x00002b0c       0xf8 e:\drone_parachute\build\core\wirish\start.S.o
 .debug_info    0x00002c04      0x14d e:\drone_parachute\build\core\wirish\start_c.c.o
 .debug_info    0x00002d51      0x5cd e:\drone_parachute\build\core\wirish\syscalls.c.o
 .debug_info    0x0000331e     0x29ea e:\drone_parachute\build\core\core.a(HardwareSerial.cpp.o)
 .debug_info    0x00005d08     0x258c e:\drone_parachute\build\core\core.a(Print.cpp.o)
 .debug_info    0x00008294      0x526 e:\drone_parachute\build\core\core.a(cxxabi-compat.cpp.o)
 .debug_info    0x000087ba      0x79a e:\drone_parachute\build\core\core.a(adc.c.o)
 .debug_info    0x00008f54      0xe4a e:\drone_parachute\build\core\core.a(adc_f1.c.o)
 .debug_info    0x00009d9e     0x183f e:\drone_parachute\build\core\core.a(dma_f1.c.o)
 .debug_info    0x0000b5dd       0xe8 e:\drone_parachute\build\core\core.a(exc.S.o)
 .debug_info    0x0000b6c5      0xd3c e:\drone_parachute\build\core\core.a(exti.c.o)
 .debug_info    0x0000c401      0x213 e:\drone_parachute\build\core\core.a(exti_f1.c.o)
 .debug_info    0x0000c614      0x128 e:\drone_parachute\build\core\core.a(flash.c.o)
 .debug_info    0x0000c73c      0x6d6 e:\drone_parachute\build\core\core.a(gpio_f1.c.o)
 .debug_info    0x0000ce12      0xc25 e:\drone_parachute\build\core\core.a(i2c_f1.c.o)
 .debug_info    0x0000da37      0x5a2 e:\drone_parachute\build\core\core.a(nvic.c.o)
 .debug_info    0x0000dfd9      0x556 e:\drone_parachute\build\core\core.a(rcc.c.o)
 .debug_info    0x0000e52f      0xb64 e:\drone_parachute\build\core\core.a(rcc_f1.c.o)
 .debug_info    0x0000f093       0xfd e:\drone_parachute\build\core\core.a(isrs.S.o)
 .debug_info    0x0000f190      0x182 e:\drone_parachute\build\core\core.a(systick.c.o)
 .debug_info    0x0000f312     0x197d e:\drone_parachute\build\core\core.a(timer.c.o)
 .debug_info    0x00010c8f      0xc32 e:\drone_parachute\build\core\core.a(usart.c.o)
 .debug_info    0x000118c1      0xb89 e:\drone_parachute\build\core\core.a(usart_f1.c.o)
 .debug_info    0x0001244a      0x595 e:\drone_parachute\build\core\core.a(usart_private.c.o)
 .debug_info    0x000129df      0xd16 e:\drone_parachute\build\core\core.a(usb.c.o)
 .debug_info    0x000136f5     0x22d2 e:\drone_parachute\build\core\core.a(usb_cdcacm.c.o)
 .debug_info    0x000159c7      0x26c e:\drone_parachute\build\core\core.a(usb_reg_map.c.o)
 .debug_info    0x00015c33      0xddf e:\drone_parachute\build\core\core.a(usb_core.c.o)
 .debug_info    0x00016a12      0x3ed e:\drone_parachute\build\core\core.a(usb_init.c.o)
 .debug_info    0x00016dff      0x183 e:\drone_parachute\build\core\core.a(usb_mem.c.o)
 .debug_info    0x00016f82      0xc88 e:\drone_parachute\build\core\core.a(usb_regs.c.o)
 .debug_info    0x00017c0a      0xad2 e:\drone_parachute\build\core\core.a(util.c.o)
 .debug_info    0x000186dc       0x99 e:\drone_parachute\build\core\core.a(main.cpp.o)
 .debug_info    0x00018775      0x6f7 e:\drone_parachute\build\core\core.a(dma.c.o)
 .debug_info    0x00018e6c      0x313 e:\drone_parachute\build\core\core.a(gpio.c.o)
 .debug_info    0x0001917f     0x1ab8 e:\drone_parachute\build\core\core.a(i2c.c.o)

.debug_abbrev   0x00000000     0x5300
 *(.debug_abbrev)
 .debug_abbrev  0x00000000       0x93 e:\drone_parachute\build\sketch\main.ino.cpp.o
 .debug_abbrev  0x00000093      0x1ea e:\drone_parachute\build\core\board.cpp.o
 .debug_abbrev  0x0000027d      0x3dd e:\drone_parachute\build\core\wirish\boards.cpp.o
 .debug_abbrev  0x0000065a      0x196 e:\drone_parachute\build\core\wirish\boards_setup.cpp.o
 .debug_abbrev  0x000007f0       0x14 e:\drone_parachute\build\core\wirish\start.S.o
 .debug_abbrev  0x00000804       0xfd e:\drone_parachute\build\core\wirish\start_c.c.o
 .debug_abbrev  0x00000901      0x17e e:\drone_parachute\build\core\wirish\syscalls.c.o
 .debug_abbrev  0x00000a7f      0x535 e:\drone_parachute\build\core\core.a(HardwareSerial.cpp.o)
 .debug_abbrev  0x00000fb4      0x414 e:\drone_parachute\build\core\core.a(Print.cpp.o)
 .debug_abbrev  0x000013c8      0x163 e:\drone_parachute\build\core\core.a(cxxabi-compat.cpp.o)
 .debug_abbrev  0x0000152b      0x20b e:\drone_parachute\build\core\core.a(adc.c.o)
 .debug_abbrev  0x00001736      0x2e6 e:\drone_parachute\build\core\core.a(adc_f1.c.o)
 .debug_abbrev  0x00001a1c      0x3f8 e:\drone_parachute\build\core\core.a(dma_f1.c.o)
 .debug_abbrev  0x00001e14       0x14 e:\drone_parachute\build\core\core.a(exc.S.o)
 .debug_abbrev  0x00001e28      0x286 e:\drone_parachute\build\core\core.a(exti.c.o)
 .debug_abbrev  0x000020ae       0xdb e:\drone_parachute\build\core\core.a(exti_f1.c.o)
 .debug_abbrev  0x00002189       0x9f e:\drone_parachute\build\core\core.a(flash.c.o)
 .debug_abbrev  0x00002228      0x191 e:\drone_parachute\build\core\core.a(gpio_f1.c.o)
 .debug_abbrev  0x000023b9      0x20b e:\drone_parachute\build\core\core.a(i2c_f1.c.o)
 .debug_abbrev  0x000025c4      0x1ac e:\drone_parachute\build\core\core.a(nvic.c.o)
 .debug_abbrev  0x00002770      0x17f e:\drone_parachute\build\core\core.a(rcc.c.o)
 .debug_abbrev  0x000028ef      0x28c e:\drone_parachute\build\core\core.a(rcc_f1.c.o)
 .debug_abbrev  0x00002b7b       0x14 e:\drone_parachute\build\core\core.a(isrs.S.o)
 .debug_abbrev  0x00002b8f      0x10f e:\drone_parachute\build\core\core.a(systick.c.o)
 .debug_abbrev  0x00002c9e      0x4c8 e:\drone_parachute\build\core\core.a(timer.c.o)
 .debug_abbrev  0x00003166      0x2ff e:\drone_parachute\build\core\core.a(usart.c.o)
 .debug_abbrev  0x00003465      0x2ad e:\drone_parachute\build\core\core.a(usart_f1.c.o)
 .debug_abbrev  0x00003712      0x144 e:\drone_parachute\build\core\core.a(usart_private.c.o)
 .debug_abbrev  0x00003856      0x352 e:\drone_parachute\build\core\core.a(usb.c.o)
 .debug_abbrev  0x00003ba8      0x47d e:\drone_parachute\build\core\core.a(usb_cdcacm.c.o)
 .debug_abbrev  0x00004025      0x193 e:\drone_parachute\build\core\core.a(usb_reg_map.c.o)
 .debug_abbrev  0x000041b8      0x3a6 e:\drone_parachute\build\core\core.a(usb_core.c.o)
 .debug_abbrev  0x0000455e      0x101 e:\drone_parachute\build\core\core.a(usb_init.c.o)
 .debug_abbrev  0x0000465f       0xa6 e:\drone_parachute\build\core\core.a(usb_mem.c.o)
 .debug_abbrev  0x00004705      0x1f3 e:\drone_parachute\build\core\core.a(usb_regs.c.o)
 .debug_abbrev  0x000048f8      0x2cb e:\drone_parachute\build\core\core.a(util.c.o)
 .debug_abbrev  0x00004bc3       0x7b e:\drone_parachute\build\core\core.a(main.cpp.o)
 .debug_abbrev  0x00004c3e      0x182 e:\drone_parachute\build\core\core.a(dma.c.o)
 .debug_abbrev  0x00004dc0      0x113 e:\drone_parachute\build\core\core.a(gpio.c.o)
 .debug_abbrev  0x00004ed3      0x42d e:\drone_parachute\build\core\core.a(i2c.c.o)

.debug_line     0x00000000     0x9489
 *(.debug_line)
 .debug_line    0x00000000      0x282 e:\drone_parachute\build\sketch\main.ino.cpp.o
 .debug_line    0x00000282      0x45d e:\drone_parachute\build\core\board.cpp.o
 .debug_line    0x000006df      0x4d3 e:\drone_parachute\build\core\wirish\boards.cpp.o
 .debug_line    0x00000bb2      0x3c2 e:\drone_parachute\build\core\wirish\boards_setup.cpp.o
 .debug_line    0x00000f74       0xb6 e:\drone_parachute\build\core\wirish\start.S.o
 .debug_line    0x0000102a       0xc4 e:\drone_parachute\build\core\wirish\start_c.c.o
 .debug_line    0x000010ee      0x30c e:\drone_parachute\build\core\wirish\syscalls.c.o
 .debug_line    0x000013fa      0x560 e:\drone_parachute\build\core\core.a(HardwareSerial.cpp.o)
 .debug_line    0x0000195a      0x5cc e:\drone_parachute\build\core\core.a(Print.cpp.o)
 .debug_line    0x00001f26      0x26e e:\drone_parachute\build\core\core.a(cxxabi-compat.cpp.o)
 .debug_line    0x00002194      0x348 e:\drone_parachute\build\core\core.a(adc.c.o)
 .debug_line    0x000024dc      0x3f4 e:\drone_parachute\build\core\core.a(adc_f1.c.o)
 .debug_line    0x000028d0      0x659 e:\drone_parachute\build\core\core.a(dma_f1.c.o)
 .debug_line    0x00002f29       0xb9 e:\drone_parachute\build\core\core.a(exc.S.o)
 .debug_line    0x00002fe2      0x421 e:\drone_parachute\build\core\core.a(exti.c.o)
 .debug_line    0x00003403      0x34c e:\drone_parachute\build\core\core.a(exti_f1.c.o)
 .debug_line    0x0000374f      0x2ca e:\drone_parachute\build\core\core.a(flash.c.o)
 .debug_line    0x00003a19      0x35f e:\drone_parachute\build\core\core.a(gpio_f1.c.o)
 .debug_line    0x00003d78      0x459 e:\drone_parachute\build\core\core.a(i2c_f1.c.o)
 .debug_line    0x000041d1      0x332 e:\drone_parachute\build\core\core.a(nvic.c.o)
 .debug_line    0x00004503      0x3cd e:\drone_parachute\build\core\core.a(rcc.c.o)
 .debug_line    0x000048d0      0x41a e:\drone_parachute\build\core\core.a(rcc_f1.c.o)
 .debug_line    0x00004cea       0xb6 e:\drone_parachute\build\core\core.a(isrs.S.o)
 .debug_line    0x00004da0      0x29a e:\drone_parachute\build\core\core.a(systick.c.o)
 .debug_line    0x0000503a      0x62d e:\drone_parachute\build\core\core.a(timer.c.o)
 .debug_line    0x00005667      0x460 e:\drone_parachute\build\core\core.a(usart.c.o)
 .debug_line    0x00005ac7      0x46a e:\drone_parachute\build\core\core.a(usart_f1.c.o)
 .debug_line    0x00005f31      0x306 e:\drone_parachute\build\core\core.a(usart_private.c.o)
 .debug_line    0x00006237      0x542 e:\drone_parachute\build\core\core.a(usb.c.o)
 .debug_line    0x00006779      0x950 e:\drone_parachute\build\core\core.a(usb_cdcacm.c.o)
 .debug_line    0x000070c9      0x2fd e:\drone_parachute\build\core\core.a(usb_reg_map.c.o)
 .debug_line    0x000073c6      0x435 e:\drone_parachute\build\core\core.a(usb_core.c.o)
 .debug_line    0x000077fb      0x14a e:\drone_parachute\build\core\core.a(usb_init.c.o)
 .debug_line    0x00007945      0x184 e:\drone_parachute\build\core\core.a(usb_mem.c.o)
 .debug_line    0x00007ac9      0x5ae e:\drone_parachute\build\core\core.a(usb_regs.c.o)
 .debug_line    0x00008077      0x3ce e:\drone_parachute\build\core\core.a(util.c.o)
 .debug_line    0x00008445       0xb1 e:\drone_parachute\build\core\core.a(main.cpp.o)
 .debug_line    0x000084f6      0x396 e:\drone_parachute\build\core\core.a(dma.c.o)
 .debug_line    0x0000888c      0x2ef e:\drone_parachute\build\core\core.a(gpio.c.o)
 .debug_line    0x00008b7b      0x90e e:\drone_parachute\build\core\core.a(i2c.c.o)

.debug_frame    0x00000000     0x2028
 *(.debug_frame)
 .debug_frame   0x00000000       0x30 e:\drone_parachute\build\sketch\main.ino.cpp.o
 .debug_frame   0x00000030       0x38 e:\drone_parachute\build\core\board.cpp.o
 .debug_frame   0x00000068       0x84 e:\drone_parachute\build\core\wirish\boards.cpp.o
 .debug_frame   0x000000ec       0x68 e:\drone_parachute\build\core\wirish\boards_setup.cpp.o
 .debug_frame   0x00000154       0x28 e:\drone_parachute\build\core\wirish\start_c.c.o
 .debug_frame   0x0000017c      0x130 e:\drone_parachute\build\core\wirish\syscalls.c.o
 .debug_frame   0x000002ac      0x10c e:\drone_parachute\build\core\core.a(HardwareSerial.cpp.o)
 .debug_frame   0x000003b8      0x378 e:\drone_parachute\build\core\core.a(Print.cpp.o)
 .debug_frame   0x00000730       0x38 e:\drone_parachute\build\core\core.a(cxxabi-compat.cpp.o)
 .debug_frame   0x00000768       0x64 e:\drone_parachute\build\core\core.a(adc.c.o)
 .debug_frame   0x000007cc       0xb4 e:\drone_parachute\build\core\core.a(adc_f1.c.o)
 .debug_frame   0x00000880      0x180 e:\drone_parachute\build\core\core.a(dma_f1.c.o)
 .debug_frame   0x00000a00      0x11c e:\drone_parachute\build\core\core.a(exti.c.o)
 .debug_frame   0x00000b1c       0x20 e:\drone_parachute\build\core\core.a(exti_f1.c.o)
 .debug_frame   0x00000b3c       0x20 e:\drone_parachute\build\core\core.a(flash.c.o)
 .debug_frame   0x00000b5c       0x7c e:\drone_parachute\build\core\core.a(gpio_f1.c.o)
 .debug_frame   0x00000bd8       0x94 e:\drone_parachute\build\core\core.a(i2c_f1.c.o)
 .debug_frame   0x00000c6c       0x5c e:\drone_parachute\build\core\core.a(nvic.c.o)
 .debug_frame   0x00000cc8       0x70 e:\drone_parachute\build\core\core.a(rcc.c.o)
 .debug_frame   0x00000d38       0x98 e:\drone_parachute\build\core\core.a(rcc_f1.c.o)
 .debug_frame   0x00000dd0       0x68 e:\drone_parachute\build\core\core.a(systick.c.o)
 .debug_frame   0x00000e38      0x1c0 e:\drone_parachute\build\core\core.a(timer.c.o)
 .debug_frame   0x00000ff8       0xb4 e:\drone_parachute\build\core\core.a(usart.c.o)
 .debug_frame   0x000010ac       0xac e:\drone_parachute\build\core\core.a(usart_f1.c.o)
 .debug_frame   0x00001158       0x28 e:\drone_parachute\build\core\core.a(usart_private.c.o)
 .debug_frame   0x00001180       0x6c e:\drone_parachute\build\core\core.a(usb.c.o)
 .debug_frame   0x000011ec      0x2cc e:\drone_parachute\build\core\core.a(usb_cdcacm.c.o)
 .debug_frame   0x000014b8       0x20 e:\drone_parachute\build\core\core.a(usb_reg_map.c.o)
 .debug_frame   0x000014d8      0x1ac e:\drone_parachute\build\core\core.a(usb_core.c.o)
 .debug_frame   0x00001684       0x28 e:\drone_parachute\build\core\core.a(usb_init.c.o)
 .debug_frame   0x000016ac       0x4c e:\drone_parachute\build\core\core.a(usb_mem.c.o)
 .debug_frame   0x000016f8      0x3d0 e:\drone_parachute\build\core\core.a(usb_regs.c.o)
 .debug_frame   0x00001ac8       0xc8 e:\drone_parachute\build\core\core.a(util.c.o)
 .debug_frame   0x00001b90       0x38 e:\drone_parachute\build\core\core.a(main.cpp.o)
 .debug_frame   0x00001bc8       0x30 e:\drone_parachute\build\core\core.a(dma.c.o)
 .debug_frame   0x00001bf8       0x28 e:\drone_parachute\build\core\core.a(gpio.c.o)
 .debug_frame   0x00001c20      0x14c e:\drone_parachute\build\core\core.a(i2c.c.o)
 .debug_frame   0x00001d6c       0x2c c:/users/param/appdata/local/arduino15/packages/arduino/tools/arm-none-eabi-gcc/4.8.3-2014q1/bin/../lib/gcc/arm-none-eabi/4.8.3/armv7-m\libgcc.a(_fixdfdi.o)
 .debug_frame   0x00001d98       0x2c c:/users/param/appdata/local/arduino15/packages/arduino/tools/arm-none-eabi-gcc/4.8.3-2014q1/bin/../lib/gcc/arm-none-eabi/4.8.3/armv7-m\libgcc.a(_fixunsdfdi.o)
 .debug_frame   0x00001dc4       0x58 c:/users/param/appdata/local/arduino15/packages/arduino/tools/arm-none-eabi-gcc/4.8.3-2014q1/bin/../lib/gcc/arm-none-eabi/4.8.3/armv7-m\libgcc.a(bpabi.o)
 .debug_frame   0x00001e1c       0x34 c:/users/param/appdata/local/arduino15/packages/arduino/tools/arm-none-eabi-gcc/4.8.3-2014q1/bin/../lib/gcc/arm-none-eabi/4.8.3/armv7-m\libgcc.a(_divdi3.o)
 .debug_frame   0x00001e50       0x34 c:/users/param/appdata/local/arduino15/packages/arduino/tools/arm-none-eabi-gcc/4.8.3-2014q1/bin/../lib/gcc/arm-none-eabi/4.8.3/armv7-m\libgcc.a(_udivdi3.o)
 .debug_frame   0x00001e84       0x20 c:/users/param/appdata/local/arduino15/packages/arduino/tools/arm-none-eabi-gcc/4.8.3-2014q1/bin/../lib/gcc/arm-none-eabi/4.8.3/../../../../arm-none-eabi/lib/armv7-m\libc.a(lib_a-errno.o)
 .debug_frame   0x00001ea4       0x28 c:/users/param/appdata/local/arduino15/packages/arduino/tools/arm-none-eabi-gcc/4.8.3-2014q1/bin/../lib/gcc/arm-none-eabi/4.8.3/../../../../arm-none-eabi/lib/armv7-m\libc.a(lib_a-exit.o)
 .debug_frame   0x00001ecc       0x2c c:/users/param/appdata/local/arduino15/packages/arduino/tools/arm-none-eabi-gcc/4.8.3-2014q1/bin/../lib/gcc/arm-none-eabi/4.8.3/../../../../arm-none-eabi/lib/armv7-m\libc.a(lib_a-init.o)
 .debug_frame   0x00001ef8       0x2c c:/users/param/appdata/local/arduino15/packages/arduino/tools/arm-none-eabi-gcc/4.8.3-2014q1/bin/../lib/gcc/arm-none-eabi/4.8.3/../../../../arm-none-eabi/lib/armv7-m\libc.a(lib_a-memset.o)
 .debug_frame   0x00001f24       0x20 c:/users/param/appdata/local/arduino15/packages/arduino/tools/arm-none-eabi-gcc/4.8.3-2014q1/bin/../lib/gcc/arm-none-eabi/4.8.3/../../../../arm-none-eabi/lib/armv7-m\libc.a(lib_a-strcpy.o)
 .debug_frame   0x00001f44       0x20 c:/users/param/appdata/local/arduino15/packages/arduino/tools/arm-none-eabi-gcc/4.8.3-2014q1/bin/../lib/gcc/arm-none-eabi/4.8.3/../../../../arm-none-eabi/lib/armv7-m\libc.a(lib_a-strlen.o)
 .debug_frame   0x00001f64       0x48 c:/users/param/appdata/local/arduino15/packages/arduino/tools/arm-none-eabi-gcc/4.8.3-2014q1/bin/../lib/gcc/arm-none-eabi/4.8.3/../../../../arm-none-eabi/lib/armv7-m\libc.a(lib_a-__call_atexit.o)
 .debug_frame   0x00001fac       0x20 c:/users/param/appdata/local/arduino15/packages/arduino/tools/arm-none-eabi-gcc/4.8.3-2014q1/bin/../lib/gcc/arm-none-eabi/4.8.3/../../../../arm-none-eabi/lib/armv7-m\libc.a(lib_a-atexit.o)
 .debug_frame   0x00001fcc       0x2c c:/users/param/appdata/local/arduino15/packages/arduino/tools/arm-none-eabi-gcc/4.8.3-2014q1/bin/../lib/gcc/arm-none-eabi/4.8.3/../../../../arm-none-eabi/lib/armv7-m\libc.a(lib_a-fini.o)
 .debug_frame   0x00001ff8       0x30 c:/users/param/appdata/local/arduino15/packages/arduino/tools/arm-none-eabi-gcc/4.8.3-2014q1/bin/../lib/gcc/arm-none-eabi/4.8.3/../../../../arm-none-eabi/lib/armv7-m\libc.a(lib_a-__atexit.o)

.debug_str      0x00000000     0x75ad
 *(.debug_str)
 .debug_str     0x00000000      0x265 e:\drone_parachute\build\sketch\main.ino.cpp.o
                                0x2bb (size before relaxing)
 .debug_str     0x00000265      0xac8 e:\drone_parachute\build\core\board.cpp.o
                                0xd51 (size before relaxing)
 .debug_str     0x00000d2d      0x780 e:\drone_parachute\build\core\wirish\boards.cpp.o
                               0x1158 (size before relaxing)
 .debug_str     0x000014ad      0x468 e:\drone_parachute\build\core\wirish\boards_setup.cpp.o
                                0xb40 (size before relaxing)
 .debug_str     0x00001915      0x1c5 e:\drone_parachute\build\core\wirish\start_c.c.o
                                0x1fe (size before relaxing)
 .debug_str     0x00001ada      0x1ef e:\drone_parachute\build\core\wirish\syscalls.c.o
                                0x38f (size before relaxing)
 .debug_str     0x00001cc9     0x109b e:\drone_parachute\build\core\core.a(HardwareSerial.cpp.o)
                               0x1c2e (size before relaxing)
 .debug_str     0x00002d64      0x43a e:\drone_parachute\build\core\core.a(Print.cpp.o)
                                0xffc (size before relaxing)
 .debug_str     0x0000319e      0x183 e:\drone_parachute\build\core\core.a(cxxabi-compat.cpp.o)
                                0x3bb (size before relaxing)
 .debug_str     0x00003321      0x233 e:\drone_parachute\build\core\core.a(adc.c.o)
                                0xad7 (size before relaxing)
 .debug_str     0x00003554      0x219 e:\drone_parachute\build\core\core.a(adc_f1.c.o)
                                0xdf2 (size before relaxing)
 .debug_str     0x0000376d      0xad5 e:\drone_parachute\build\core\core.a(dma_f1.c.o)
                               0x139a (size before relaxing)
 .debug_str     0x00004242      0x23b e:\drone_parachute\build\core\core.a(exti.c.o)
                                0x936 (size before relaxing)
 .debug_str     0x0000447d       0xb3 e:\drone_parachute\build\core\core.a(exti_f1.c.o)
                                0x2fc (size before relaxing)
 .debug_str     0x00004530       0x80 e:\drone_parachute\build\core\core.a(flash.c.o)
                                0x21b (size before relaxing)
 .debug_str     0x000045b0      0x2ba e:\drone_parachute\build\core\core.a(gpio_f1.c.o)
                                0x7d3 (size before relaxing)
 .debug_str     0x0000486a      0x2eb e:\drone_parachute\build\core\core.a(i2c_f1.c.o)
                                0xdcd (size before relaxing)
 .debug_str     0x00004b55       0xef e:\drone_parachute\build\core\core.a(nvic.c.o)
                                0x724 (size before relaxing)
 .debug_str     0x00004c44      0x113 e:\drone_parachute\build\core\core.a(rcc.c.o)
                                0x570 (size before relaxing)
 .debug_str     0x00004d57      0x107 e:\drone_parachute\build\core\core.a(rcc_f1.c.o)
                                0x811 (size before relaxing)
 .debug_str     0x00004e5e       0xec e:\drone_parachute\build\core\core.a(systick.c.o)
                                0x281 (size before relaxing)
 .debug_str     0x00004f4a      0x372 e:\drone_parachute\build\core\core.a(timer.c.o)
                                0xeca (size before relaxing)
 .debug_str     0x000052bc       0xf0 e:\drone_parachute\build\core\core.a(usart.c.o)
                                0x9e7 (size before relaxing)
 .debug_str     0x000053ac      0x14f e:\drone_parachute\build\core\core.a(usart_f1.c.o)
                                0xadb (size before relaxing)
 .debug_str     0x000054fb       0x7c e:\drone_parachute\build\core\core.a(usart_private.c.o)
                                0x8a6 (size before relaxing)
 .debug_str     0x00005577      0x61e e:\drone_parachute\build\core\core.a(usb.c.o)
                                0xa7e (size before relaxing)
 .debug_str     0x00005b95      0x9ac e:\drone_parachute\build\core\core.a(usb_cdcacm.c.o)
                               0x184f (size before relaxing)
 .debug_str     0x00006541       0xa9 e:\drone_parachute\build\core\core.a(usb_reg_map.c.o)
                                0x2a4 (size before relaxing)
 .debug_str     0x000065ea      0x4a9 e:\drone_parachute\build\core\core.a(usb_core.c.o)
                                0xadc (size before relaxing)
 .debug_str     0x00006a93       0xae e:\drone_parachute\build\core\core.a(usb_init.c.o)
                                0x540 (size before relaxing)
 .debug_str     0x00006b41       0xba e:\drone_parachute\build\core\core.a(usb_mem.c.o)
                                0x1fe (size before relaxing)
 .debug_str     0x00006bfb      0x3f3 e:\drone_parachute\build\core\core.a(usb_regs.c.o)
                                0x57e (size before relaxing)
 .debug_str     0x00006fee      0x110 e:\drone_parachute\build\core\core.a(util.c.o)
                                0xa53 (size before relaxing)
 .debug_str     0x000070fe       0x80 e:\drone_parachute\build\core\core.a(main.cpp.o)
                                0x1c4 (size before relaxing)
 .debug_str     0x0000717e      0x14a e:\drone_parachute\build\core\core.a(dma.c.o)
                                0xa4f (size before relaxing)
 .debug_str     0x000072c8       0x73 e:\drone_parachute\build\core\core.a(gpio.c.o)
                                0x45f (size before relaxing)
 .debug_str     0x0000733b      0x272 e:\drone_parachute\build\core\core.a(i2c.c.o)
                                0xfd0 (size before relaxing)

.debug_loc      0x00000000     0x81b3
 *(.debug_loc)
 .debug_loc     0x00000000      0x246 e:\drone_parachute\build\core\wirish\boards.cpp.o
 .debug_loc     0x00000246       0x87 e:\drone_parachute\build\core\wirish\start_c.c.o
 .debug_loc     0x000002cd      0x38a e:\drone_parachute\build\core\wirish\syscalls.c.o
 .debug_loc     0x00000657      0x39a e:\drone_parachute\build\core\core.a(HardwareSerial.cpp.o)
 .debug_loc     0x000009f1     0x10a7 e:\drone_parachute\build\core\core.a(Print.cpp.o)
 .debug_loc     0x00001a98       0x81 e:\drone_parachute\build\core\core.a(cxxabi-compat.cpp.o)
 .debug_loc     0x00001b19      0x145 e:\drone_parachute\build\core\core.a(adc.c.o)
 .debug_loc     0x00001c5e      0x2c7 e:\drone_parachute\build\core\core.a(adc_f1.c.o)
 .debug_loc     0x00001f25      0xa5a e:\drone_parachute\build\core\core.a(dma_f1.c.o)
 .debug_loc     0x0000297f      0x5ee e:\drone_parachute\build\core\core.a(exti.c.o)
 .debug_loc     0x00002f6d       0x42 e:\drone_parachute\build\core\core.a(exti_f1.c.o)
 .debug_loc     0x00002faf       0x3f e:\drone_parachute\build\core\core.a(flash.c.o)
 .debug_loc     0x00002fee      0x267 e:\drone_parachute\build\core\core.a(gpio_f1.c.o)
 .debug_loc     0x00003255      0x1b9 e:\drone_parachute\build\core\core.a(i2c_f1.c.o)
 .debug_loc     0x0000340e      0x121 e:\drone_parachute\build\core\core.a(nvic.c.o)
 .debug_loc     0x0000352f      0x131 e:\drone_parachute\build\core\core.a(rcc.c.o)
 .debug_loc     0x00003660      0x352 e:\drone_parachute\build\core\core.a(rcc_f1.c.o)
 .debug_loc     0x000039b2      0xb8c e:\drone_parachute\build\core\core.a(timer.c.o)
 .debug_loc     0x0000453e      0x3af e:\drone_parachute\build\core\core.a(usart.c.o)
 .debug_loc     0x000048ed      0x2d2 e:\drone_parachute\build\core\core.a(usart_f1.c.o)
 .debug_loc     0x00004bbf       0x3f e:\drone_parachute\build\core\core.a(usart_private.c.o)
 .debug_loc     0x00004bfe      0x4c8 e:\drone_parachute\build\core\core.a(usb.c.o)
 .debug_loc     0x000050c6      0xaab e:\drone_parachute\build\core\core.a(usb_cdcacm.c.o)
 .debug_loc     0x00005b71      0x119 e:\drone_parachute\build\core\core.a(usb_reg_map.c.o)
 .debug_loc     0x00005c8a      0x7a1 e:\drone_parachute\build\core\core.a(usb_core.c.o)
 .debug_loc     0x0000642b      0x260 e:\drone_parachute\build\core\core.a(usb_mem.c.o)
 .debug_loc     0x0000668b      0xbab e:\drone_parachute\build\core\core.a(usb_regs.c.o)
 .debug_loc     0x00007236      0x27f e:\drone_parachute\build\core\core.a(util.c.o)
 .debug_loc     0x000074b5       0x42 e:\drone_parachute\build\core\core.a(dma.c.o)
 .debug_loc     0x000074f7       0x2c e:\drone_parachute\build\core\core.a(gpio.c.o)
 .debug_loc     0x00007523      0xc90 e:\drone_parachute\build\core\core.a(i2c.c.o)

.debug_macinfo
 *(.debug_macinfo)

.debug_weaknames
 *(.debug_weaknames)

.debug_funcnames
 *(.debug_funcnames)

.debug_typenames
 *(.debug_typenames)

.debug_varnames
 *(.debug_varnames)

.note.gnu.arm.ident
 *(.note.gnu.arm.ident)

.ARM.attributes
                0x00000000       0x29
 *(.ARM.attributes)
 .ARM.attributes
                0x00000000       0x1d c:/users/param/appdata/local/arduino15/packages/arduino/tools/arm-none-eabi-gcc/4.8.3-2014q1/bin/../lib/gcc/arm-none-eabi/4.8.3/armv7-m/crti.o
 .ARM.attributes
                0x0000001d       0x2d c:/users/param/appdata/local/arduino15/packages/arduino/tools/arm-none-eabi-gcc/4.8.3-2014q1/bin/../lib/gcc/arm-none-eabi/4.8.3/armv7-m/crtbegin.o
 .ARM.attributes
                0x0000004a       0x1b c:/users/param/appdata/local/arduino15/packages/arduino/tools/arm-none-eabi-gcc/4.8.3-2014q1/bin/../lib/gcc/arm-none-eabi/4.8.3/../../../../arm-none-eabi/lib/armv7-m/crt0.o
 .ARM.attributes
                0x00000065       0x33 e:\drone_parachute\build\sketch\main.ino.cpp.o
 .ARM.attributes
                0x00000098       0x33 e:\drone_parachute\build\core\board.cpp.o
 .ARM.attributes
                0x000000cb       0x33 e:\drone_parachute\build\core\wirish\boards.cpp.o
 .ARM.attributes
                0x000000fe       0x33 e:\drone_parachute\build\core\wirish\boards_setup.cpp.o
 .ARM.attributes
                0x00000131       0x1b e:\drone_parachute\build\core\wirish\start.S.o
 .ARM.attributes
                0x0000014c       0x33 e:\drone_parachute\build\core\wirish\start_c.c.o
 .ARM.attributes
                0x0000017f       0x33 e:\drone_parachute\build\core\wirish\syscalls.c.o
 .ARM.attributes
                0x000001b2       0x33 e:\drone_parachute\build\core\core.a(HardwareSerial.cpp.o)
 .ARM.attributes
                0x000001e5       0x33 e:\drone_parachute\build\core\core.a(Print.cpp.o)
 .ARM.attributes
                0x00000218       0x33 e:\drone_parachute\build\core\core.a(cxxabi-compat.cpp.o)
 .ARM.attributes
                0x0000024b       0x33 e:\drone_parachute\build\core\core.a(adc.c.o)
 .ARM.attributes
                0x0000027e       0x33 e:\drone_parachute\build\core\core.a(adc_f1.c.o)
 .ARM.attributes
                0x000002b1       0x33 e:\drone_parachute\build\core\core.a(dma_f1.c.o)
 .ARM.attributes
                0x000002e4       0x1b e:\drone_parachute\build\core\core.a(exc.S.o)
 .ARM.attributes
                0x000002ff       0x33 e:\drone_parachute\build\core\core.a(exti.c.o)
 .ARM.attributes
                0x00000332       0x33 e:\drone_parachute\build\core\core.a(exti_f1.c.o)
 .ARM.attributes
                0x00000365       0x33 e:\drone_parachute\build\core\core.a(flash.c.o)
 .ARM.attributes
                0x00000398       0x33 e:\drone_parachute\build\core\core.a(gpio_f1.c.o)
 .ARM.attributes
                0x000003cb       0x33 e:\drone_parachute\build\core\core.a(i2c_f1.c.o)
 .ARM.attributes
                0x000003fe       0x33 e:\drone_parachute\build\core\core.a(nvic.c.o)
 .ARM.attributes
                0x00000431       0x33 e:\drone_parachute\build\core\core.a(rcc.c.o)
 .ARM.attributes
                0x00000464       0x33 e:\drone_parachute\build\core\core.a(rcc_f1.c.o)
 .ARM.attributes
                0x00000497       0x1b e:\drone_parachute\build\core\core.a(isrs.S.o)
 .ARM.attributes
                0x000004b2       0x1b e:\drone_parachute\build\core\core.a(vector_table.S.o)
 .ARM.attributes
                0x000004cd       0x33 e:\drone_parachute\build\core\core.a(systick.c.o)
 .ARM.attributes
                0x00000500       0x33 e:\drone_parachute\build\core\core.a(timer.c.o)
 .ARM.attributes
                0x00000533       0x33 e:\drone_parachute\build\core\core.a(usart.c.o)
 .ARM.attributes
                0x00000566       0x33 e:\drone_parachute\build\core\core.a(usart_f1.c.o)
 .ARM.attributes
                0x00000599       0x33 e:\drone_parachute\build\core\core.a(usart_private.c.o)
 .ARM.attributes
                0x000005cc       0x33 e:\drone_parachute\build\core\core.a(usb.c.o)
 .ARM.attributes
                0x000005ff       0x33 e:\drone_parachute\build\core\core.a(usb_cdcacm.c.o)
 .ARM.attributes
                0x00000632       0x33 e:\drone_parachute\build\core\core.a(usb_reg_map.c.o)
 .ARM.attributes
                0x00000665       0x33 e:\drone_parachute\build\core\core.a(usb_core.c.o)
 .ARM.attributes
                0x00000698       0x33 e:\drone_parachute\build\core\core.a(usb_init.c.o)
 .ARM.attributes
                0x000006cb       0x33 e:\drone_parachute\build\core\core.a(usb_mem.c.o)
 .ARM.attributes
                0x000006fe       0x33 e:\drone_parachute\build\core\core.a(usb_regs.c.o)
 .ARM.attributes
                0x00000731       0x33 e:\drone_parachute\build\core\core.a(util.c.o)
 .ARM.attributes
                0x00000764       0x33 e:\drone_parachute\build\core\core.a(main.cpp.o)
 .ARM.attributes
                0x00000797       0x33 e:\drone_parachute\build\core\core.a(dma.c.o)
 .ARM.attributes
                0x000007ca       0x33 e:\drone_parachute\build\core\core.a(gpio.c.o)
 .ARM.attributes
                0x000007fd       0x33 e:\drone_parachute\build\core\core.a(i2c.c.o)
 .ARM.attributes
                0x00000830       0x1d c:/users/param/appdata/local/arduino15/packages/arduino/tools/arm-none-eabi-gcc/4.8.3-2014q1/bin/../lib/gcc/arm-none-eabi/4.8.3/armv7-m\libgcc.a(_arm_addsubdf3.o)
 .ARM.attributes
                0x0000084d       0x1d c:/users/param/appdata/local/arduino15/packages/arduino/tools/arm-none-eabi-gcc/4.8.3-2014q1/bin/../lib/gcc/arm-none-eabi/4.8.3/armv7-m\libgcc.a(_arm_muldivdf3.o)
 .ARM.attributes
                0x0000086a       0x1d c:/users/param/appdata/local/arduino15/packages/arduino/tools/arm-none-eabi-gcc/4.8.3-2014q1/bin/../lib/gcc/arm-none-eabi/4.8.3/armv7-m\libgcc.a(_arm_cmpdf2.o)
 .ARM.attributes
                0x00000887       0x1d c:/users/param/appdata/local/arduino15/packages/arduino/tools/arm-none-eabi-gcc/4.8.3-2014q1/bin/../lib/gcc/arm-none-eabi/4.8.3/armv7-m\libgcc.a(_arm_fixdfsi.o)
 .ARM.attributes
                0x000008a4       0x1d c:/users/param/appdata/local/arduino15/packages/arduino/tools/arm-none-eabi-gcc/4.8.3-2014q1/bin/../lib/gcc/arm-none-eabi/4.8.3/armv7-m\libgcc.a(_aeabi_uldivmod.o)
 .ARM.attributes
                0x000008c1       0x2d c:/users/param/appdata/local/arduino15/packages/arduino/tools/arm-none-eabi-gcc/4.8.3-2014q1/bin/../lib/gcc/arm-none-eabi/4.8.3/armv7-m\libgcc.a(_fixdfdi.o)
 .ARM.attributes
                0x000008ee       0x2d c:/users/param/appdata/local/arduino15/packages/arduino/tools/arm-none-eabi-gcc/4.8.3-2014q1/bin/../lib/gcc/arm-none-eabi/4.8.3/armv7-m\libgcc.a(_fixunsdfdi.o)
 .ARM.attributes
                0x0000091b       0x2d c:/users/param/appdata/local/arduino15/packages/arduino/tools/arm-none-eabi-gcc/4.8.3-2014q1/bin/../lib/gcc/arm-none-eabi/4.8.3/armv7-m\libgcc.a(bpabi.o)
 .ARM.attributes
                0x00000948       0x1d c:/users/param/appdata/local/arduino15/packages/arduino/tools/arm-none-eabi-gcc/4.8.3-2014q1/bin/../lib/gcc/arm-none-eabi/4.8.3/armv7-m\libgcc.a(_dvmd_tls.o)
 .ARM.attributes
                0x00000965       0x1d c:/users/param/appdata/local/arduino15/packages/arduino/tools/arm-none-eabi-gcc/4.8.3-2014q1/bin/../lib/gcc/arm-none-eabi/4.8.3/armv7-m\libgcc.a(_arm_fixunsdfsi.o)
 .ARM.attributes
                0x00000982       0x2d c:/users/param/appdata/local/arduino15/packages/arduino/tools/arm-none-eabi-gcc/4.8.3-2014q1/bin/../lib/gcc/arm-none-eabi/4.8.3/armv7-m\libgcc.a(_divdi3.o)
 .ARM.attributes
                0x000009af       0x2d c:/users/param/appdata/local/arduino15/packages/arduino/tools/arm-none-eabi-gcc/4.8.3-2014q1/bin/../lib/gcc/arm-none-eabi/4.8.3/armv7-m\libgcc.a(_udivdi3.o)
 .ARM.attributes
                0x000009dc       0x2d c:/users/param/appdata/local/arduino15/packages/arduino/tools/arm-none-eabi-gcc/4.8.3-2014q1/bin/../lib/gcc/arm-none-eabi/4.8.3/../../../../arm-none-eabi/lib/armv7-m\libc.a(lib_a-errno.o)
 .ARM.attributes
                0x00000a09       0x2d c:/users/param/appdata/local/arduino15/packages/arduino/tools/arm-none-eabi-gcc/4.8.3-2014q1/bin/../lib/gcc/arm-none-eabi/4.8.3/../../../../arm-none-eabi/lib/armv7-m\libc.a(lib_a-exit.o)
 .ARM.attributes
                0x00000a36       0x2d c:/users/param/appdata/local/arduino15/packages/arduino/tools/arm-none-eabi-gcc/4.8.3-2014q1/bin/../lib/gcc/arm-none-eabi/4.8.3/../../../../arm-none-eabi/lib/armv7-m\libc.a(lib_a-impure.o)
 .ARM.attributes
                0x00000a63       0x2d c:/users/param/appdata/local/arduino15/packages/arduino/tools/arm-none-eabi-gcc/4.8.3-2014q1/bin/../lib/gcc/arm-none-eabi/4.8.3/../../../../arm-none-eabi/lib/armv7-m\libc.a(lib_a-init.o)
 .ARM.attributes
                0x00000a90       0x2d c:/users/param/appdata/local/arduino15/packages/arduino/tools/arm-none-eabi-gcc/4.8.3-2014q1/bin/../lib/gcc/arm-none-eabi/4.8.3/../../../../arm-none-eabi/lib/armv7-m\libc.a(lib_a-memset.o)
 .ARM.attributes
                0x00000abd       0x2d c:/users/param/appdata/local/arduino15/packages/arduino/tools/arm-none-eabi-gcc/4.8.3-2014q1/bin/../lib/gcc/arm-none-eabi/4.8.3/../../../../arm-none-eabi/lib/armv7-m\libc.a(lib_a-strcpy.o)
 .ARM.attributes
                0x00000aea       0x2d c:/users/param/appdata/local/arduino15/packages/arduino/tools/arm-none-eabi-gcc/4.8.3-2014q1/bin/../lib/gcc/arm-none-eabi/4.8.3/../../../../arm-none-eabi/lib/armv7-m\libc.a(lib_a-strlen.o)
 .ARM.attributes
                0x00000b17       0x2d c:/users/param/appdata/local/arduino15/packages/arduino/tools/arm-none-eabi-gcc/4.8.3-2014q1/bin/../lib/gcc/arm-none-eabi/4.8.3/../../../../arm-none-eabi/lib/armv7-m\libc.a(lib_a-__call_atexit.o)
 .ARM.attributes
                0x00000b44       0x2d c:/users/param/appdata/local/arduino15/packages/arduino/tools/arm-none-eabi-gcc/4.8.3-2014q1/bin/../lib/gcc/arm-none-eabi/4.8.3/../../../../arm-none-eabi/lib/armv7-m\libc.a(lib_a-atexit.o)
 .ARM.attributes
                0x00000b71       0x2d c:/users/param/appdata/local/arduino15/packages/arduino/tools/arm-none-eabi-gcc/4.8.3-2014q1/bin/../lib/gcc/arm-none-eabi/4.8.3/../../../../arm-none-eabi/lib/armv7-m\libc.a(lib_a-fini.o)
 .ARM.attributes
                0x00000b9e       0x2d c:/users/param/appdata/local/arduino15/packages/arduino/tools/arm-none-eabi-gcc/4.8.3-2014q1/bin/../lib/gcc/arm-none-eabi/4.8.3/../../../../arm-none-eabi/lib/armv7-m\libc.a(lib_a-__atexit.o)
 .ARM.attributes
                0x00000bcb       0x2d c:/users/param/appdata/local/arduino15/packages/arduino/tools/arm-none-eabi-gcc/4.8.3-2014q1/bin/../lib/gcc/arm-none-eabi/4.8.3/armv7-m/crtend.o
 .ARM.attributes
                0x00000bf8       0x1d c:/users/param/appdata/local/arduino15/packages/arduino/tools/arm-none-eabi-gcc/4.8.3-2014q1/bin/../lib/gcc/arm-none-eabi/4.8.3/armv7-m/crtn.o

/DISCARD/
 *(.note.GNU-stack)
OUTPUT(e:\drone_parachute\build/main.ino.elf elf32-littlearm)

.debug_ranges   0x00000000     0x1850
 .debug_ranges  0x00000000       0x18 e:\drone_parachute\build\sketch\main.ino.cpp.o
 .debug_ranges  0x00000018       0x38 e:\drone_parachute\build\core\board.cpp.o
 .debug_ranges  0x00000050      0x160 e:\drone_parachute\build\core\wirish\boards.cpp.o
 .debug_ranges  0x000001b0       0x30 e:\drone_parachute\build\core\wirish\boards_setup.cpp.o
 .debug_ranges  0x000001e0       0x10 e:\drone_parachute\build\core\wirish\start_c.c.o
 .debug_ranges  0x000001f0       0x78 e:\drone_parachute\build\core\wirish\syscalls.c.o
 .debug_ranges  0x00000268       0x90 e:\drone_parachute\build\core\core.a(HardwareSerial.cpp.o)
 .debug_ranges  0x000002f8      0x230 e:\drone_parachute\build\core\core.a(Print.cpp.o)
 .debug_ranges  0x00000528       0x18 e:\drone_parachute\build\core\core.a(cxxabi-compat.cpp.o)
 .debug_ranges  0x00000540       0x28 e:\drone_parachute\build\core\core.a(adc.c.o)
 .debug_ranges  0x00000568       0xb8 e:\drone_parachute\build\core\core.a(adc_f1.c.o)
 .debug_ranges  0x00000620      0x1c0 e:\drone_parachute\build\core\core.a(dma_f1.c.o)
 .debug_ranges  0x000007e0       0xb8 e:\drone_parachute\build\core\core.a(exti.c.o)
 .debug_ranges  0x00000898       0x10 e:\drone_parachute\build\core\core.a(exti_f1.c.o)
 .debug_ranges  0x000008a8       0x10 e:\drone_parachute\build\core\core.a(flash.c.o)
 .debug_ranges  0x000008b8       0x30 e:\drone_parachute\build\core\core.a(gpio_f1.c.o)
 .debug_ranges  0x000008e8       0x90 e:\drone_parachute\build\core\core.a(i2c_f1.c.o)
 .debug_ranges  0x00000978       0x40 e:\drone_parachute\build\core\core.a(nvic.c.o)
 .debug_ranges  0x000009b8       0x98 e:\drone_parachute\build\core\core.a(rcc.c.o)
 .debug_ranges  0x00000a50       0xc8 e:\drone_parachute\build\core\core.a(rcc_f1.c.o)
 .debug_ranges  0x00000b18       0x48 e:\drone_parachute\build\core\core.a(systick.c.o)
 .debug_ranges  0x00000b60       0xe8 e:\drone_parachute\build\core\core.a(timer.c.o)
 .debug_ranges  0x00000c48       0xd0 e:\drone_parachute\build\core\core.a(usart.c.o)
 .debug_ranges  0x00000d18       0x90 e:\drone_parachute\build\core\core.a(usart_f1.c.o)
 .debug_ranges  0x00000da8       0x10 e:\drone_parachute\build\core\core.a(usart_private.c.o)
 .debug_ranges  0x00000db8       0xa8 e:\drone_parachute\build\core\core.a(usb.c.o)
 .debug_ranges  0x00000e60      0x238 e:\drone_parachute\build\core\core.a(usb_cdcacm.c.o)
 .debug_ranges  0x00001098       0x60 e:\drone_parachute\build\core\core.a(usb_reg_map.c.o)
 .debug_ranges  0x000010f8       0xc0 e:\drone_parachute\build\core\core.a(usb_core.c.o)
 .debug_ranges  0x000011b8       0x10 e:\drone_parachute\build\core\core.a(usb_init.c.o)
 .debug_ranges  0x000011c8       0x38 e:\drone_parachute\build\core\core.a(usb_mem.c.o)
 .debug_ranges  0x00001200      0x290 e:\drone_parachute\build\core\core.a(usb_regs.c.o)
 .debug_ranges  0x00001490       0x58 e:\drone_parachute\build\core\core.a(util.c.o)
 .debug_ranges  0x000014e8       0x18 e:\drone_parachute\build\core\core.a(main.cpp.o)
 .debug_ranges  0x00001500       0x18 e:\drone_parachute\build\core\core.a(dma.c.o)
 .debug_ranges  0x00001518       0x10 e:\drone_parachute\build\core\core.a(gpio.c.o)
 .debug_ranges  0x00001528      0x328 e:\drone_parachute\build\core\core.a(i2c.c.o)

.comment        0x00000000       0x70
 .comment       0x00000000       0x70 e:\drone_parachute\build\sketch\main.ino.cpp.o
                                 0x71 (size before relaxing)
 .comment       0x00000000       0x71 e:\drone_parachute\build\core\board.cpp.o
 .comment       0x00000000       0x71 e:\drone_parachute\build\core\wirish\boards.cpp.o
 .comment       0x00000000       0x71 e:\drone_parachute\build\core\wirish\boards_setup.cpp.o
 .comment       0x00000000       0x71 e:\drone_parachute\build\core\wirish\start_c.c.o
 .comment       0x00000000       0x71 e:\drone_parachute\build\core\wirish\syscalls.c.o
 .comment       0x00000000       0x71 e:\drone_parachute\build\core\core.a(HardwareSerial.cpp.o)
 .comment       0x00000000       0x71 e:\drone_parachute\build\core\core.a(Print.cpp.o)
 .comment       0x00000000       0x71 e:\drone_parachute\build\core\core.a(cxxabi-compat.cpp.o)
 .comment       0x00000000       0x71 e:\drone_parachute\build\core\core.a(adc.c.o)
 .comment       0x00000000       0x71 e:\drone_parachute\build\core\core.a(adc_f1.c.o)
 .comment       0x00000000       0x71 e:\drone_parachute\build\core\core.a(dma_f1.c.o)
 .comment       0x00000000       0x71 e:\drone_parachute\build\core\core.a(exti.c.o)
 .comment       0x00000000       0x71 e:\drone_parachute\build\core\core.a(exti_f1.c.o)
 .comment       0x00000000       0x71 e:\drone_parachute\build\core\core.a(flash.c.o)
 .comment       0x00000000       0x71 e:\drone_parachute\build\core\core.a(gpio_f1.c.o)
 .comment       0x00000000       0x71 e:\drone_parachute\build\core\core.a(i2c_f1.c.o)
 .comment       0x00000000       0x71 e:\drone_parachute\build\core\core.a(nvic.c.o)
 .comment       0x00000000       0x71 e:\drone_parachute\build\core\core.a(rcc.c.o)
 .comment       0x00000000       0x71 e:\drone_parachute\build\core\core.a(rcc_f1.c.o)
 .comment       0x00000000       0x71 e:\drone_parachute\build\core\core.a(systick.c.o)
 .comment       0x00000000       0x71 e:\drone_parachute\build\core\core.a(timer.c.o)
 .comment       0x00000000       0x71 e:\drone_parachute\build\core\core.a(usart.c.o)
 .comment       0x00000000       0x71 e:\drone_parachute\build\core\core.a(usart_f1.c.o)
 .comment       0x00000000       0x71 e:\drone_parachute\build\core\core.a(usart_private.c.o)
 .comment       0x00000000       0x71 e:\drone_parachute\build\core\core.a(usb.c.o)
 .comment       0x00000000       0x71 e:\drone_parachute\build\core\core.a(usb_cdcacm.c.o)
 .comment       0x00000000       0x71 e:\drone_parachute\build\core\core.a(usb_reg_map.c.o)
 .comment       0x00000000       0x71 e:\drone_parachute\build\core\core.a(usb_core.c.o)
 .comment       0x00000000       0x71 e:\drone_parachute\build\core\core.a(usb_init.c.o)
 .comment       0x00000000       0x71 e:\drone_parachute\build\core\core.a(usb_mem.c.o)
 .comment       0x00000000       0x71 e:\drone_parachute\build\core\core.a(usb_regs.c.o)
 .comment       0x00000000       0x71 e:\drone_parachute\build\core\core.a(util.c.o)
 .comment       0x00000000       0x71 e:\drone_parachute\build\core\core.a(main.cpp.o)
 .comment       0x00000000       0x71 e:\drone_parachute\build\core\core.a(dma.c.o)
 .comment       0x00000000       0x71 e:\drone_parachute\build\core\core.a(gpio.c.o)
 .comment       0x00000000       0x71 e:\drone_parachute\build\core\core.a(i2c.c.o)

Cross Reference Table

Symbol                                            File
ADC1                                              e:\drone_parachute\build\core\core.a(adc_f1.c.o)
ADC2                                              e:\drone_parachute\build\core\core.a(adc_f1.c.o)
ByteSwap                                          e:\drone_parachute\build\core\core.a(usb_regs.c.o)
ClearDTOG_RX                                      e:\drone_parachute\build\core\core.a(usb_regs.c.o)
                                                  e:\drone_parachute\build\core\core.a(usb_core.c.o)
ClearDTOG_TX                                      e:\drone_parachute\build\core\core.a(usb_regs.c.o)
                                                  e:\drone_parachute\build\core\core.a(usb_core.c.o)
ClearEPDoubleBuff                                 e:\drone_parachute\build\core\core.a(usb_regs.c.o)
ClearEP_CTR_RX                                    e:\drone_parachute\build\core\core.a(usb_regs.c.o)
ClearEP_CTR_TX                                    e:\drone_parachute\build\core\core.a(usb_regs.c.o)
ClearEP_KIND                                      e:\drone_parachute\build\core\core.a(usb_regs.c.o)
Clear_Status_Out                                  e:\drone_parachute\build\core\core.a(usb_regs.c.o)
DMA1                                              e:\drone_parachute\build\core\core.a(dma_f1.c.o)
Data_Mul_MaxPacketSize                            e:\drone_parachute\build\core\core.a(usb_core.c.o)
Device_Info                                       e:\drone_parachute\build\core\core.a(usb_init.c.o)
                                                  e:\drone_parachute\build\core\core.a(usb.c.o)