Archive member included because of file (symbol)

e:\drone_parachute\build\core\core.a(HardwareSerial.cpp.o)
                              e:\drone_parachute\build\core\board.cpp.o (HardwareSerial::HardwareSerial(usart_dev*, unsigned char, unsigned char))
e:\drone_parachute\build\core\core.a(Print.cpp.o)
                              e:\drone_parachute\build\core\core.a(HardwareSerial.cpp.o) (Print::write(void const*, unsigned long))
e:\drone_parachute\build\core\core.a(cxxabi-compat.cpp.o)
                              e:\drone_parachute\build\libraries\Wire\utility\WireBase.cpp.o (__cxa_pure_virtual)
e:\drone_parachute\build\core\core.a(adc.c.o)
                              e:\drone_parachute\build\core\wirish\boards.cpp.o (adc_set_sample_rate)
e:\drone_parachute\build\core\core.a(adc_f1.c.o)
                              (__irq_adc)
e:\drone_parachute\build\core\core.a(dma.c.o)
                              e:\drone_parachute\build\libraries\SPI\SPI.cpp.o (dma_init)
e:\drone_parachute\build\core\core.a(dma_f1.c.o)
                              e:\drone_parachute\build\libraries\SPI\SPI.cpp.o (dma_set_priority)
e:\drone_parachute\build\core\core.a(exc.S.o)
                              (__exc_nmi)
e:\drone_parachute\build\core\core.a(exti.c.o)
                              (__irq_exti0)
e:\drone_parachute\build\core\core.a(exti_f1.c.o)
                              e:\drone_parachute\build\core\core.a(exti.c.o) (exti_select)
e:\drone_parachute\build\core\core.a(flash.c.o)
                              e:\drone_parachute\build\core\wirish\boards.cpp.o (flash_set_latency)
e:\drone_parachute\build\core\core.a(gpio_f1.c.o)
                              e:\drone_parachute\build\core\wirish\boards_setup.cpp.o (gpio_init_all)
e:\drone_parachute\build\core\core.a(i2c.c.o)
                              e:\drone_parachute\build\libraries\Wire\Wire.cpp.o (i2c_master_xfer)
e:\drone_parachute\build\core\core.a(i2c_f1.c.o)
                              e:\drone_parachute\build\core\core.a(i2c.c.o) (i2c_config_gpios)
e:\drone_parachute\build\core\core.a(nvic.c.o)
                              e:\drone_parachute\build\core\core.a(i2c_f1.c.o) (nvic_irq_set_priority)
e:\drone_parachute\build\core\core.a(rcc.c.o)
                              e:\drone_parachute\build\libraries\SPI\SPI.cpp.o (rcc_dev_clk)
e:\drone_parachute\build\core\core.a(rcc_f1.c.o)
                              e:\drone_parachute\build\core\wirish\boards.cpp.o (rcc_configure_pll)
e:\drone_parachute\build\core\core.a(spi.c.o)
                              e:\drone_parachute\build\libraries\SPI\SPI.cpp.o (spi_init)
e:\drone_parachute\build\core\core.a(spi_f1.c.o)
                              e:\drone_parachute\build\libraries\SPI\SPI.cpp.o (spi_config_gpios)
e:\drone_parachute\build\core\core.a(isrs.S.o)
                              (__stm32reservedexception7)
e:\drone_parachute\build\core\core.a(vector_table.S.o)
                              (__stm32_vector_table)
e:\drone_parachute\build\core\core.a(systick.c.o)
                              e:\drone_parachute\build\core\wirish\boards.cpp.o (systick_init)
e:\drone_parachute\build\core\core.a(timer.c.o)
                              e:\drone_parachute\build\core\wirish\boards.cpp.o (timer_foreach)
e:\drone_parachute\build\core\core.a(usart.c.o)
                              e:\drone_parachute\build\core\core.a(HardwareSerial.cpp.o) (usart_init)
e:\drone_parachute\build\core\core.a(usart_f1.c.o)
                              e:\drone_parachute\build\core\core.a(HardwareSerial.cpp.o) (usart_config_gpios_async)
e:\drone_parachute\build\core\core.a(usart_private.c.o)
                              e:\drone_parachute\build\core\core.a(usart_f1.c.o) (_usart_clock_freq)
e:\drone_parachute\build\core\core.a(usb.c.o)
                              (__irq_usb_lp_can_rx0)
e:\drone_parachute\build\core\core.a(usb_cdcacm.c.o)
                              e:\drone_parachute\build\core\core.a(usb.c.o) (User_Standard_Requests)
e:\drone_parachute\build\core\core.a(usb_reg_map.c.o)
                              e:\drone_parachute\build\core\core.a(usb_cdcacm.c.o) (usb_set_ep_rx_count)
e:\drone_parachute\build\core\core.a(usb_core.c.o)
                              e:\drone_parachute\build\core\core.a(usb_cdcacm.c.o) (Standard_GetDescriptorData)
e:\drone_parachute\build\core\core.a(usb_init.c.o)
                              e:\drone_parachute\build\core\core.a(usb.c.o) (pInformation)
e:\drone_parachute\build\core\core.a(usb_mem.c.o)
                              e:\drone_parachute\build\core\core.a(usb_core.c.o) (UserToPMABufferCopy)
e:\drone_parachute\build\core\core.a(usb_regs.c.o)
                              e:\drone_parachute\build\core\core.a(usb_core.c.o) (SetEPTxStatus)
e:\drone_parachute\build\core\core.a(util.c.o)
                              e:\drone_parachute\build\core\core.a(exc.S.o) (__error)
[...]
Memory Configuration

Name             Origin             Length             Attributes
ram              0x20000000         0x00005000         xrw
rom              0x08000000         0x00010000         xr
*default*        0x00000000         0xffffffff

Linker script and memory map

LOAD c:/users/param/appdata/local/arduino15/packages/arduino/tools/arm-none-eabi-gcc/4.8.3-2014q1/bin/../lib/gcc/arm-none-eabi/4.8.3/armv7-m/crti.o
LOAD c:/users/param/appdata/local/arduino15/packages/arduino/tools/arm-none-eabi-gcc/4.8.3-2014q1/bin/../lib/gcc/arm-none-eabi/4.8.3/armv7-m/crtbegin.o
LOAD c:/users/param/appdata/local/arduino15/packages/arduino/tools/arm-none-eabi-gcc/4.8.3-2014q1/bin/../lib/gcc/arm-none-eabi/4.8.3/../../../../arm-none-eabi/lib/armv7-m/crt0.o
LOAD c:/users/param/appdata/local/arduino15/packages/arduino/tools/arm-none-eabi-gcc/4.8.3-2014q1/bin/../lib/gcc/arm-none-eabi/4.8.3/armv7-m\libgcc.a
START GROUP
LOAD e:\drone_parachute\build\sketch\main.ino.cpp.o
LOAD e:\drone_parachute\build\libraries\Bolder_Flight_Systems_MPU9250\MPU9250.cpp.o
LOAD e:\drone_parachute\build\libraries\Wire\SoftWire.cpp.o
LOAD e:\drone_parachute\build\libraries\Wire\Wire.cpp.o
LOAD e:\drone_parachute\build\libraries\Wire\utility\WireBase.cpp.o
LOAD e:\drone_parachute\build\libraries\SPI\SPI.cpp.o
LOAD e:\drone_parachute\build\libraries\Servo\Servo.cpp.o
LOAD e:\drone_parachute\build\core\board.cpp.o
LOAD e:\drone_parachute\build\core\wirish\boards.cpp.o
LOAD e:\drone_parachute\build\core\wirish\boards_setup.cpp.o
LOAD e:\drone_parachute\build\core\wirish\start.S.o
LOAD e:\drone_parachute\build\core\wirish\start_c.c.o
LOAD e:\drone_parachute\build\core\wirish\syscalls.c.o
LOAD e:\drone_parachute\build\core\core.a
END GROUP
LOAD c:/users/param/appdata/local/arduino15/packages/arduino/tools/arm-none-eabi-gcc/4.8.3-2014q1/bin/../lib/gcc/arm-none-eabi/4.8.3/../../../../arm-none-eabi/lib/armv7-m\libstdc++.a
LOAD c:/users/param/appdata/local/arduino15/packages/arduino/tools/arm-none-eabi-gcc/4.8.3-2014q1/bin/../lib/gcc/arm-none-eabi/4.8.3/../../../../arm-none-eabi/lib/armv7-m\libm.a
START GROUP
LOAD c:/users/param/appdata/local/arduino15/packages/arduino/tools/arm-none-eabi-gcc/4.8.3-2014q1/bin/../lib/gcc/arm-none-eabi/4.8.3/armv7-m\libgcc.a
LOAD c:/users/param/appdata/local/arduino15/packages/arduino/tools/arm-none-eabi-gcc/4.8.3-2014q1/bin/../lib/gcc/arm-none-eabi/4.8.3/../../../../arm-none-eabi/lib/armv7-m\libc.a
END GROUP
LOAD c:/users/param/appdata/local/arduino15/packages/arduino/tools/arm-none-eabi-gcc/4.8.3-2014q1/bin/../lib/gcc/arm-none-eabi/4.8.3/armv7-m/crtend.o
LOAD c:/users/param/appdata/local/arduino15/packages/arduino/tools/arm-none-eabi-gcc/4.8.3-2014q1/bin/../lib/gcc/arm-none-eabi/4.8.3/armv7-m/crtn.o
START GROUP
LOAD c:/users/param/appdata/local/arduino15/packages/arduino/tools/arm-none-eabi-gcc/4.8.3-2014q1/bin/../lib/gcc/arm-none-eabi/4.8.3/armv7-m\libgcc.a
LOAD c:/users/param/appdata/local/arduino15/packages/arduino/tools/arm-none-eabi-gcc/4.8.3-2014q1/bin/../lib/gcc/arm-none-eabi/4.8.3/../../../../arm-none-eabi/lib/armv7-m\libc.a
LOAD c:/users/param/appdata/local/arduino15/packages/arduino/tools/arm-none-eabi-gcc/4.8.3-2014q1/bin/../lib/gcc/arm-none-eabi/4.8.3/../../../../arm-none-eabi/lib/armv7-m\libm.a
END GROUP
START GROUP
LOAD c:/users/param/appdata/local/arduino15/packages/arduino/tools/arm-none-eabi-gcc/4.8.3-2014q1/bin/../lib/gcc/arm-none-eabi/4.8.3/../../../../arm-none-eabi/lib/armv7-m\libnosys.a
END GROUP
                0x20005000                PROVIDE (__msp_init, (ORIGIN (ram) + 0x5000))
                0x08001eb0                PROVIDE (__exc_reset, __start__)

.text           0x08000000     0x63d4
                0x08000000                __text_start__ = .
 *(.stm32.interrupt_vector)
 .stm32.interrupt_vector
                0x08000000       0xec e:\drone_parachute\build\core\core.a(vector_table.S.o)
                0x08000000                __stm32_vector_table
 *(.text .text.* .gnu.linkonce.t.*)
 .text          0x080000ec       0x54 c:/users/param/appdata/local/arduino15/packages/arduino/tools/arm-none-eabi-gcc/4.8.3-2014q1/bin/../lib/gcc/arm-none-eabi/4.8.3/armv7-m/crtbegin.o
 .text._Z4loopv
                0x08000140        0x2 e:\drone_parachute\build\sketch\main.ino.cpp.o
                0x08000140                loop()
 *fill*         0x08000142        0x2 
 .text._Z23check_main_battery_voltv
                0x08000144       0x70 e:\drone_parachute\build\sketch\main.ino.cpp.o
                0x08000144                check_main_battery_volt()
 .text._Z11refresh_imuv
                0x080001b4        0xc e:\drone_parachute\build\sketch\main.ino.cpp.o
                0x080001b4                refresh_imu()
 .text._Z11check_statev
                0x080001c0      0x268 e:\drone_parachute\build\sketch\main.ino.cpp.o
                0x080001c0                check_state()
 .text._Z14parachute_initv
                0x08000428       0x2c e:\drone_parachute\build\sketch\main.ino.cpp.o
                0x08000428                parachute_init()
 .text._Z12deploy_chutev
                0x08000454       0x30 e:\drone_parachute\build\sketch\main.ino.cpp.o
                0x08000454                deploy_chute()
 .text._Z11kill_rotorsv
                0x08000484        0x8 e:\drone_parachute\build\sketch\main.ino.cpp.o
                0x08000484                kill_rotors()
 .text._Z17error_signal_initv
                0x0800048c       0x16 e:\drone_parachute\build\sketch\main.ino.cpp.o
                0x0800048c                error_signal_init()
 .text._Z18raise_error_signalv
                0x080004a2       0x32 e:\drone_parachute\build\sketch\main.ino.cpp.o
                0x080004a2                raise_error_signal()
 *fill*         0x080004d4        0x4 
 .text._Z14batteries_initv
                0x080004d8       0xd8 e:\drone_parachute\build\sketch\main.ino.cpp.o
                0x080004d8                batteries_init()
 .text._Z12check_systemv
                0x080005b0       0x30 e:\drone_parachute\build\sketch\main.ino.cpp.o
                0x080005b0                check_system()
 .text._Z8imu_initv
                0x080005e0       0x40 e:\drone_parachute\build\sketch\main.ino.cpp.o
                0x080005e0                imu_init()
 .text._Z5setupv
                0x08000620       0x80 e:\drone_parachute\build\sketch\main.ino.cpp.o
                0x08000620                setup()
 .text.startup._GLOBAL__sub_I__Z5setupv
                0x080006a0       0x24 e:\drone_parachute\build\sketch\main.ino.cpp.o
 .text._ZN7MPU9250C2ER7TwoWireh
                0x080006c4      0x294 e:\drone_parachute\build\libraries\Bolder_Flight_Systems_MPU9250\MPU9250.cpp.o
                0x080006c4                MPU9250::MPU9250(TwoWire&, unsigned char)
                0x080006c4                MPU9250::MPU9250(TwoWire&, unsigned char)
 .text._ZN7MPU925013getAccelX_mssEv
                0x08000958        0x4 e:\drone_parachute\build\libraries\Bolder_Flight_Systems_MPU9250\MPU9250.cpp.o
                0x08000958                MPU9250::getAccelX_mss()
 .text._ZN7MPU925013getAccelY_mssEv
                0x0800095c        0x4 e:\drone_parachute\build\libraries\Bolder_Flight_Systems_MPU9250\MPU9250.cpp.o
                0x0800095c                MPU9250::getAccelY_mss()
 .text._ZN7MPU925013getAccelZ_mssEv
                0x08000960        0x4 e:\drone_parachute\build\libraries\Bolder_Flight_Systems_MPU9250\MPU9250.cpp.o
                0x08000960                MPU9250::getAccelZ_mss()
 .text._ZN7MPU925013getGyroX_radsEv
                0x08000964        0x4 e:\drone_parachute\build\libraries\Bolder_Flight_Systems_MPU9250\MPU9250.cpp.o
                0x08000964                MPU9250::getGyroX_rads()
 .text._ZN7MPU925013getGyroY_radsEv
                0x08000968        0x4 e:\drone_parachute\build\libraries\Bolder_Flight_Systems_MPU9250\MPU9250.cpp.o
                0x08000968                MPU9250::getGyroY_rads()
 .text._ZN7MPU925013getGyroZ_radsEv
                0x0800096c        0x4 e:\drone_parachute\build\libraries\Bolder_Flight_Systems_MPU9250\MPU9250.cpp.o
                0x0800096c                MPU9250::getGyroZ_rads()
 .text._ZN7MPU925010getMagX_uTEv
                0x08000970        0x4 e:\drone_parachute\build\libraries\Bolder_Flight_Systems_MPU9250\MPU9250.cpp.o
                0x08000970                MPU9250::getMagX_uT()
 .text._ZN7MPU925010getMagY_uTEv
                0x08000974        0x4 e:\drone_parachute\build\libraries\Bolder_Flight_Systems_MPU9250\MPU9250.cpp.o
                0x08000974                MPU9250::getMagY_uT()
 .text._ZN7MPU925010getMagZ_uTEv
                0x08000978        0x4 e:\drone_parachute\build\libraries\Bolder_Flight_Systems_MPU9250\MPU9250.cpp.o
                0x08000978                MPU9250::getMagZ_uT()
 .text._ZN7MPU925016getTemperature_CEv
                0x0800097c        0x4 e:\drone_parachute\build\libraries\Bolder_Flight_Systems_MPU9250\MPU9250.cpp.o
                0x0800097c                MPU9250::getTemperature_C()
 .text._ZN7MPU925013readRegistersEhhPh
                0x08000980      0x130 e:\drone_parachute\build\libraries\Bolder_Flight_Systems_MPU9250\MPU9250.cpp.o
                0x08000980                MPU9250::readRegisters(unsigned char, unsigned char, unsigned char*)
 .text._ZN7MPU925010readSensorEv
                0x08000ab0      0x29e e:\drone_parachute\build\libraries\Bolder_Flight_Systems_MPU9250\MPU9250.cpp.o
                0x08000ab0                MPU9250::readSensor()
 .text._ZN7MPU925013writeRegisterEhh
                0x08000d4e       0xc6 e:\drone_parachute\build\libraries\Bolder_Flight_Systems_MPU9250\MPU9250.cpp.o
                0x08000d4e                MPU9250::writeRegister(unsigned char, unsigned char)
 .text._ZN7MPU925013setAccelRangeENS_10AccelRangeE
                0x08000e14       0x9c e:\drone_parachute\build\libraries\Bolder_Flight_Systems_MPU9250\MPU9250.cpp.o
                0x08000e14                MPU9250::setAccelRange(MPU9250::AccelRange)
 .text._ZN7MPU925012setGyroRangeENS_9GyroRangeE
                0x08000eb0       0x9c e:\drone_parachute\build\libraries\Bolder_Flight_Systems_MPU9250\MPU9250.cpp.o
                0x08000eb0                MPU9250::setGyroRange(MPU9250::GyroRange)
 .text._ZN7MPU925016setDlpfBandwidthENS_13DlpfBandwidthE
                0x08000f4c       0xda e:\drone_parachute\build\libraries\Bolder_Flight_Systems_MPU9250\MPU9250.cpp.o
                0x08000f4c                MPU9250::setDlpfBandwidth(MPU9250::DlpfBandwidth)
 .text._ZN7MPU925019readAK8963RegistersEhhPh
                0x08001026       0x6e e:\drone_parachute\build\libraries\Bolder_Flight_Systems_MPU9250\MPU9250.cpp.o
                0x08001026                MPU9250::readAK8963Registers(unsigned char, unsigned char, unsigned char*)
 .text._ZN7MPU925019writeAK8963RegisterEhh
                0x08001094       0x8e e:\drone_parachute\build\libraries\Bolder_Flight_Systems_MPU9250\MPU9250.cpp.o
                0x08001094                MPU9250::writeAK8963Register(unsigned char, unsigned char)
 .text._ZN7MPU92506setSrdEh
                0x08001122       0xa6 e:\drone_parachute\build\libraries\Bolder_Flight_Systems_MPU9250\MPU9250.cpp.o
                0x08001122                MPU9250::setSrd(unsigned char)
 .text._ZN7MPU925013calibrateGyroEv
                0x080011c8      0x148 e:\drone_parachute\build\libraries\Bolder_Flight_Systems_MPU9250\MPU9250.cpp.o
                0x080011c8                MPU9250::calibrateGyro()
 .text._ZN7MPU92506whoAmIEv
                0x08001310       0x20 e:\drone_parachute\build\libraries\Bolder_Flight_Systems_MPU9250\MPU9250.cpp.o
                0x08001310                MPU9250::whoAmI()
 .text._ZN7MPU925012whoAmIAK8963Ev
                0x08001330       0x20 e:\drone_parachute\build\libraries\Bolder_Flight_Systems_MPU9250\MPU9250.cpp.o
                0x08001330                MPU9250::whoAmIAK8963()
 .text._ZN7MPU92505beginEv
                0x08001350      0x358 e:\drone_parachute\build\libraries\Bolder_Flight_Systems_MPU9250\MPU9250.cpp.o
                0x08001350                MPU9250::begin()
 .text._ZN7TwoWire7processEv
                0x080016a8        0xc e:\drone_parachute\build\libraries\Wire\Wire.cpp.o
                0x080016a8                TwoWire::process()
 .text._ZN7TwoWire5beginEh
                0x080016b4        0xe e:\drone_parachute\build\libraries\Wire\Wire.cpp.o
                0x080016b4                TwoWire::begin(unsigned char)
 .text.i2c_disable
                0x080016c2       0x1a e:\drone_parachute\build\libraries\Wire\Wire.cpp.o
 .text._ZN7TwoWire3endEv
                0x080016dc       0x10 e:\drone_parachute\build\libraries\Wire\Wire.cpp.o
                0x080016dc                TwoWire::end()
 .text._ZN7TwoWire7processEh
                0x080016ec       0x4a e:\drone_parachute\build\libraries\Wire\Wire.cpp.o
                0x080016ec                TwoWire::process(unsigned char)
 *fill*         0x08001736        0x2 
 .text._ZN7TwoWireD2Ev
                0x08001738       0x24 e:\drone_parachute\build\libraries\Wire\Wire.cpp.o
                0x08001738                TwoWire::~TwoWire()
                0x08001738                TwoWire::~TwoWire()
 .text._ZN7TwoWire8setClockEm
                0x0800175c       0x26 e:\drone_parachute\build\libraries\Wire\Wire.cpp.o
                0x0800175c                TwoWire::setClock(unsigned long)
 *fill*         0x08001782        0x2 
 .text.startup._GLOBAL__sub_I__ZN7TwoWire7processEh
                0x08001784       0x28 e:\drone_parachute\build\libraries\Wire\Wire.cpp.o
 .text.exit._GLOBAL__sub_D__ZN7TwoWire7processEh
                0x080017ac        0xc e:\drone_parachute\build\libraries\Wire\Wire.cpp.o
 .text._ZN8WireBase5beginEh
                0x080017b8       0x14 e:\drone_parachute\build\libraries\Wire\utility\WireBase.cpp.o
                0x080017b8                WireBase::begin(unsigned char)
 .text._ZN8WireBase17beginTransmissionEh
                0x080017cc       0x14 e:\drone_parachute\build\libraries\Wire\utility\WireBase.cpp.o
                0x080017cc                WireBase::beginTransmission(unsigned char)
 .text._ZN8WireBase15endTransmissionEb
                0x080017e0       0x1e e:\drone_parachute\build\libraries\Wire\utility\WireBase.cpp.o
                0x080017e0                WireBase::endTransmission(bool)
 .text._ZN8WireBase15endTransmissionEv
                0x080017fe        0x6 e:\drone_parachute\build\libraries\Wire\utility\WireBase.cpp.o
                0x080017fe                WireBase::endTransmission()
 .text._ZN8WireBase11requestFromEhib
                0x08001804       0x38 e:\drone_parachute\build\libraries\Wire\utility\WireBase.cpp.o
                0x08001804                WireBase::requestFrom(unsigned char, int, bool)
 .text._ZN8WireBase5writeEh
                0x0800183c       0x28 e:\drone_parachute\build\libraries\Wire\utility\WireBase.cpp.o
                0x0800183c                WireBase::write(unsigned char)
 .text._ZN8WireBase4readEv
                0x08001864       0x3e e:\drone_parachute\build\libraries\Wire\utility\WireBase.cpp.o
                0x08001864                WireBase::read()
 .text._ZL12waitSpiTxEndP7spi_dev
                0x080018a2       0x10 e:\drone_parachute\build\libraries\SPI\SPI.cpp.o
 .text._ZL11disable_pwmPK14stm32_pin_info
                0x080018b2       0x10 e:\drone_parachute\build\libraries\SPI\SPI.cpp.o
 *fill*         0x080018c2        0x2 
 .text._ZL15dev_to_spi_pinsP7spi_dev.isra.8
                0x080018c4       0x1c e:\drone_parachute\build\libraries\SPI\SPI.cpp.o
 .text._ZL15configure_gpiosP7spi_devb
                0x080018e0       0x84 e:\drone_parachute\build\libraries\SPI\SPI.cpp.o
 .text._ZL19determine_baud_rateP7spi_devm.isra.9
                0x08001964       0x3c e:\drone_parachute\build\libraries\SPI\SPI.cpp.o
 .text._ZN8SPIClassC2Em
                0x080019a0       0xa8 e:\drone_parachute\build\libraries\SPI\SPI.cpp.o
                0x080019a0                SPIClass::SPIClass(unsigned long)
                0x080019a0                SPIClass::SPIClass(unsigned long)
 .text._ZN8SPIClass14updateSettingsEv
                0x08001a48       0x24 e:\drone_parachute\build\libraries\SPI\SPI.cpp.o
                0x08001a48                SPIClass::updateSettings()
 .text._ZN8SPIClass5beginEv
                0x08001a6c       0x24 e:\drone_parachute\build\libraries\SPI\SPI.cpp.o
                0x08001a6c                SPIClass::begin()
 .text._ZN8SPIClass15setClockDividerEm
                0x08001a90       0x18 e:\drone_parachute\build\libraries\SPI\SPI.cpp.o
                0x08001a90                SPIClass::setClockDivider(unsigned long)
 .text._ZN8SPIClass11setBitOrderE8BitOrder
                0x08001aa8       0x18 e:\drone_parachute\build\libraries\SPI\SPI.cpp.o
                0x08001aa8                SPIClass::setBitOrder(BitOrder)
 .text._ZN8SPIClass11setDataSizeEm
                0x08001ac0       0x30 e:\drone_parachute\build\libraries\SPI\SPI.cpp.o
                0x08001ac0                SPIClass::setDataSize(unsigned long)
 .text._ZN8SPIClass11setDataModeEh
                0x08001af0       0x1a e:\drone_parachute\build\libraries\SPI\SPI.cpp.o
                0x08001af0                SPIClass::setDataMode(unsigned char)
 .text._ZN8SPIClass16beginTransactionEh11SPISettings
                0x08001b0a       0x46 e:\drone_parachute\build\libraries\SPI\SPI.cpp.o
                0x08001b0a                SPIClass::beginTransaction(unsigned char, SPISettings)
 .text._ZN8SPIClass14endTransactionEv
                0x08001b50        0x2 e:\drone_parachute\build\libraries\SPI\SPI.cpp.o
                0x08001b50                SPIClass::endTransaction()
 .text._ZNK8SPIClass8transferEh
                0x08001b52       0x1a e:\drone_parachute\build\libraries\SPI\SPI.cpp.o
                0x08001b52                SPIClass::transfer(unsigned char) const
 .text.startup._GLOBAL__sub_I__ZN8SPIClassC2Em
                0x08001b6c        0xc e:\drone_parachute\build\libraries\SPI\SPI.cpp.o
 .text._ZN5Servo17writeMicrosecondsEt
                0x08001b78       0x3a e:\drone_parachute\build\libraries\Servo\Servo.cpp.o
                0x08001b78                Servo::writeMicroseconds(unsigned short)
 .text._ZN5Servo5writeEi
                0x08001bb2       0x3c e:\drone_parachute\build\libraries\Servo\Servo.cpp.o
                0x08001bb2                Servo::write(int)
 .text._ZN5Servo11resetFieldsEv
                0x08001bee       0x1c e:\drone_parachute\build\libraries\Servo\Servo.cpp.o
                0x08001bee                Servo::resetFields()
 .text._ZN5ServoC2Ev
                0x08001c0a        0xc e:\drone_parachute\build\libraries\Servo\Servo.cpp.o
                0x08001c0a                Servo::Servo()
                0x08001c0a                Servo::Servo()
 *fill*         0x08001c16        0x2 
 .text._ZN5Servo6detachEv
                0x08001c18       0x30 e:\drone_parachute\build\libraries\Servo\Servo.cpp.o
                0x08001c18                Servo::detach()
 .text._ZN5Servo6attachEhttss
                0x08001c48       0x68 e:\drone_parachute\build\libraries\Servo\Servo.cpp.o
                0x08001c48                Servo::attach(unsigned char, unsigned short, unsigned short, short, short)
 .text._Z9boardInitv
                0x08001cb0        0x2 e:\drone_parachute\build\core\board.cpp.o
                0x08001cb0                boardInit()
 *fill*         0x08001cb2        0x2 
 .text.startup._GLOBAL__sub_I__Z9boardInitv
                0x08001cb4       0x48 e:\drone_parachute\build\core\board.cpp.o
 .text._ZL18adc_default_configP7adc_dev
                0x08001cfc       0x1c e:\drone_parachute\build\core\wirish\boards.cpp.o
 .text._ZL20timer_default_configP9timer_dev
                0x08001d18       0x9e e:\drone_parachute\build\core\wirish\boards.cpp.o
 *fill*         0x08001db6        0x2 
 .text._Z4initv
                0x08001db8       0xbc e:\drone_parachute\build\core\wirish\boards.cpp.o
                0x08001db8                init()
 .text._ZN6wirish4priv15board_reset_pllEv
                0x08001e74        0x2 e:\drone_parachute\build\core\wirish\boards_setup.cpp.o
                0x08001e74                wirish::priv::board_reset_pll()
 .text._ZN6wirish4priv28board_setup_clock_prescalersEv
                0x08001e76       0x2e e:\drone_parachute\build\core\wirish\boards_setup.cpp.o
                0x08001e76                wirish::priv::board_setup_clock_prescalers()
 .text._ZN6wirish4priv16board_setup_gpioEv
                0x08001ea4        0x4 e:\drone_parachute\build\core\wirish\boards_setup.cpp.o
                0x08001ea4                wirish::priv::board_setup_gpio()
 .text._ZN6wirish4priv15board_setup_usbEv
                0x08001ea8        0x2 e:\drone_parachute\build\core\wirish\boards_setup.cpp.o
                0x08001ea8                wirish::priv::board_setup_usb()
 .text._ZN6wirish4priv11series_initEv
                0x08001eaa        0x4 e:\drone_parachute\build\core\wirish\boards_setup.cpp.o
                0x08001eaa                wirish::priv::series_init()
 *fill*         0x08001eae        0x2 
 .text          0x08001eb0       0x10 e:\drone_parachute\build\core\wirish\start.S.o
                0x08001eb0                __start__
 .text.start_c  0x08001ec0       0x58 e:\drone_parachute\build\core\wirish\start_c.c.o
                0x08001ec0                start_c
 .text.rb_full_count
                0x08001f18       0x22 e:\drone_parachute\build\core\core.a(HardwareSerial.cpp.o)
 .text._ZN14HardwareSerial4readEv
                0x08001f3a       0x3a e:\drone_parachute\build\core\core.a(HardwareSerial.cpp.o)
                0x08001f3a                HardwareSerial::read()
 .text._ZN14HardwareSerial9availableEv
                0x08001f74        0xc e:\drone_parachute\build\core\core.a(HardwareSerial.cpp.o)
                0x08001f74                HardwareSerial::available()
 .text._ZN14HardwareSerial4peekEv
                0x08001f80       0x22 e:\drone_parachute\build\core\core.a(HardwareSerial.cpp.o)
                0x08001f80                HardwareSerial::peek()
 .text._ZN14HardwareSerial5flushEv
                0x08001fa2       0x1a e:\drone_parachute\build\core\core.a(HardwareSerial.cpp.o)
                0x08001fa2                HardwareSerial::flush()
 .text._ZN14HardwareSerial5writeEh
                0x08001fbc       0x1e e:\drone_parachute\build\core\core.a(HardwareSerial.cpp.o)
                0x08001fbc                HardwareSerial::write(unsigned char)
 *fill*         0x08001fda        0x2 
 .text._ZN14HardwareSerialC2EP9usart_devhh
                0x08001fdc       0x1c e:\drone_parachute\build\core\core.a(HardwareSerial.cpp.o)
                0x08001fdc                HardwareSerial::HardwareSerial(usart_dev*, unsigned char, unsigned char)
                0x08001fdc                HardwareSerial::HardwareSerial(usart_dev*, unsigned char, unsigned char)
 .text._ZN14HardwareSerial5beginEmh
                0x08001ff8       0x78 e:\drone_parachute\build\core\core.a(HardwareSerial.cpp.o)
                0x08001ff8                HardwareSerial::begin(unsigned long, unsigned char)
 .text._ZN14HardwareSerial5beginEm
                0x08002070        0x6 e:\drone_parachute\build\core\core.a(HardwareSerial.cpp.o)
                0x08002070                HardwareSerial::begin(unsigned long)
 .text._ZN5Print5writeEPKvm
                0x08002076       0x20 e:\drone_parachute\build\core\core.a(Print.cpp.o)
                0x08002076                Print::write(void const*, unsigned long)
 .text._ZN5Print5writeEPKc
                0x08002096       0x1e e:\drone_parachute\build\core\core.a(Print.cpp.o)
                0x08002096                Print::write(char const*)
 .text._ZN5Print5printEc
                0x080020b4        0xa e:\drone_parachute\build\core\core.a(Print.cpp.o)
                0x080020b4                Print::print(char)
 .text._ZN5Print5printEPKc
                0x080020be        0xa e:\drone_parachute\build\core\core.a(Print.cpp.o)
                0x080020be                Print::print(char const*)
 .text._ZN5Print7printlnEv
                0x080020c8       0x18 e:\drone_parachute\build\core\core.a(Print.cpp.o)
                0x080020c8                Print::println()
 .text._ZN5Print7printlnEPKc
                0x080020e0       0x14 e:\drone_parachute\build\core\core.a(Print.cpp.o)
                0x080020e0                Print::println(char const*)
 .text._ZN5Print11printNumberEyh
                0x080020f4       0x84 e:\drone_parachute\build\core\core.a(Print.cpp.o)
                0x080020f4                Print::printNumber(unsigned long long, unsigned char)
 .text._ZN5Print5printExi
                0x08002178       0x32 e:\drone_parachute\build\core\core.a(Print.cpp.o)
                0x08002178                Print::print(long long, int)
 .text._ZN5Print5printEii
                0x080021aa       0x12 e:\drone_parachute\build\core\core.a(Print.cpp.o)
                0x080021aa                Print::print(int, int)
 *fill*         0x080021bc        0x4 
 .text._ZN5Print10printFloatEdh
                0x080021c0      0x158 e:\drone_parachute\build\core\core.a(Print.cpp.o)
                0x080021c0                Print::printFloat(double, unsigned char)
 .text._ZN5Print5printEdi
                0x08002318        0xa e:\drone_parachute\build\core\core.a(Print.cpp.o)
                0x08002318                Print::print(double, int)
 .text._ZN5Print7printlnEdi
                0x08002322       0x1c e:\drone_parachute\build\core\core.a(Print.cpp.o)
                0x08002322                Print::println(double, int)
 .text.__cxa_pure_virtual
                0x0800233e        0x2 e:\drone_parachute\build\core\core.a(cxxabi-compat.cpp.o)
                0x0800233e                __cxa_pure_virtual
 .text.adc_init
                0x08002340       0x14 e:\drone_parachute\build\core\core.a(adc.c.o)
                0x08002340                adc_init
 .text.adc_set_extsel
                0x08002354       0x12 e:\drone_parachute\build\core\core.a(adc.c.o)
                0x08002354                adc_set_extsel
 .text.adc_set_sample_rate
                0x08002366       0x30 e:\drone_parachute\build\core\core.a(adc.c.o)
                0x08002366                adc_set_sample_rate
 .text.adc_read
                0x08002396       0x20 e:\drone_parachute\build\core\core.a(adc.c.o)
                0x08002396                adc_read
 *fill*         0x080023b6        0x2 
 .text.__irq_adc
                0x080023b8       0x50 e:\drone_parachute\build\core\core.a(adc_f1.c.o)
                0x080023b8                __irq_adc
 .text.adc_calibrate
                0x08002408       0x24 e:\drone_parachute\build\core\core.a(adc_f1.c.o)
                0x08002408                adc_calibrate
 .text.adc_set_prescaler
                0x0800242c        0x8 e:\drone_parachute\build\core\core.a(adc_f1.c.o)
                0x0800242c                adc_set_prescaler
 .text.adc_foreach
                0x08002434       0x1c e:\drone_parachute\build\core\core.a(adc_f1.c.o)
                0x08002434                adc_foreach
 .text.adc_enable_single_swstart
                0x08002450       0x36 e:\drone_parachute\build\core\core.a(adc_f1.c.o)
                0x08002450                adc_enable_single_swstart
 .text.dma_irq_handler
                0x08002486       0x1c e:\drone_parachute\build\core\core.a(dma_f1.c.o)
 *fill*         0x080024a2        0x2 
 .text.__irq_dma1_channel1
                0x080024a4       0x10 e:\drone_parachute\build\core\core.a(dma_f1.c.o)
                0x080024a4                __irq_dma1_channel1
 .text.__irq_dma1_channel2
                0x080024b4       0x10 e:\drone_parachute\build\core\core.a(dma_f1.c.o)
                0x080024b4                __irq_dma1_channel2
 .text.__irq_dma1_channel3
                0x080024c4       0x10 e:\drone_parachute\build\core\core.a(dma_f1.c.o)
                0x080024c4                __irq_dma1_channel3
 .text.__irq_dma1_channel4
                0x080024d4       0x10 e:\drone_parachute\build\core\core.a(dma_f1.c.o)
                0x080024d4                __irq_dma1_channel4
 .text.__irq_dma1_channel5
                0x080024e4       0x10 e:\drone_parachute\build\core\core.a(dma_f1.c.o)
                0x080024e4                __irq_dma1_channel5
 .text.__irq_dma1_channel6
                0x080024f4       0x10 e:\drone_parachute\build\core\core.a(dma_f1.c.o)
                0x080024f4                __irq_dma1_channel6
 .text.__irq_dma1_channel7
                0x08002504       0x10 e:\drone_parachute\build\core\core.a(dma_f1.c.o)
                0x08002504                __irq_dma1_channel7
 *fill*         0x08002514        0xc 
 .text          0x08002520       0x60 e:\drone_parachute\build\core\core.a(exc.S.o)
                0x08002520                __exc_nmi
                0x08002524                __exc_hardfault
                0x08002528                __exc_memmanage
                0x0800252c                __exc_busfault
                0x08002530                __exc_usagefault
 .text.dispatch_single_exti
                0x08002580       0x2c e:\drone_parachute\build\core\core.a(exti.c.o)
                0x08002580                dispatch_single_exti
 .text.dispatch_extis
                0x080025ac       0x4c e:\drone_parachute\build\core\core.a(exti.c.o)
                0x080025ac                dispatch_extis
 .text.__irq_exti0
                0x080025f8        0x6 e:\drone_parachute\build\core\core.a(exti.c.o)
                0x080025f8                __irq_exti0
 .text.__irq_exti1
                0x080025fe        0x6 e:\drone_parachute\build\core\core.a(exti.c.o)
                0x080025fe                __irq_exti1
 .text.__irq_exti2
                0x08002604        0x6 e:\drone_parachute\build\core\core.a(exti.c.o)
                0x08002604                __irq_exti2
 .text.__irq_exti3
                0x0800260a        0x6 e:\drone_parachute\build\core\core.a(exti.c.o)
                0x0800260a                __irq_exti3
 .text.__irq_exti4
                0x08002610        0x6 e:\drone_parachute\build\core\core.a(exti.c.o)
                0x08002610                __irq_exti4
 .text.__irq_exti9_5
                0x08002616        0x8 e:\drone_parachute\build\core\core.a(exti.c.o)
                0x08002616                __irq_exti9_5
 .text.__irq_exti15_10
                0x0800261e        0x8 e:\drone_parachute\build\core\core.a(exti.c.o)
                0x0800261e                __irq_exti15_10
 *fill*         0x08002626        0x2 
 .text.flash_set_latency
                0x08002628       0x14 e:\drone_parachute\build\core\core.a(flash.c.o)
                0x08002628                flash_set_latency
 .text.gpio_init_all
                0x0800263c       0x30 e:\drone_parachute\build\core\core.a(gpio_f1.c.o)
                0x0800263c                gpio_init_all
 .text.gpio_set_mode
                0x0800266c       0x50 e:\drone_parachute\build\core\core.a(gpio_f1.c.o)
                0x0800266c                gpio_set_mode
 .text.afio_init
                0x080026bc       0x12 e:\drone_parachute\build\core\core.a(gpio_f1.c.o)
                0x080026bc                afio_init
 *fill*         0x080026ce        0x2 
 .text.afio_remap
                0x080026d0       0x20 e:\drone_parachute\build\core\core.a(gpio_f1.c.o)
                0x080026d0                afio_remap
 .text.nvic_irq_enable
                0x080026f0       0x1c e:\drone_parachute\build\core\core.a(i2c.c.o)
 .text.i2c_disable_irq
                0x0800270c        0xc e:\drone_parachute\build\core\core.a(i2c.c.o)
 .text.delay_us.part.0.constprop.6
                0x08002718        0xa e:\drone_parachute\build\core\core.a(i2c.c.o)
 .text.i2c_bus_reset
                0x08002722       0xc2 e:\drone_parachute\build\core\core.a(i2c.c.o)
                0x08002722                i2c_bus_reset
 .text.i2c_init
                0x080027e4       0x1e e:\drone_parachute\build\core\core.a(i2c.c.o)
                0x080027e4                i2c_init
 *fill*         0x08002802        0x2 
 .text.wait_for_state_change
                0x08002804       0x98 e:\drone_parachute\build\core\core.a(i2c.c.o)
                0x08002804                wait_for_state_change
 .text.i2c_master_xfer
                0x0800289c       0xa4 e:\drone_parachute\build\core\core.a(i2c.c.o)
                0x0800289c                i2c_master_xfer
 .text._i2c_irq_handler
                0x08002940      0x3d8 e:\drone_parachute\build\core\core.a(i2c.c.o)
                0x08002940                _i2c_irq_handler
 .text._i2c_irq_error_handler
                0x08002d18       0x84 e:\drone_parachute\build\core\core.a(i2c.c.o)
                0x08002d18                _i2c_irq_error_handler
 .text.i2c_set_ccr_trise
                0x08002d9c       0x54 e:\drone_parachute\build\core\core.a(i2c.c.o)
                0x08002d9c                i2c_set_ccr_trise
 .text.i2c_master_enable
                0x08002df0      0x1b4 e:\drone_parachute\build\core\core.a(i2c.c.o)
                0x08002df0                i2c_master_enable
 .text.i2c_config_gpios
                0x08002fa4       0x58 e:\drone_parachute\build\core\core.a(i2c_f1.c.o)
                0x08002fa4                i2c_config_gpios
 .text.i2c_master_release_bus
                0x08002ffc       0x4c e:\drone_parachute\build\core\core.a(i2c_f1.c.o)
                0x08002ffc                i2c_master_release_bus
 .text.__irq_i2c1_ev
                0x08003048        0xc e:\drone_parachute\build\core\core.a(i2c_f1.c.o)
                0x08003048                __irq_i2c1_ev
 .text.__irq_i2c2_ev
                0x08003054        0xc e:\drone_parachute\build\core\core.a(i2c_f1.c.o)
                0x08003054                __irq_i2c2_ev
 .text.__irq_i2c1_er
                0x08003060        0xc e:\drone_parachute\build\core\core.a(i2c_f1.c.o)
                0x08003060                __irq_i2c1_er
 .text.__irq_i2c2_er
                0x0800306c        0xc e:\drone_parachute\build\core\core.a(i2c_f1.c.o)
                0x0800306c                __irq_i2c2_er
 .text._i2c_irq_priority_fixup
                0x08003078        0xa e:\drone_parachute\build\core\core.a(i2c_f1.c.o)
                0x08003078                _i2c_irq_priority_fixup
 *fill*         0x08003082        0x2 
 .text.nvic_irq_set_priority
                0x08003084       0x28 e:\drone_parachute\build\core\core.a(nvic.c.o)
                0x08003084                nvic_irq_set_priority
 .text.nvic_init
                0x080030ac       0x30 e:\drone_parachute\build\core\core.a(nvic.c.o)
                0x080030ac                nvic_init
 .text.rcc_dev_clk
                0x080030dc        0xc e:\drone_parachute\build\core\core.a(rcc.c.o)
                0x080030dc                rcc_dev_clk
 .text.rcc_switch_sysclk
                0x080030e8       0x20 e:\drone_parachute\build\core\core.a(rcc.c.o)
                0x080030e8                rcc_switch_sysclk
 .text.rcc_turn_on_clk
                0x08003108       0x1a e:\drone_parachute\build\core\core.a(rcc.c.o)
                0x08003108                rcc_turn_on_clk
 .text.rcc_turn_off_clk
                0x08003122       0x1c e:\drone_parachute\build\core\core.a(rcc.c.o)
                0x08003122                rcc_turn_off_clk
 .text.rcc_is_clk_ready
                0x0800313e       0x18 e:\drone_parachute\build\core\core.a(rcc.c.o)
                0x0800313e                rcc_is_clk_ready
 *fill*         0x08003156        0x2 
 .text.rcc_configure_pll
                0x08003158       0x18 e:\drone_parachute\build\core\core.a(rcc_f1.c.o)
                0x08003158                rcc_configure_pll
 .text.rcc_clk_enable
                0x08003170       0x30 e:\drone_parachute\build\core\core.a(rcc_f1.c.o)
                0x08003170                rcc_clk_enable
 .text.rcc_reset_dev
                0x080031a0       0x34 e:\drone_parachute\build\core\core.a(rcc_f1.c.o)
                0x080031a0                rcc_reset_dev
 .text.rcc_set_prescaler
                0x080031d4       0x20 e:\drone_parachute\build\core\core.a(rcc_f1.c.o)
                0x080031d4                rcc_set_prescaler
 .text.rcc_clk_disable
                0x080031f4       0x30 e:\drone_parachute\build\core\core.a(rcc_f1.c.o)
                0x080031f4                rcc_clk_disable
 .text.bb_peri_set_bit
                0x08003224        0xe e:\drone_parachute\build\core\core.a(spi.c.o)
 .text.spi_init
                0x08003232       0x14 e:\drone_parachute\build\core\core.a(spi.c.o)
                0x08003232                spi_init
 .text.spi_peripheral_enable
                0x08003246        0xa e:\drone_parachute\build\core\core.a(spi.c.o)
                0x08003246                spi_peripheral_enable
 .text.spi_peripheral_disable
                0x08003250        0xa e:\drone_parachute\build\core\core.a(spi.c.o)
                0x08003250                spi_peripheral_disable
 .text.spi_reconfigure
                0x0800325a       0x2c e:\drone_parachute\build\core\core.a(spi.c.o)
 .text.spi_master_enable
                0x08003286        0xc e:\drone_parachute\build\core\core.a(spi.c.o)
                0x08003286                spi_master_enable
 .text.spi_config_gpios
                0x08003292       0x5a e:\drone_parachute\build\core\core.a(spi_f1.c.o)
                0x08003292                spi_config_gpios
 .text          0x080032ec        0x2 e:\drone_parachute\build\core\core.a(isrs.S.o)
                0x080032ec                __stm32reservedexception9
                0x080032ec                __exc_debug_monitor
                0x080032ec                __exc_svc
                0x080032ec                __irq_can_rx1
                0x080032ec                __irq_spi2
                0x080032ec                __irq_can_sce
                0x080032ec                __irq_pvd
                0x080032ec                __irq_tamper
                0x080032ec                __default_handler
                0x080032ec                __irq_wwdg
                0x080032ec                __stm32reservedexception10
                0x080032ec                __irq_flash
                0x080032ec                __stm32reservedexception13
                0x080032ec                __irq_rtc
                0x080032ec                __irq_spi1
                0x080032ec                __stm32reservedexception7
                0x080032ec                __irq_usb_hp_can_tx
                0x080032ec                __irq_rtcalarm
                0x080032ec                __stm32reservedexception8
                0x080032ec                __exc_pendsv
                0x080032ec                __irq_usbwakeup
                0x080032ec                __irq_rcc
 *fill*         0x080032ee        0x2 
 .text.systick_init
                0x080032f0       0x10 e:\drone_parachute\build\core\core.a(systick.c.o)
                0x080032f0                systick_init
 .text.__exc_systick
                0x08003300       0x1c e:\drone_parachute\build\core\core.a(systick.c.o)
                0x08003300                __exc_systick
 .text.timer_oc_set_mode
                0x0800331c       0x3a e:\drone_parachute\build\core\core.a(timer.c.o)
 .text.dispatch_general
                0x08003356       0x66 e:\drone_parachute\build\core\core.a(timer.c.o)
 .text.timer_cc_enable
                0x080033bc       0x1c e:\drone_parachute\build\core\core.a(timer.c.o)
 .text.timer_foreach
                0x080033d8       0x28 e:\drone_parachute\build\core\core.a(timer.c.o)
                0x080033d8                timer_foreach
 .text.timer_init
                0x08003400       0x14 e:\drone_parachute\build\core\core.a(timer.c.o)
                0x08003400                timer_init
 .text.timer_has_cc_channel
                0x08003414       0x30 e:\drone_parachute\build\core\core.a(timer.c.o)
                0x08003414                timer_has_cc_channel
 .text.timer_detach_interrupt
                0x08003444       0x1e e:\drone_parachute\build\core\core.a(timer.c.o)
                0x08003444                timer_detach_interrupt
 .text.input_capture_mode
                0x08003462       0x1a e:\drone_parachute\build\core\core.a(timer.c.o)
                0x08003462                input_capture_mode
 .text.timer_set_mode
                0x0800347c       0x8c e:\drone_parachute\build\core\core.a(timer.c.o)
                0x0800347c                timer_set_mode
 .text.__irq_tim1_brk
                0x08003508       0x24 e:\drone_parachute\build\core\core.a(timer.c.o)
                0x08003508                __irq_tim1_brk
 .text.__irq_tim1_up
                0x0800352c       0x24 e:\drone_parachute\build\core\core.a(timer.c.o)
                0x0800352c                __irq_tim1_up
 .text.__irq_tim1_trg_com
                0x08003550       0x34 e:\drone_parachute\build\core\core.a(timer.c.o)
                0x08003550                __irq_tim1_trg_com
 .text.__irq_tim1_cc
                0x08003584       0x50 e:\drone_parachute\build\core\core.a(timer.c.o)
                0x08003584                __irq_tim1_cc
 .text.__irq_tim2
                0x080035d4        0xc e:\drone_parachute\build\core\core.a(timer.c.o)
                0x080035d4                __irq_tim2
 .text.__irq_tim3
                0x080035e0        0xc e:\drone_parachute\build\core\core.a(timer.c.o)
                0x080035e0                __irq_tim3
 .text.__irq_tim4
                0x080035ec        0xc e:\drone_parachute\build\core\core.a(timer.c.o)
                0x080035ec                __irq_tim4
 .text.usart_init
                0x080035f8       0x4c e:\drone_parachute\build\core\core.a(usart.c.o)
                0x080035f8                usart_init
 .text.usart_enable
                0x08003644       0x14 e:\drone_parachute\build\core\core.a(usart.c.o)
                0x08003644                usart_enable
 .text.usart_tx
                0x08003658       0x9c e:\drone_parachute\build\core\core.a(usart.c.o)
                0x08003658                usart_tx
 .text.usart_irq
                0x080036f4       0xc8 e:\drone_parachute\build\core\core.a(usart_f1.c.o)
 .text.usart_config_gpios_async
                0x080037bc       0x4a e:\drone_parachute\build\core\core.a(usart_f1.c.o)
                0x080037bc                usart_config_gpios_async
 .text.usart_set_baud_rate
                0x08003806       0x3c e:\drone_parachute\build\core\core.a(usart_f1.c.o)
                0x08003806                usart_set_baud_rate
 *fill*         0x08003842        0x2 
 .text.__irq_usart1
                0x08003844       0x18 e:\drone_parachute\build\core\core.a(usart_f1.c.o)
                0x08003844                __irq_usart1
 .text.__irq_usart2
                0x0800385c       0x18 e:\drone_parachute\build\core\core.a(usart_f1.c.o)
                0x0800385c                __irq_usart2
 .text.__irq_usart3
                0x08003874       0x18 e:\drone_parachute\build\core\core.a(usart_f1.c.o)
                0x08003874                __irq_usart3
 .text._usart_clock_freq
                0x0800388c       0x24 e:\drone_parachute\build\core\core.a(usart_private.c.o)
                0x0800388c                _usart_clock_freq
 .text.usb_resume
                0x080038b0       0xb4 e:\drone_parachute\build\core\core.a(usb.c.o)
 .text.__irq_usb_lp_can_rx0
                0x08003964      0x1c8 e:\drone_parachute\build\core\core.a(usb.c.o)
                0x08003964                __irq_usb_lp_can_rx0
 .text.usb_set_ep_rx_stat
                0x08003b2c       0x22 e:\drone_parachute\build\core\core.a(usb_cdcacm.c.o)
 *fill*         0x08003b4e        0x2 
 .text.vcomGetSetLineCoding
                0x08003b50       0x18 e:\drone_parachute\build\core\core.a(usb_cdcacm.c.o)
 .text.usbDataSetup
                0x08003b68       0x54 e:\drone_parachute\build\core\core.a(usb_cdcacm.c.o)
 .text.usbNoDataSetup
                0x08003bbc       0x50 e:\drone_parachute\build\core\core.a(usb_cdcacm.c.o)
 .text.usbGetInterfaceSetting
                0x08003c0c       0x10 e:\drone_parachute\build\core\core.a(usb_cdcacm.c.o)
 .text.usbGetStringDescriptor
                0x08003c1c       0x20 e:\drone_parachute\build\core\core.a(usb_cdcacm.c.o)
 .text.usbGetConfigDescriptor
                0x08003c3c        0xc e:\drone_parachute\build\core\core.a(usb_cdcacm.c.o)
 .text.usbGetDeviceDescriptor
                0x08003c48        0xc e:\drone_parachute\build\core\core.a(usb_cdcacm.c.o)
 .text.usbInit  0x08003c54       0x44 e:\drone_parachute\build\core\core.a(usb_cdcacm.c.o)
 .text.usbReset
                0x08003c98      0x160 e:\drone_parachute\build\core\core.a(usb_cdcacm.c.o)
 .text.usb_set_ep_rx_count
                0x08003df8       0x4c e:\drone_parachute\build\core\core.a(usb_reg_map.c.o)
                0x08003df8                usb_set_ep_rx_count
 .text.Standard_GetConfiguration
                0x08003e44       0x24 e:\drone_parachute\build\core\core.a(usb_core.c.o)
                0x08003e44                Standard_GetConfiguration
 .text.Standard_GetInterface
                0x08003e68       0x24 e:\drone_parachute\build\core\core.a(usb_core.c.o)
                0x08003e68                Standard_GetInterface
 .text.Standard_GetStatus
                0x08003e8c       0x90 e:\drone_parachute\build\core\core.a(usb_core.c.o)
                0x08003e8c                Standard_GetStatus
 .text.DataStageIn
                0x08003f1c       0xa8 e:\drone_parachute\build\core\core.a(usb_core.c.o)
 .text.Standard_SetConfiguration
                0x08003fc4       0x38 e:\drone_parachute\build\core\core.a(usb_core.c.o)
                0x08003fc4                Standard_SetConfiguration
 .text.Standard_SetInterface
                0x08003ffc       0x48 e:\drone_parachute\build\core\core.a(usb_core.c.o)
                0x08003ffc                Standard_SetInterface
 .text.Standard_ClearFeature
                0x08004044       0xd0 e:\drone_parachute\build\core\core.a(usb_core.c.o)
                0x08004044                Standard_ClearFeature
 .text.Standard_SetEndPointFeature
                0x08004114       0x84 e:\drone_parachute\build\core\core.a(usb_core.c.o)
                0x08004114                Standard_SetEndPointFeature
 .text.Standard_SetDeviceFeature
                0x08004198       0x24 e:\drone_parachute\build\core\core.a(usb_core.c.o)
                0x08004198                Standard_SetDeviceFeature
 .text.Standard_GetDescriptorData
                0x080041bc       0x1c e:\drone_parachute\build\core\core.a(usb_core.c.o)
                0x080041bc                Standard_GetDescriptorData
 .text.Post0_Process
                0x080041d8       0x40 e:\drone_parachute\build\core\core.a(usb_core.c.o)
                0x080041d8                Post0_Process
 .text.Setup0_Process
                0x08004218      0x2d0 e:\drone_parachute\build\core\core.a(usb_core.c.o)
                0x08004218                Setup0_Process
 .text.Out0_Process
                0x080044e8       0xc8 e:\drone_parachute\build\core\core.a(usb_core.c.o)
                0x080044e8                Out0_Process
 .text.SetDeviceAddress
                0x080045b0       0x38 e:\drone_parachute\build\core\core.a(usb_core.c.o)
                0x080045b0                SetDeviceAddress
 .text.In0_Process
                0x080045e8       0x5c e:\drone_parachute\build\core\core.a(usb_core.c.o)
                0x080045e8                In0_Process
 .text.NOP_Process
                0x08004644        0x2 e:\drone_parachute\build\core\core.a(usb_core.c.o)
                0x08004644                NOP_Process
 .text.UserToPMABufferCopy
                0x08004646       0x30 e:\drone_parachute\build\core\core.a(usb_mem.c.o)
                0x08004646                UserToPMABufferCopy
 .text.PMAToUserBufferCopy
                0x08004676       0x32 e:\drone_parachute\build\core\core.a(usb_mem.c.o)
                0x08004676                PMAToUserBufferCopy
 .text.SetEPTxStatus
                0x080046a8       0x2a e:\drone_parachute\build\core\core.a(usb_regs.c.o)
                0x080046a8                SetEPTxStatus
 .text.ClearDTOG_RX
                0x080046d2       0x20 e:\drone_parachute\build\core\core.a(usb_regs.c.o)
                0x080046d2                ClearDTOG_RX
 .text.ClearDTOG_TX
                0x080046f2       0x20 e:\drone_parachute\build\core\core.a(usb_regs.c.o)
                0x080046f2                ClearDTOG_TX
 *fill*         0x08004712        0x2 
 .text.GetEPTxAddr
                0x08004714       0x1c e:\drone_parachute\build\core\core.a(usb_regs.c.o)
                0x08004714                GetEPTxAddr
 .text.GetEPRxAddr
                0x08004730       0x1c e:\drone_parachute\build\core\core.a(usb_regs.c.o)
                0x08004730                GetEPRxAddr
 .text.SetEPTxCount
                0x0800474c       0x1c e:\drone_parachute\build\core\core.a(usb_regs.c.o)
                0x0800474c                SetEPTxCount
 .text.SetEPRxCount
                0x08004768       0x40 e:\drone_parachute\build\core\core.a(usb_regs.c.o)
                0x08004768                SetEPRxCount
 .text.throb    0x080047a8       0x4c e:\drone_parachute\build\core\core.a(util.c.o)
                0x080047a8                throb
 .text.__error  0x080047f4       0x14 e:\drone_parachute\build\core\core.a(util.c.o)
                0x080047f4                __error
 .text.startup._Z7premainv
                0x08004808        0x4 e:\drone_parachute\build\core\core.a(main.cpp.o)
                0x08004808                premain()
 .text.startup.main
                0x0800480c        0xc e:\drone_parachute\build\core\core.a(main.cpp.o)
                0x0800480c                main
 .text._Z8pwmWriteht
                0x08004818       0x24 e:\drone_parachute\build\core\core.a(pwm.cpp.o)
                0x08004818                pwmWrite(unsigned char, unsigned short)
 .text._Z7pinModeh13WiringPinMode
                0x0800483c       0x84 e:\drone_parachute\build\core\core.a(wirish_digital_f1.cpp.o)
                0x0800483c                pinMode(unsigned char, WiringPinMode)
 .text._Z10analogReadh
                0x080048c0       0x1c e:\drone_parachute\build\core\core.a(wirish_analog.cpp.o)
                0x080048c0                analogRead(unsigned char)
 .text._Z12digitalWritehh
                0x080048dc       0x2c e:\drone_parachute\build\core\core.a(wirish_digital.cpp.o)
                0x080048dc                digitalWrite(unsigned char, unsigned char)
 .text._ZL6microsv
                0x08004908       0x34 e:\drone_parachute\build\core\core.a(wirish_time.cpp.o)
 .text._Z5delaym
                0x0800493c       0x2a e:\drone_parachute\build\core\core.a(wirish_time.cpp.o)
                0x0800493c                delay(unsigned long)
 .text.__empty  0x08004966        0x2 e:\drone_parachute\build\core\core.a(hooks.c.o)
                0x08004966                yield
 .text.gpio_init
                0x08004968       0x14 e:\drone_parachute\build\core\core.a(gpio.c.o)
                0x08004968                gpio_init
 .text.sqrt     0x0800497c       0xac c:/users/param/appdata/local/arduino15/packages/arduino/tools/arm-none-eabi-gcc/4.8.3-2014q1/bin/../lib/gcc/arm-none-eabi/4.8.3/../../../../arm-none-eabi/lib/armv7-m\libm.a(lib_a-w_sqrt.o)
                0x0800497c                sqrt
 .text.__ieee754_sqrt
                0x08004a28      0x180 c:/users/param/appdata/local/arduino15/packages/arduino/tools/arm-none-eabi-gcc/4.8.3-2014q1/bin/../lib/gcc/arm-none-eabi/4.8.3/../../../../arm-none-eabi/lib/armv7-m\libm.a(lib_a-e_sqrt.o)
                0x08004a28                __ieee754_sqrt
 .text.__fpclassifyd
                0x08004ba8       0x50 c:/users/param/appdata/local/arduino15/packages/arduino/tools/arm-none-eabi-gcc/4.8.3-2014q1/bin/../lib/gcc/arm-none-eabi/4.8.3/../../../../arm-none-eabi/lib/armv7-m\libm.a(lib_a-s_fpclassify.o)
                0x08004ba8                __fpclassifyd
 .text.matherr  0x08004bf8        0x4 c:/users/param/appdata/local/arduino15/packages/arduino/tools/arm-none-eabi-gcc/4.8.3-2014q1/bin/../lib/gcc/arm-none-eabi/4.8.3/../../../../arm-none-eabi/lib/armv7-m\libm.a(lib_a-s_matherr.o)
                0x08004bf8                matherr
 .text          0x08004bfc      0x370 c:/users/param/appdata/local/arduino15/packages/arduino/tools/arm-none-eabi-gcc/4.8.3-2014q1/bin/../lib/gcc/arm-none-eabi/4.8.3/armv7-m\libgcc.a(_arm_addsubdf3.o)
                0x08004bfc                __aeabi_drsub
                0x08004c04                __aeabi_dsub
                0x08004c04                __subdf3
                0x08004c08                __aeabi_dadd
                0x08004c08                __adddf3
                0x08004e80                __floatunsidf
                0x08004e80                __aeabi_ui2d
                0x08004ea0                __floatsidf
                0x08004ea0                __aeabi_i2d
                0x08004ec4                __aeabi_f2d
                0x08004ec4                __extendsfdf2
                0x08004f00                __floatundidf
                0x08004f00                __aeabi_ul2d
                0x08004f10                __floatdidf
                0x08004f10                __aeabi_l2d
 .text          0x08004f6c      0x424 c:/users/param/appdata/local/arduino15/packages/arduino/tools/arm-none-eabi-gcc/4.8.3-2014q1/bin/../lib/gcc/arm-none-eabi/4.8.3/armv7-m\libgcc.a(_arm_muldivdf3.o)
                0x08004f6c                __aeabi_dmul
                0x08004f6c                __muldf3
                0x080051c0                __divdf3
                0x080051c0                __aeabi_ddiv
 .text          0x08005390      0x110 c:/users/param/appdata/local/arduino15/packages/arduino/tools/arm-none-eabi-gcc/4.8.3-2014q1/bin/../lib/gcc/arm-none-eabi/4.8.3/armv7-m\libgcc.a(_arm_cmpdf2.o)
                0x08005390                __gtdf2
                0x08005390                __gedf2
                0x08005398                __ltdf2
                0x08005398                __ledf2
                0x080053a0                __nedf2
                0x080053a0                __eqdf2
                0x080053a0                __cmpdf2
                0x0800541c                __aeabi_cdrcmple
                0x0800542c                __aeabi_cdcmpeq
                0x0800542c                __aeabi_cdcmple
                0x0800543c                __aeabi_dcmpeq
                0x08005450                __aeabi_dcmplt
                0x08005464                __aeabi_dcmple
                0x08005478                __aeabi_dcmpge
                0x0800548c                __aeabi_dcmpgt
 .text          0x080054a0       0x50 c:/users/param/appdata/local/arduino15/packages/arduino/tools/arm-none-eabi-gcc/4.8.3-2014q1/bin/../lib/gcc/arm-none-eabi/4.8.3/armv7-m\libgcc.a(_arm_fixdfsi.o)
                0x080054a0                __aeabi_d2iz
                0x080054a0                __fixdfsi
 .text          0x080054f0       0xa0 c:/users/param/appdata/local/arduino15/packages/arduino/tools/arm-none-eabi-gcc/4.8.3-2014q1/bin/../lib/gcc/arm-none-eabi/4.8.3/armv7-m\libgcc.a(_arm_truncdfsf2.o)
                0x080054f0                __truncdfsf2
                0x080054f0                __aeabi_d2f
 .text          0x08005590      0x21c c:/users/param/appdata/local/arduino15/packages/arduino/tools/arm-none-eabi-gcc/4.8.3-2014q1/bin/../lib/gcc/arm-none-eabi/4.8.3/armv7-m\libgcc.a(_arm_addsubsf3.o)
                0x08005590                __aeabi_frsub
                0x08005598                __subsf3
                0x08005598                __aeabi_fsub
                0x0800559c                __aeabi_fadd
                0x0800559c                __addsf3
                0x080056fc                __aeabi_ui2f
                0x080056fc                __floatunsisf
                0x08005704                __aeabi_i2f
                0x08005704                __floatsisf
                0x08005720                __aeabi_ul2f
                0x08005720                __floatundisf
                0x08005730                __aeabi_l2f
                0x08005730                __floatdisf
 .text          0x080057ac      0x2a0 c:/users/param/appdata/local/arduino15/packages/arduino/tools/arm-none-eabi-gcc/4.8.3-2014q1/bin/../lib/gcc/arm-none-eabi/4.8.3/armv7-m\libgcc.a(_arm_muldivsf3.o)
                0x080057ac                __mulsf3
                0x080057ac                __aeabi_fmul
                0x08005914                __aeabi_fdiv
                0x08005914                __divsf3
 .text          0x08005a4c       0xec c:/users/param/appdata/local/arduino15/packages/arduino/tools/arm-none-eabi-gcc/4.8.3-2014q1/bin/../lib/gcc/arm-none-eabi/4.8.3/armv7-m\libgcc.a(_arm_cmpsf2.o)
                0x08005a4c                __gesf2
                0x08005a4c                __gtsf2
                0x08005a54                __lesf2
                0x08005a54                __ltsf2
                0x08005a5c                __nesf2
                0x08005a5c                __eqsf2
                0x08005a5c                __cmpsf2
                0x08005abc                __aeabi_cfrcmple
                0x08005ac4                __aeabi_cfcmpeq
                0x08005ac4                __aeabi_cfcmple
                0x08005ad4                __aeabi_fcmpeq
                0x08005ae8                __aeabi_fcmplt
                0x08005afc                __aeabi_fcmple
                0x08005b10                __aeabi_fcmpge
                0x08005b24                __aeabi_fcmpgt
 .text          0x08005b38       0x38 c:/users/param/appdata/local/arduino15/packages/arduino/tools/arm-none-eabi-gcc/4.8.3-2014q1/bin/../lib/gcc/arm-none-eabi/4.8.3/armv7-m\libgcc.a(_aeabi_ldivmod.o)
                0x08005b38                __aeabi_ldivmod
 .text          0x08005b70       0x2c c:/users/param/appdata/local/arduino15/packages/arduino/tools/arm-none-eabi-gcc/4.8.3-2014q1/bin/../lib/gcc/arm-none-eabi/4.8.3/armv7-m\libgcc.a(_aeabi_uldivmod.o)
                0x08005b70                __aeabi_uldivmod
 .text          0x08005b9c       0x30 c:/users/param/appdata/local/arduino15/packages/arduino/tools/arm-none-eabi-gcc/4.8.3-2014q1/bin/../lib/gcc/arm-none-eabi/4.8.3/armv7-m\libgcc.a(_fixdfdi.o)
                0x08005b9c                __fixdfdi
                0x08005b9c                __aeabi_d2lz
 .text          0x08005bcc       0x44 c:/users/param/appdata/local/arduino15/packages/arduino/tools/arm-none-eabi-gcc/4.8.3-2014q1/bin/../lib/gcc/arm-none-eabi/4.8.3/armv7-m\libgcc.a(_fixunsdfdi.o)
                0x08005bcc                __fixunsdfdi
                0x08005bcc                __aeabi_d2ulz
 .text          0x08005c10       0x60 c:/users/param/appdata/local/arduino15/packages/arduino/tools/arm-none-eabi-gcc/4.8.3-2014q1/bin/../lib/gcc/arm-none-eabi/4.8.3/armv7-m\libgcc.a(bpabi.o)
                0x08005c10                __gnu_ldivmod_helper
                0x08005c40                __gnu_uldivmod_helper
 .text          0x08005c70        0x4 c:/users/param/appdata/local/arduino15/packages/arduino/tools/arm-none-eabi-gcc/4.8.3-2014q1/bin/../lib/gcc/arm-none-eabi/4.8.3/armv7-m\libgcc.a(_dvmd_tls.o)
                0x08005c70                __aeabi_idiv0
                0x08005c70                __aeabi_ldiv0
 .text          0x08005c74       0x40 c:/users/param/appdata/local/arduino15/packages/arduino/tools/arm-none-eabi-gcc/4.8.3-2014q1/bin/../lib/gcc/arm-none-eabi/4.8.3/armv7-m\libgcc.a(_arm_fixunsdfsi.o)
                0x08005c74                __aeabi_d2uiz
                0x08005c74                __fixunsdfsi
 .text          0x08005cb4      0x2a0 c:/users/param/appdata/local/arduino15/packages/arduino/tools/arm-none-eabi-gcc/4.8.3-2014q1/bin/../lib/gcc/arm-none-eabi/4.8.3/armv7-m\libgcc.a(_divdi3.o)
                0x08005cb4                __divdi3
 .text          0x08005f54      0x290 c:/users/param/appdata/local/arduino15/packages/arduino/tools/arm-none-eabi-gcc/4.8.3-2014q1/bin/../lib/gcc/arm-none-eabi/4.8.3/armv7-m\libgcc.a(_udivdi3.o)
                0x08005f54                __udivdi3
 .text.__errno  0x080061e4        0xc c:/users/param/appdata/local/arduino15/packages/arduino/tools/arm-none-eabi-gcc/4.8.3-2014q1/bin/../lib/gcc/arm-none-eabi/4.8.3/../../../../arm-none-eabi/lib/armv7-m\libc.a(lib_a-errno.o)
                0x080061e4                __errno
 .text.__libc_init_array
                0x080061f0       0x50 c:/users/param/appdata/local/arduino15/packages/arduino/tools/arm-none-eabi-gcc/4.8.3-2014q1/bin/../lib/gcc/arm-none-eabi/4.8.3/../../../../arm-none-eabi/lib/armv7-m\libc.a(lib_a-init.o)
                0x080061f0                __libc_init_array
 .text.strlen   0x08006240       0x60 c:/users/param/appdata/local/arduino15/packages/arduino/tools/arm-none-eabi-gcc/4.8.3-2014q1/bin/../lib/gcc/arm-none-eabi/4.8.3/../../../../arm-none-eabi/lib/armv7-m\libc.a(lib_a-strlen.o)
                0x08006240                strlen
 .text.startup.register_fini
                0x080062a0       0x14 c:/users/param/appdata/local/arduino15/packages/arduino/tools/arm-none-eabi-gcc/4.8.3-2014q1/bin/../lib/gcc/arm-none-eabi/4.8.3/../../../../arm-none-eabi/lib/armv7-m\libc.a(lib_a-__call_atexit.o)
 .text.atexit   0x080062b4        0xc c:/users/param/appdata/local/arduino15/packages/arduino/tools/arm-none-eabi-gcc/4.8.3-2014q1/bin/../lib/gcc/arm-none-eabi/4.8.3/../../../../arm-none-eabi/lib/armv7-m\libc.a(lib_a-atexit.o)
                0x080062b4                atexit
 .text.__libc_fini_array
                0x080062c0       0x30 c:/users/param/appdata/local/arduino15/packages/arduino/tools/arm-none-eabi-gcc/4.8.3-2014q1/bin/../lib/gcc/arm-none-eabi/4.8.3/../../../../arm-none-eabi/lib/armv7-m\libc.a(lib_a-fini.o)
                0x080062c0                __libc_fini_array
 .text.__register_exitproc
                0x080062f0       0xa8 c:/users/param/appdata/local/arduino15/packages/arduino/tools/arm-none-eabi-gcc/4.8.3-2014q1/bin/../lib/gcc/arm-none-eabi/4.8.3/../../../../arm-none-eabi/lib/armv7-m\libc.a(lib_a-__atexit.o)
                0x080062f0                __register_exitproc
 *(.plt)
 *(.gnu.warning)
 *(.glue_7t)
 .glue_7t       0x00000000        0x0 linker stubs
 *(.glue_7)
 .glue_7        0x00000000        0x0 linker stubs
 *(.vfp11_veneer)
 .vfp11_veneer  0x00000000        0x0 linker stubs
 *(.ARM.extab* .gnu.linkonce.armextab.*)
 *(.gcc_except_table)
 *(.eh_frame_hdr)
 *(.eh_frame)
 .eh_frame      0x08006398        0x0 c:/users/param/appdata/local/arduino15/packages/arduino/tools/arm-none-eabi-gcc/4.8.3-2014q1/bin/../lib/gcc/arm-none-eabi/4.8.3/armv7-m/crtbegin.o
                0x08006398                . = ALIGN (0x4)
 *(.init)
 .init          0x08006398        0x4 c:/users/param/appdata/local/arduino15/packages/arduino/tools/arm-none-eabi-gcc/4.8.3-2014q1/bin/../lib/gcc/arm-none-eabi/4.8.3/armv7-m/crti.o
                0x08006398                _init
 .init          0x0800639c        0x8 c:/users/param/appdata/local/arduino15/packages/arduino/tools/arm-none-eabi-gcc/4.8.3-2014q1/bin/../lib/gcc/arm-none-eabi/4.8.3/armv7-m/crtn.o
                0x080063a4                . = ALIGN (0x4)
                0x080063a4                __preinit_array_start = .
 *(.preinit_array)
                0x080063a4                __preinit_array_end = .
                0x080063a4                . = ALIGN (0x4)
                0x080063a4                __init_array_start = .
 *(SORT(.init_array.*))
 .init_array.00000
                0x080063a4        0x4 c:/users/param/appdata/local/arduino15/packages/arduino/tools/arm-none-eabi-gcc/4.8.3-2014q1/bin/../lib/gcc/arm-none-eabi/4.8.3/../../../../arm-none-eabi/lib/armv7-m\libc.a(lib_a-__call_atexit.o)
 .init_array.00101
                0x080063a8        0x4 e:\drone_parachute\build\core\core.a(main.cpp.o)
 *(.init_array)
 .init_array    0x080063ac        0x4 c:/users/param/appdata/local/arduino15/packages/arduino/tools/arm-none-eabi-gcc/4.8.3-2014q1/bin/../lib/gcc/arm-none-eabi/4.8.3/armv7-m/crtbegin.o
 .init_array    0x080063b0        0x4 e:\drone_parachute\build\sketch\main.ino.cpp.o
 .init_array    0x080063b4        0x4 e:\drone_parachute\build\libraries\Wire\Wire.cpp.o
 .init_array    0x080063b8        0x4 e:\drone_parachute\build\libraries\SPI\SPI.cpp.o
 .init_array    0x080063bc        0x4 e:\drone_parachute\build\core\board.cpp.o
                0x080063c0                __init_array_end = .
                0x080063c0                . = ALIGN (0x4)
 *crtbegin.o(.ctors)
 *(EXCLUDE_FILE(*crtend.o) .ctors)
 *(SORT(.ctors.*))
 *crtend.o(.ctors)
                0x080063c0                . = ALIGN (0x4)
 *(.fini)
 .fini          0x080063c0        0x4 c:/users/param/appdata/local/arduino15/packages/arduino/tools/arm-none-eabi-gcc/4.8.3-2014q1/bin/../lib/gcc/arm-none-eabi/4.8.3/armv7-m/crti.o
                0x080063c0                _fini
 .fini          0x080063c4        0x8 c:/users/param/appdata/local/arduino15/packages/arduino/tools/arm-none-eabi-gcc/4.8.3-2014q1/bin/../lib/gcc/arm-none-eabi/4.8.3/armv7-m/crtn.o
                0x080063cc                . = ALIGN (0x4)
                0x080063cc                __fini_array_start = .
 *(.fini_array)
 .fini_array    0x080063cc        0x4 c:/users/param/appdata/local/arduino15/packages/arduino/tools/arm-none-eabi-gcc/4.8.3-2014q1/bin/../lib/gcc/arm-none-eabi/4.8.3/armv7-m/crtbegin.o
 .fini_array    0x080063d0        0x4 e:\drone_parachute\build\libraries\Wire\Wire.cpp.o
 *(SORT(.fini_array.*))
                0x080063d4                __fini_array_end = .
 *crtbegin.o(.dtors)
 *(EXCLUDE_FILE(*crtend.o) .dtors)
 *(SORT(.dtors.*))
 *crtend.o(.dtors)

.v4_bx          0x080063d4        0x0
 .v4_bx         0x00000000        0x0 linker stubs

.iplt           0x080063d4        0x0
 .iplt          0x00000000        0x0 c:/users/param/appdata/local/arduino15/packages/arduino/tools/arm-none-eabi-gcc/4.8.3-2014q1/bin/../lib/gcc/arm-none-eabi/4.8.3/armv7-m/crtbegin.o

.text.align     0x080063d4        0x4
                0x080063d8                . = ALIGN (0x8)
 *fill*         0x080063d4        0x4 
                0x080063d8                __text_end__ = .
                0x080063d8                __exidx_start = .

.ARM.exidx      0x080063d8        0x8
 *(.ARM.exidx* .gnu.linkonce.armexidx.*)
 .ARM.exidx     0x080063d8        0x8 e:\drone_parachute\build\core\wirish\start.S.o
 .ARM.exidx     0x080063e0        0x0 c:/users/param/appdata/local/arduino15/packages/arduino/tools/arm-none-eabi-gcc/4.8.3-2014q1/bin/../lib/gcc/arm-none-eabi/4.8.3/armv7-m\libgcc.a(_divdi3.o)
                                  0x8 (size before relaxing)
 .ARM.exidx     0x080063e0        0x0 c:/users/param/appdata/local/arduino15/packages/arduino/tools/arm-none-eabi-gcc/4.8.3-2014q1/bin/../lib/gcc/arm-none-eabi/4.8.3/armv7-m\libgcc.a(_udivdi3.o)
                                  0x8 (size before relaxing)
                0x080063e0                __exidx_end = .

.data           0x20000000      0x850 load address 0x080063e0
                0x20000000                __data_start__ = .
                0x20000000        0x4 LONG 0x0
                0x20000008                . = ALIGN (0x8)
 *fill*         0x20000004        0x4 
 *(.got.plt)
 *(.got)
 *(.data .data.* .gnu.linkonce.d.*)
 .data._ZN6wirish4privL8pll_dataE
                0x20000008        0x4 e:\drone_parachute\build\core\wirish\boards_setup.cpp.o
 .data._ZN6wirish4priv9w_adc_smpE
                0x2000000c        0x1 e:\drone_parachute\build\core\wirish\boards_setup.cpp.o
                0x2000000c                wirish::priv::w_adc_smp
 *fill*         0x2000000d        0x1 
 .data._ZN6wirish4priv9w_adc_preE
                0x2000000e        0x2 e:\drone_parachute\build\core\wirish\boards_setup.cpp.o
                0x2000000e                wirish::priv::w_adc_pre
 .data._ZN6wirish4priv15w_board_pll_cfgE
                0x20000010        0x8 e:\drone_parachute\build\core\wirish\boards_setup.cpp.o
                0x20000010                wirish::priv::w_board_pll_cfg
 .data.adc2     0x20000018        0x8 e:\drone_parachute\build\core\core.a(adc_f1.c.o)
                0x20000018                adc2
 .data.adc1     0x20000020       0x18 e:\drone_parachute\build\core\core.a(adc_f1.c.o)
                0x20000020                adc1
 .data.ADC2     0x20000038        0x4 e:\drone_parachute\build\core\core.a(adc_f1.c.o)
                0x20000038                ADC2
 .data.ADC1     0x2000003c        0x4 e:\drone_parachute\build\core\core.a(adc_f1.c.o)
                0x2000003c                ADC1
 .data.dma1     0x20000040       0x40 e:\drone_parachute\build\core\core.a(dma_f1.c.o)
 .data.DMA1     0x20000080        0x4 e:\drone_parachute\build\core\core.a(dma_f1.c.o)
                0x20000080                DMA1
 .data.gpioa    0x20000084        0x8 e:\drone_parachute\build\core\core.a(gpio_f1.c.o)
                0x20000084                gpioa
 .data.gpiob    0x2000008c        0x8 e:\drone_parachute\build\core\core.a(gpio_f1.c.o)
                0x2000008c                gpiob
 .data.gpioc    0x20000094        0x8 e:\drone_parachute\build\core\core.a(gpio_f1.c.o)
                0x20000094                gpioc
 .data.gpiod    0x2000009c        0x8 e:\drone_parachute\build\core\core.a(gpio_f1.c.o)
                0x2000009c                gpiod
 .data.i2c1     0x200000a4       0x38 e:\drone_parachute\build\core\core.a(i2c_f1.c.o)
 .data.i2c2     0x200000dc       0x38 e:\drone_parachute\build\core\core.a(i2c_f1.c.o)
 .data.enable_regs.4411
                0x20000114        0xc e:\drone_parachute\build\core\core.a(rcc_f1.c.o)
 .data.reset_regs.4415
                0x20000120        0x8 e:\drone_parachute\build\core\core.a(rcc_f1.c.o)
 .data.enable_regs.4424
                0x20000128        0xc e:\drone_parachute\build\core\core.a(rcc_f1.c.o)
 .data.spi1     0x20000134        0x8 e:\drone_parachute\build\core\core.a(spi_f1.c.o)
 .data.spi2     0x2000013c        0x8 e:\drone_parachute\build\core\core.a(spi_f1.c.o)
 .data.SPI1     0x20000144        0x4 e:\drone_parachute\build\core\core.a(spi_f1.c.o)
                0x20000144                SPI1
 .data.SPI2     0x20000148        0x4 e:\drone_parachute\build\core\core.a(spi_f1.c.o)
                0x20000148                SPI2
 .data.timer3   0x2000014c       0x24 e:\drone_parachute\build\core\core.a(timer.c.o)
                0x2000014c                timer3
 .data.timer4   0x20000170       0x24 e:\drone_parachute\build\core\core.a(timer.c.o)
                0x20000170                timer4
 .data.timer1   0x20000194       0x28 e:\drone_parachute\build\core\core.a(timer.c.o)
                0x20000194                timer1
 .data.timer2   0x200001bc       0x24 e:\drone_parachute\build\core\core.a(timer.c.o)
                0x200001bc                timer2
 .data.USART1   0x200001e0        0x4 e:\drone_parachute\build\core\core.a(usart_f1.c.o)
                0x200001e0                USART1
 .data.USART2   0x200001e4        0x4 e:\drone_parachute\build\core\core.a(usart_f1.c.o)
                0x200001e4                USART2
 .data.USART3   0x200001e8        0x4 e:\drone_parachute\build\core\core.a(usart_f1.c.o)
                0x200001e8                USART3
 .data.usart1   0x200001ec       0x94 e:\drone_parachute\build\core\core.a(usart_f1.c.o)
 .data.usart2   0x20000280       0x94 e:\drone_parachute\build\core\core.a(usart_f1.c.o)
 .data.usart3   0x20000314       0x94 e:\drone_parachute\build\core\core.a(usart_f1.c.o)
 .data.USBLIB   0x200003a8        0x4 e:\drone_parachute\build\core\core.a(usb.c.o)
                0x200003a8                USBLIB
 .data.usblib   0x200003ac       0x10 e:\drone_parachute\build\core\core.a(usb.c.o)
 .data.Config_Descriptor
                0x200003bc        0x8 e:\drone_parachute\build\core\core.a(usb_cdcacm.c.o)
 .data.Device_Property
                0x200003c4       0x30 e:\drone_parachute\build\core\core.a(usb_cdcacm.c.o)
                0x200003c4                Device_Property
 .data.String_Descriptor
                0x200003f4       0x18 e:\drone_parachute\build\core\core.a(usb_cdcacm.c.o)
 .data.line_coding
                0x2000040c        0x7 e:\drone_parachute\build\core\core.a(usb_cdcacm.c.o)
 *fill*         0x20000413        0x1 
 .data.Device_Descriptor
                0x20000414        0x8 e:\drone_parachute\build\core\core.a(usb_cdcacm.c.o)
 .data.Device_Table
                0x2000041c        0x2 e:\drone_parachute\build\core\core.a(usb_cdcacm.c.o)
                0x2000041c                Device_Table
 .data.__fdlib_version
                0x2000041e        0x1 c:/users/param/appdata/local/arduino15/packages/arduino/tools/arm-none-eabi-gcc/4.8.3-2014q1/bin/../lib/gcc/arm-none-eabi/4.8.3/../../../../arm-none-eabi/lib/armv7-m\libm.a(lib_a-s_lib_ver.o)
                0x2000041e                __fdlib_version
 *fill*         0x2000041f        0x1 
 .data.impure_data
                0x20000420      0x428 c:/users/param/appdata/local/arduino15/packages/arduino/tools/arm-none-eabi-gcc/4.8.3-2014q1/bin/../lib/gcc/arm-none-eabi/4.8.3/../../../../arm-none-eabi/lib/armv7-m\libc.a(lib_a-impure.o)
 .data._impure_ptr
                0x20000848        0x4 c:/users/param/appdata/local/arduino15/packages/arduino/tools/arm-none-eabi-gcc/4.8.3-2014q1/bin/../lib/gcc/arm-none-eabi/4.8.3/../../../../arm-none-eabi/lib/armv7-m\libc.a(lib_a-impure.o)
                0x20000848                _impure_ptr
                0x20000850                . = ALIGN (0x8)
 *fill*         0x2000084c        0x4 
                0x20000850                __data_end__ = .

.jcr            0x20000850        0x0 load address 0x08006c30
 .jcr           0x20000850        0x0 c:/users/param/appdata/local/arduino15/packages/arduino/tools/arm-none-eabi-gcc/4.8.3-2014q1/bin/../lib/gcc/arm-none-eabi/4.8.3/armv7-m/crtbegin.o

.igot.plt       0x20000850        0x0 load address 0x08006c30
 .igot.plt      0x00000000        0x0 c:/users/param/appdata/local/arduino15/packages/arduino/tools/arm-none-eabi-gcc/4.8.3-2014q1/bin/../lib/gcc/arm-none-eabi/4.8.3/armv7-m/crtbegin.o

.rodata         0x08006c30      0x470
 *(.rodata .rodata.* .gnu.linkonce.r.*)
 .rodata.str1.1
                0x08006c30       0xba e:\drone_parachute\build\sketch\main.ino.cpp.o
 *fill*         0x08006cea        0x6 
 .rodata._ZTV7TwoWire
                0x08006cf0       0x18 e:\drone_parachute\build\libraries\Wire\Wire.cpp.o
                0x08006cf0                vtable for TwoWire
 .rodata._ZTV8WireBase
                0x08006d08       0x18 e:\drone_parachute\build\libraries\Wire\utility\WireBase.cpp.o
                0x08006d08                vtable for WireBase
 .rodata.PIN_MAP
                0x08006d20      0x230 e:\drone_parachute\build\core\board.cpp.o
                0x08006d20                PIN_MAP
 .rodata._ZTV14HardwareSerial
                0x08006f50       0x28 e:\drone_parachute\build\core\core.a(HardwareSerial.cpp.o)
                0x08006f50                vtable for HardwareSerial
 .rodata.str1.1
                0x08006f78       0x11 e:\drone_parachute\build\core\core.a(Print.cpp.o)
 *fill*         0x08006f89        0x3 
 .rodata.GPIOC  0x08006f8c        0x4 e:\drone_parachute\build\core\core.a(gpio_f1.c.o)
                0x08006f8c                GPIOC
 .rodata.I2C1   0x08006f90        0x4 e:\drone_parachute\build\core\core.a(i2c_f1.c.o)
                0x08006f90                I2C1
 .rodata.rcc_dev_table
                0x08006f94       0x5c e:\drone_parachute\build\core\core.a(rcc_f1.c.o)
                0x08006f94                rcc_dev_table
 .rodata.masks.4420
                0x08006ff0       0x14 e:\drone_parachute\build\core\core.a(rcc_f1.c.o)
 .rodata.usbVcomDescriptor_iProduct
                0x08007004        0xc e:\drone_parachute\build\core\core.a(usb_cdcacm.c.o)
 .rodata.usbVcomDescriptor_iManufacturer
                0x08007010       0x12 e:\drone_parachute\build\core\core.a(usb_cdcacm.c.o)
 .rodata.usbVcomDescriptor_Device
                0x08007022       0x12 e:\drone_parachute\build\core\core.a(usb_cdcacm.c.o)
 .rodata.usbVcomDescriptor_Config
                0x08007034       0x43 e:\drone_parachute\build\core\core.a(usb_cdcacm.c.o)
 .rodata.usbVcomDescriptor_LangID
                0x08007077        0x4 e:\drone_parachute\build\core\core.a(usb_cdcacm.c.o)
 *fill*         0x0800707b        0x1 
 .rodata.str1.4
                0x0800707c        0x5 c:/users/param/appdata/local/arduino15/packages/arduino/tools/arm-none-eabi-gcc/4.8.3-2014q1/bin/../lib/gcc/arm-none-eabi/4.8.3/../../../../arm-none-eabi/lib/armv7-m\libm.a(lib_a-w_sqrt.o)
                                  0x8 (size before relaxing)
 *fill*         0x08007081        0x3 
 .rodata.str1.4
                0x08007084        0x4 c:/users/param/appdata/local/arduino15/packages/arduino/tools/arm-none-eabi-gcc/4.8.3-2014q1/bin/../lib/gcc/arm-none-eabi/4.8.3/../../../../arm-none-eabi/lib/armv7-m\libc.a(lib_a-impure.o)
 .rodata._global_impure_ptr
                0x08007088        0x4 c:/users/param/appdata/local/arduino15/packages/arduino/tools/arm-none-eabi-gcc/4.8.3-2014q1/bin/../lib/gcc/arm-none-eabi/4.8.3/../../../../arm-none-eabi/lib/armv7-m\libc.a(lib_a-impure.o)
                0x08007088                _global_impure_ptr
 *(.USER_FLASH)
 .USER_FLASH    0x0800708c       0x10 e:\drone_parachute\build\libraries\SPI\SPI.cpp.o
                0x0800709c                . = ALIGN (0x4)
                0x0800709c                _lm_rom_img_cfgp = .
                0x0800709c        0x4 LONG 0x80063e0 LOADADDR (.data)
                0x20000c98                _lm_heap_start = DEFINED (_lm_heap_start)?_lm_heap_start:_end
                0x20005000                _lm_heap_end = DEFINED (_lm_heap_end)?_lm_heap_end:__msp_init

.rel.dyn        0x080070a0        0x0
 .rel.iplt      0x00000000        0x0 c:/users/param/appdata/local/arduino15/packages/arduino/tools/arm-none-eabi-gcc/4.8.3-2014q1/bin/../lib/gcc/arm-none-eabi/4.8.3/armv7-m/crtbegin.o

.bss            0x20000850      0x448
                0x20000850                . = ALIGN (0x8)
                0x20000850                __bss_start__ = .
 *(.bss .bss.* .gnu.linkonce.b.*)
 .bss           0x20000850       0x1c c:/users/param/appdata/local/arduino15/packages/arduino/tools/arm-none-eabi-gcc/4.8.3-2014q1/bin/../lib/gcc/arm-none-eabi/4.8.3/armv7-m/crtbegin.o
 .bss.FREEFALL_MAYDAY
                0x2000086c        0x1 e:\drone_parachute\build\sketch\main.ino.cpp.o
                0x2000086c                FREEFALL_MAYDAY
 *fill*         0x2000086d        0x3 
 .bss._ZL8az_ffall
                0x20000870        0x4 e:\drone_parachute\build\sketch\main.ino.cpp.o
 .bss._ZL19container_lid_servo
                0x20000874        0xa e:\drone_parachute\build\sketch\main.ino.cpp.o
 .bss.BATTERY_MAYDAY
                0x2000087e        0x1 e:\drone_parachute\build\sketch\main.ino.cpp.o
                0x2000087e                BATTERY_MAYDAY
 *fill*         0x2000087f        0x1 
 .bss._ZL8ax_ffall
                0x20000880        0x4 e:\drone_parachute\build\sketch\main.ino.cpp.o
 .bss._ZL21main_battery_volt_est
                0x20000884        0x4 e:\drone_parachute\build\sketch\main.ino.cpp.o
 .bss._ZL9a_net_gnd
                0x20000888        0x4 e:\drone_parachute\build\sketch\main.ino.cpp.o
 *fill*         0x2000088c        0x4 
 .bss._ZL3IMU   0x20000890      0x1d0 e:\drone_parachute\build\sketch\main.ino.cpp.o
 .bss._ZL8ay_ffall
                0x20000a60        0x4 e:\drone_parachute\build\sketch\main.ino.cpp.o
 .bss._ZL23backup_battery_volt_est
                0x20000a64        0x4 e:\drone_parachute\build\sketch\main.ino.cpp.o
 .bss._ZL3pos   0x20000a68        0x4 e:\drone_parachute\build\sketch\main.ino.cpp.o
 .bss._ZL6status
                0x20000a6c        0x4 e:\drone_parachute\build\sketch\main.ino.cpp.o
 .bss.Wire      0x20000a70       0x60 e:\drone_parachute\build\libraries\Wire\Wire.cpp.o
                0x20000a70                Wire
 .bss._ZL10_spi2_this
                0x20000ad0        0x4 e:\drone_parachute\build\libraries\SPI\SPI.cpp.o
 .bss._ZL10_spi1_this
                0x20000ad4        0x4 e:\drone_parachute\build\libraries\SPI\SPI.cpp.o
 .bss.SPI       0x20000ad8       0x4c e:\drone_parachute\build\libraries\SPI\SPI.cpp.o
                0x20000ad8                SPI
 .bss.Serial1   0x20000b24       0x18 e:\drone_parachute\build\core\board.cpp.o
                0x20000b24                Serial1
 .bss.Serial2   0x20000b3c       0x18 e:\drone_parachute\build\core\board.cpp.o
                0x20000b3c                Serial2
 .bss.Serial3   0x20000b54       0x18 e:\drone_parachute\build\core\board.cpp.o
                0x20000b54                Serial3
 .bss.exti_channels
                0x20000b6c       0x80 e:\drone_parachute\build\core\core.a(exti.c.o)
                0x20000b6c                exti_channels
 .bss.systick_user_callback
                0x20000bec        0x4 e:\drone_parachute\build\core\core.a(systick.c.o)
 .bss.usart1_wb
                0x20000bf0        0xc e:\drone_parachute\build\core\core.a(usart_f1.c.o)
 .bss.usart1_rb
                0x20000bfc        0xc e:\drone_parachute\build\core\core.a(usart_f1.c.o)
 .bss.usart2_rb
                0x20000c08        0xc e:\drone_parachute\build\core\core.a(usart_f1.c.o)
 .bss.usart3_rb
                0x20000c14        0xc e:\drone_parachute\build\core\core.a(usart_f1.c.o)
 .bss.usart2_wb
                0x20000c20        0xc e:\drone_parachute\build\core\core.a(usart_f1.c.o)
 .bss.usart3_wb
                0x20000c2c        0xc e:\drone_parachute\build\core\core.a(usart_f1.c.o)
 .bss.line_dtr_rts
                0x20000c38        0x1 e:\drone_parachute\build\core\core.a(usb_cdcacm.c.o)
 *fill*         0x20000c39        0x3 
 .bss.tx_head   0x20000c3c        0x4 e:\drone_parachute\build\core\core.a(usb_cdcacm.c.o)
 .bss.transmitting
                0x20000c40        0x1 e:\drone_parachute\build\core\core.a(usb_cdcacm.c.o)
 *fill*         0x20000c41        0x3 
 .bss.rx_tail   0x20000c44        0x4 e:\drone_parachute\build\core\core.a(usb_cdcacm.c.o)
 .bss.iface_setup_hook
                0x20000c48        0x4 e:\drone_parachute\build\core\core.a(usb_cdcacm.c.o)
 .bss.rx_head   0x20000c4c        0x4 e:\drone_parachute\build\core\core.a(usb_cdcacm.c.o)
 .bss.tx_tail   0x20000c50        0x4 e:\drone_parachute\build\core\core.a(usb_cdcacm.c.o)
 .bss.Data_Mul_MaxPacketSize
                0x20000c54        0x1 e:\drone_parachute\build\core\core.a(usb_core.c.o)
                0x20000c54                Data_Mul_MaxPacketSize
 *(COMMON)
 *fill*         0x20000c55        0x3 
 COMMON         0x20000c58        0x4 e:\drone_parachute\build\core\core.a(systick.c.o)
                0x20000c58                systick_uptime_millis
 COMMON         0x20000c5c        0x6 e:\drone_parachute\build\core\core.a(usb.c.o)
                0x20000c5c                SaveRState
                0x20000c5e                SaveTState
                0x20000c60                ResumeS
 COMMON         0x20000c62        0x2 e:\drone_parachute\build\core\core.a(usb_core.c.o)
                0x20000c62                StatusInfo
 COMMON         0x20000c64       0x32 e:\drone_parachute\build\core\core.a(usb_init.c.o)
                0x20000c64                SaveState
                0x20000c68                pProperty
                0x20000c6c                EPindex
                0x20000c70                Device_Info
                0x20000c8c                pUser_Standard_Requests
                0x20000c90                pInformation
                0x20000c94                wInterrupt_Mask
                0x20000c98                . = ALIGN (0x8)
 *fill*         0x20000c96        0x2 
                0x20000c98                __bss_end__ = .
                0x20000c98                _end = __bss_end__

.stab
 *(.stab)

.stabstr
 *(.stabstr)

.debug
 *(.debug)

.line
 *(.line)

.debug_srcinfo
 *(.debug_srcinfo)

.debug_sfnames
 *(.debug_sfnames)

.debug_aranges  0x00000000     0x15a8
 *(.debug_aranges)
 .debug_aranges
                0x00000000       0x98 e:\drone_parachute\build\sketch\main.ino.cpp.o
 .debug_aranges
                0x00000098      0x228 e:\drone_parachute\build\libraries\Bolder_Flight_Systems_MPU9250\MPU9250.cpp.o
 .debug_aranges
                0x000002c0       0xa0 e:\drone_parachute\build\libraries\Wire\SoftWire.cpp.o
 .debug_aranges
                0x00000360       0x68 e:\drone_parachute\build\libraries\Wire\Wire.cpp.o
 .debug_aranges
                0x000003c8       0x88 e:\drone_parachute\build\libraries\Wire\utility\WireBase.cpp.o
 .debug_aranges
                0x00000450      0x190 e:\drone_parachute\build\libraries\SPI\SPI.cpp.o
 .debug_aranges
                0x000005e0       0x58 e:\drone_parachute\build\libraries\Servo\Servo.cpp.o
 .debug_aranges
                0x00000638       0x28 e:\drone_parachute\build\core\board.cpp.o
 .debug_aranges
                0x00000660       0x40 e:\drone_parachute\build\core\wirish\boards.cpp.o
 .debug_aranges
                0x000006a0       0x40 e:\drone_parachute\build\core\wirish\boards_setup.cpp.o
 .debug_aranges
                0x000006e0       0x20 e:\drone_parachute\build\core\wirish\start.S.o
 .debug_aranges
                0x00000700       0x20 e:\drone_parachute\build\core\wirish\start_c.c.o
 .debug_aranges
                0x00000720       0x88 e:\drone_parachute\build\core\wirish\syscalls.c.o
 .debug_aranges
                0x000007a8       0x70 e:\drone_parachute\build\core\core.a(HardwareSerial.cpp.o)
 .debug_aranges
                0x00000818      0x110 e:\drone_parachute\build\core\core.a(Print.cpp.o)
 .debug_aranges
                0x00000928       0x28 e:\drone_parachute\build\core\core.a(cxxabi-compat.cpp.o)
 .debug_aranges
                0x00000950       0x38 e:\drone_parachute\build\core\core.a(adc.c.o)
 .debug_aranges
                0x00000988       0x58 e:\drone_parachute\build\core\core.a(adc_f1.c.o)
 .debug_aranges
                0x000009e0       0x28 e:\drone_parachute\build\core\core.a(dma.c.o)
 .debug_aranges
                0x00000a08       0xb0 e:\drone_parachute\build\core\core.a(dma_f1.c.o)
 .debug_aranges
                0x00000ab8       0x20 e:\drone_parachute\build\core\core.a(exc.S.o)
 .debug_aranges
                0x00000ad8       0x80 e:\drone_parachute\build\core\core.a(exti.c.o)
 .debug_aranges
                0x00000b58       0x20 e:\drone_parachute\build\core\core.a(exti_f1.c.o)
 .debug_aranges
                0x00000b78       0x20 e:\drone_parachute\build\core\core.a(flash.c.o)
 .debug_aranges
                0x00000b98       0x40 e:\drone_parachute\build\core\core.a(gpio_f1.c.o)
 .debug_aranges
                0x00000bd8       0x88 e:\drone_parachute\build\core\core.a(i2c.c.o)
 .debug_aranges
                0x00000c60       0x50 e:\drone_parachute\build\core\core.a(i2c_f1.c.o)
 .debug_aranges
                0x00000cb0       0x38 e:\drone_parachute\build\core\core.a(nvic.c.o)
 .debug_aranges
                0x00000ce8       0x48 e:\drone_parachute\build\core\core.a(rcc.c.o)
 .debug_aranges
                0x00000d30       0x48 e:\drone_parachute\build\core\core.a(rcc_f1.c.o)
 .debug_aranges
                0x00000d78       0x78 e:\drone_parachute\build\core\core.a(spi.c.o)
 .debug_aranges
                0x00000df0       0x28 e:\drone_parachute\build\core\core.a(spi_f1.c.o)
 .debug_aranges
                0x00000e18       0x20 e:\drone_parachute\build\core\core.a(isrs.S.o)
 .debug_aranges
                0x00000e38       0x40 e:\drone_parachute\build\core\core.a(systick.c.o)
 .debug_aranges
                0x00000e78       0xb0 e:\drone_parachute\build\core\core.a(timer.c.o)
 .debug_aranges
                0x00000f28       0x48 e:\drone_parachute\build\core\core.a(usart.c.o)
 .debug_aranges
                0x00000f70       0x50 e:\drone_parachute\build\core\core.a(usart_f1.c.o)
 .debug_aranges
                0x00000fc0       0x20 e:\drone_parachute\build\core\core.a(usart_private.c.o)
 .debug_aranges
                0x00000fe0       0x38 e:\drone_parachute\build\core\core.a(usb.c.o)
 .debug_aranges
                0x00001018      0x128 e:\drone_parachute\build\core\core.a(usb_cdcacm.c.o)
 .debug_aranges
                0x00001140       0x20 e:\drone_parachute\build\core\core.a(usb_reg_map.c.o)
 .debug_aranges
                0x00001160       0x98 e:\drone_parachute\build\core\core.a(usb_core.c.o)
 .debug_aranges
                0x000011f8       0x20 e:\drone_parachute\build\core\core.a(usb_init.c.o)
 .debug_aranges
                0x00001218       0x28 e:\drone_parachute\build\core\core.a(usb_mem.c.o)
 .debug_aranges
                0x00001240      0x1f0 e:\drone_parachute\build\core\core.a(usb_regs.c.o)
 .debug_aranges
                0x00001430       0x50 e:\drone_parachute\build\core\core.a(util.c.o)
 .debug_aranges
                0x00001480       0x28 e:\drone_parachute\build\core\core.a(main.cpp.o)
 .debug_aranges
                0x000014a8       0x28 e:\drone_parachute\build\core\core.a(pwm.cpp.o)
 .debug_aranges
                0x000014d0       0x20 e:\drone_parachute\build\core\core.a(wirish_digital_f1.cpp.o)
 .debug_aranges
                0x000014f0       0x20 e:\drone_parachute\build\core\core.a(wirish_analog.cpp.o)
 .debug_aranges
                0x00001510       0x28 e:\drone_parachute\build\core\core.a(wirish_digital.cpp.o)
 .debug_aranges
                0x00001538       0x30 e:\drone_parachute\build\core\core.a(wirish_time.cpp.o)
 .debug_aranges
                0x00001568       0x20 e:\drone_parachute\build\core\core.a(hooks.c.o)
 .debug_aranges
                0x00001588       0x20 e:\drone_parachute\build\core\core.a(gpio.c.o)

.debug_pubnames
 *(.debug_pubnames)

.debug_info     0x00000000    0x2ea5b
 *(.debug_info .gnu.linkonce.wi.*)
 .debug_info    0x00000000     0x3458 e:\drone_parachute\build\sketch\main.ino.cpp.o
 .debug_info    0x00003458     0x4968 e:\drone_parachute\build\libraries\Bolder_Flight_Systems_MPU9250\MPU9250.cpp.o
 .debug_info    0x00007dc0     0x1980 e:\drone_parachute\build\libraries\Wire\SoftWire.cpp.o
 .debug_info    0x00009740      0xd87 e:\drone_parachute\build\libraries\Wire\Wire.cpp.o
 .debug_info    0x0000a4c7      0xf2c e:\drone_parachute\build\libraries\Wire\utility\WireBase.cpp.o
 .debug_info    0x0000b3f3     0x3533 e:\drone_parachute\build\libraries\SPI\SPI.cpp.o
 .debug_info    0x0000e926     0x1362 e:\drone_parachute\build\libraries\Servo\Servo.cpp.o
 .debug_info    0x0000fc88      0xf2e e:\drone_parachute\build\core\board.cpp.o
 .debug_info    0x00010bb6     0x142d e:\drone_parachute\build\core\wirish\boards.cpp.o
 .debug_info    0x00011fe3      0x665 e:\drone_parachute\build\core\wirish\boards_setup.cpp.o
 .debug_info    0x00012648       0xf8 e:\drone_parachute\build\core\wirish\start.S.o
 .debug_info    0x00012740      0x14d e:\drone_parachute\build\core\wirish\start_c.c.o
 .debug_info    0x0001288d      0x5cd e:\drone_parachute\build\core\wirish\syscalls.c.o
 .debug_info    0x00012e5a     0x29ea e:\drone_parachute\build\core\core.a(HardwareSerial.cpp.o)
 .debug_info    0x00015844     0x258c e:\drone_parachute\build\core\core.a(Print.cpp.o)
 .debug_info    0x00017dd0      0x526 e:\drone_parachute\build\core\core.a(cxxabi-compat.cpp.o)
 .debug_info    0x000182f6      0x79a e:\drone_parachute\build\core\core.a(adc.c.o)
 .debug_info    0x00018a90      0xe4a e:\drone_parachute\build\core\core.a(adc_f1.c.o)
 .debug_info    0x000198da      0x6f7 e:\drone_parachute\build\core\core.a(dma.c.o)
 .debug_info    0x00019fd1     0x183f e:\drone_parachute\build\core\core.a(dma_f1.c.o)
 .debug_info    0x0001b810       0xe8 e:\drone_parachute\build\core\core.a(exc.S.o)
 .debug_info    0x0001b8f8      0xd3c e:\drone_parachute\build\core\core.a(exti.c.o)
 .debug_info    0x0001c634      0x213 e:\drone_parachute\build\core\core.a(exti_f1.c.o)
 .debug_info    0x0001c847      0x128 e:\drone_parachute\build\core\core.a(flash.c.o)
 .debug_info    0x0001c96f      0x6d6 e:\drone_parachute\build\core\core.a(gpio_f1.c.o)
 .debug_info    0x0001d045     0x1ab8 e:\drone_parachute\build\core\core.a(i2c.c.o)
 .debug_info    0x0001eafd      0xc25 e:\drone_parachute\build\core\core.a(i2c_f1.c.o)
 .debug_info    0x0001f722      0x5a2 e:\drone_parachute\build\core\core.a(nvic.c.o)
 .debug_info    0x0001fcc4      0x556 e:\drone_parachute\build\core\core.a(rcc.c.o)
 .debug_info    0x0002021a      0xb64 e:\drone_parachute\build\core\core.a(rcc_f1.c.o)
 .debug_info    0x00020d7e      0xa88 e:\drone_parachute\build\core\core.a(spi.c.o)
 .debug_info    0x00021806      0x794 e:\drone_parachute\build\core\core.a(spi_f1.c.o)
 .debug_info    0x00021f9a       0xfd e:\drone_parachute\build\core\core.a(isrs.S.o)
 .debug_info    0x00022097      0x182 e:\drone_parachute\build\core\core.a(systick.c.o)
 .debug_info    0x00022219     0x197d e:\drone_parachute\build\core\core.a(timer.c.o)