Archive member included because of file (symbol)

/mnt/Workspace/drone_parachute/build/core/core.a(exc.S.o)
                              (__exc_nmi)
/mnt/Workspace/drone_parachute/build/core/core.a(isrs.S.o)
                              (__stm32reservedexception7)
/mnt/Workspace/drone_parachute/build/core/core.a(vector_table.S.o)
                              (__stm32_vector_table)
/mnt/Workspace/drone_parachute/build/core/core.a(adc.c.o)
                              /mnt/Workspace/drone_parachute/build/core/wirish/boards.cpp.o (adc_set_sample_rate)
/mnt/Workspace/drone_parachute/build/core/core.a(adc_f1.c.o)
                              (__irq_adc)
/mnt/Workspace/drone_parachute/build/core/core.a(dma.c.o)
                              /mnt/Workspace/drone_parachute/build/libraries/SPI/SPI.cpp.o (dma_init)
/mnt/Workspace/drone_parachute/build/core/core.a(dma_f1.c.o)
                              /mnt/Workspace/drone_parachute/build/libraries/SPI/SPI.cpp.o (dma_set_priority)
/mnt/Workspace/drone_parachute/build/core/core.a(exti.c.o)
                              (__irq_exti0)
/mnt/Workspace/drone_parachute/build/core/core.a(exti_f1.c.o)
                              /mnt/Workspace/drone_parachute/build/core/core.a(exti.c.o) (exti_select)
/mnt/Workspace/drone_parachute/build/core/core.a(flash.c.o)
                              /mnt/Workspace/drone_parachute/build/core/wirish/boards.cpp.o (flash_set_latency)
/mnt/Workspace/drone_parachute/build/core/core.a(gpio_f1.c.o)
                              /mnt/Workspace/drone_parachute/build/core/wirish/boards_setup.cpp.o (gpio_init_all)
/mnt/Workspace/drone_parachute/build/core/core.a(i2c.c.o)
                              /mnt/Workspace/drone_parachute/build/libraries/Wire/Wire.cpp.o (i2c_master_xfer)
/mnt/Workspace/drone_parachute/build/core/core.a(i2c_f1.c.o)
                              /mnt/Workspace/drone_parachute/build/core/core.a(i2c.c.o) (i2c_config_gpios)
/mnt/Workspace/drone_parachute/build/core/core.a(nvic.c.o)
                              /mnt/Workspace/drone_parachute/build/core/core.a(i2c_f1.c.o) (nvic_irq_set_priority)
/mnt/Workspace/drone_parachute/build/core/core.a(rcc.c.o)
                              /mnt/Workspace/drone_parachute/build/libraries/SPI/SPI.cpp.o (rcc_dev_clk)
/mnt/Workspace/drone_parachute/build/core/core.a(rcc_f1.c.o)
                              /mnt/Workspace/drone_parachute/build/core/wirish/boards.cpp.o (rcc_configure_pll)
/mnt/Workspace/drone_parachute/build/core/core.a(spi.c.o)
                              /mnt/Workspace/drone_parachute/build/libraries/SPI/SPI.cpp.o (spi_init)
/mnt/Workspace/drone_parachute/build/core/core.a(spi_f1.c.o)
                              /mnt/Workspace/drone_parachute/build/libraries/SPI/SPI.cpp.o (spi_config_gpios)
/mnt/Workspace/drone_parachute/build/core/core.a(systick.c.o)
                              /mnt/Workspace/drone_parachute/build/core/wirish/boards.cpp.o (systick_init)
/mnt/Workspace/drone_parachute/build/core/core.a(timer.c.o)
                              /mnt/Workspace/drone_parachute/build/core/wirish/boards.cpp.o (timer_foreach)
/mnt/Workspace/drone_parachute/build/core/core.a(usart_f1.c.o)
                              (__irq_usart1)
/mnt/Workspace/drone_parachute/build/core/core.a(usart_private.c.o)
                              /mnt/Workspace/drone_parachute/build/core/core.a(usart_f1.c.o) (_usart_clock_freq)
/mnt/Workspace/drone_parachute/build/core/core.a(usb.c.o)
                              (__irq_usb_lp_can_rx0)
/mnt/Workspace/drone_parachute/build/core/core.a(usb_cdcacm.c.o)
                              /mnt/Workspace/drone_parachute/build/core/core.a(usb.c.o) (User_Standard_Requests)
/mnt/Workspace/drone_parachute/build/core/core.a(usb_reg_map.c.o)
                              /mnt/Workspace/drone_parachute/build/core/core.a(usb_cdcacm.c.o) (usb_set_ep_rx_count)
/mnt/Workspace/drone_parachute/build/core/core.a(usb_core.c.o)
                              /mnt/Workspace/drone_parachute/build/core/core.a(usb_cdcacm.c.o) (Standard_GetDescriptorData)
/mnt/Workspace/drone_parachute/build/core/core.a(usb_init.c.o)
                              /mnt/Workspace/drone_parachute/build/core/core.a(usb.c.o) (pInformation)
/mnt/Workspace/drone_parachute/build/core/core.a(usb_mem.c.o)
                              /mnt/Workspace/drone_parachute/build/core/core.a(usb_core.c.o) (UserToPMABufferCopy)
/mnt/Workspace/drone_parachute/build/core/core.a(usb_regs.c.o)
                              /mnt/Workspace/drone_parachute/build/core/core.a(usb_core.c.o) (SetEPTxStatus)
/mnt/Workspace/drone_parachute/build/core/core.a(util.c.o)
                              /mnt/Workspace/drone_parachute/build/core/core.a(exc.S.o) (__error)
/mnt/Workspace/drone_parachute/build/core/core.a(HardwareSerial.cpp.o)
                              /mnt/Workspace/drone_parachute/build/core/board.cpp.o (HardwareSerial::HardwareSerial(usart_dev*, unsigned char, unsigned char))
[...]
Memory Configuration

Name             Origin             Length             Attributes
ram              0x0000000020000000 0x0000000000005000 xrw
rom              0x0000000008000000 0x0000000000010000 xr
*default*        0x0000000000000000 0xffffffffffffffff

Linker script and memory map

LOAD /home/param/.arduino15/packages/arduino/tools/arm-none-eabi-gcc/4.8.3-2014q1/bin/../lib/gcc/arm-none-eabi/4.8.3/armv7-m/crti.o
LOAD /home/param/.arduino15/packages/arduino/tools/arm-none-eabi-gcc/4.8.3-2014q1/bin/../lib/gcc/arm-none-eabi/4.8.3/armv7-m/crtbegin.o
LOAD /home/param/.arduino15/packages/arduino/tools/arm-none-eabi-gcc/4.8.3-2014q1/bin/../lib/gcc/arm-none-eabi/4.8.3/../../../../arm-none-eabi/lib/armv7-m/crt0.o
LOAD /home/param/.arduino15/packages/arduino/tools/arm-none-eabi-gcc/4.8.3-2014q1/bin/../lib/gcc/arm-none-eabi/4.8.3/armv7-m/libgcc.a
START GROUP
LOAD /mnt/Workspace/drone_parachute/build/sketch/main.ino.cpp.o
LOAD /mnt/Workspace/drone_parachute/build/libraries/Bolder_Flight_Systems_MPU9250/MPU9250.cpp.o
LOAD /mnt/Workspace/drone_parachute/build/libraries/Wire/SoftWire.cpp.o
LOAD /mnt/Workspace/drone_parachute/build/libraries/Wire/Wire.cpp.o
LOAD /mnt/Workspace/drone_parachute/build/libraries/Wire/utility/WireBase.cpp.o
LOAD /mnt/Workspace/drone_parachute/build/libraries/SPI/SPI.cpp.o
LOAD /mnt/Workspace/drone_parachute/build/libraries/Servo/Servo.cpp.o
LOAD /mnt/Workspace/drone_parachute/build/core/wirish/start.S.o
LOAD /mnt/Workspace/drone_parachute/build/core/wirish/start_c.c.o
LOAD /mnt/Workspace/drone_parachute/build/core/wirish/syscalls.c.o
LOAD /mnt/Workspace/drone_parachute/build/core/board.cpp.o
LOAD /mnt/Workspace/drone_parachute/build/core/wirish/boards.cpp.o
LOAD /mnt/Workspace/drone_parachute/build/core/wirish/boards_setup.cpp.o
LOAD /mnt/Workspace/drone_parachute/build/core/core.a
END GROUP
LOAD /home/param/.arduino15/packages/arduino/tools/arm-none-eabi-gcc/4.8.3-2014q1/bin/../lib/gcc/arm-none-eabi/4.8.3/../../../../arm-none-eabi/lib/armv7-m/libstdc++.a
LOAD /home/param/.arduino15/packages/arduino/tools/arm-none-eabi-gcc/4.8.3-2014q1/bin/../lib/gcc/arm-none-eabi/4.8.3/../../../../arm-none-eabi/lib/armv7-m/libm.a
START GROUP
LOAD /home/param/.arduino15/packages/arduino/tools/arm-none-eabi-gcc/4.8.3-2014q1/bin/../lib/gcc/arm-none-eabi/4.8.3/armv7-m/libgcc.a
LOAD /home/param/.arduino15/packages/arduino/tools/arm-none-eabi-gcc/4.8.3-2014q1/bin/../lib/gcc/arm-none-eabi/4.8.3/../../../../arm-none-eabi/lib/armv7-m/libc.a
END GROUP
LOAD /home/param/.arduino15/packages/arduino/tools/arm-none-eabi-gcc/4.8.3-2014q1/bin/../lib/gcc/arm-none-eabi/4.8.3/armv7-m/crtend.o
LOAD /home/param/.arduino15/packages/arduino/tools/arm-none-eabi-gcc/4.8.3-2014q1/bin/../lib/gcc/arm-none-eabi/4.8.3/armv7-m/crtn.o
START GROUP
LOAD /home/param/.arduino15/packages/arduino/tools/arm-none-eabi-gcc/4.8.3-2014q1/bin/../lib/gcc/arm-none-eabi/4.8.3/armv7-m/libgcc.a
LOAD /home/param/.arduino15/packages/arduino/tools/arm-none-eabi-gcc/4.8.3-2014q1/bin/../lib/gcc/arm-none-eabi/4.8.3/../../../../arm-none-eabi/lib/armv7-m/libc.a
LOAD /home/param/.arduino15/packages/arduino/tools/arm-none-eabi-gcc/4.8.3-2014q1/bin/../lib/gcc/arm-none-eabi/4.8.3/../../../../arm-none-eabi/lib/armv7-m/libm.a
END GROUP
START GROUP
LOAD /home/param/.arduino15/packages/arduino/tools/arm-none-eabi-gcc/4.8.3-2014q1/bin/../lib/gcc/arm-none-eabi/4.8.3/../../../../arm-none-eabi/lib/armv7-m/libnosys.a
END GROUP
                0x0000000020005000                PROVIDE (__msp_init, (ORIGIN (ram) + 0x5000))
                0x0000000008001cd8                PROVIDE (__exc_reset, __start__)

.text           0x0000000008000000     0x65fc
                0x0000000008000000                __text_start__ = .
 *(.stm32.interrupt_vector)
 .stm32.interrupt_vector
                0x0000000008000000       0xec /mnt/Workspace/drone_parachute/build/core/core.a(vector_table.S.o)
                0x0000000008000000                __stm32_vector_table
 *(.text .text.* .gnu.linkonce.t.*)
 .text          0x00000000080000ec       0x54 /home/param/.arduino15/packages/arduino/tools/arm-none-eabi-gcc/4.8.3-2014q1/bin/../lib/gcc/arm-none-eabi/4.8.3/armv7-m/crtbegin.o
 .text._Z4loopv
                0x0000000008000140        0x2 /mnt/Workspace/drone_parachute/build/sketch/main.ino.cpp.o
                0x0000000008000140                loop()
 *fill*         0x0000000008000142        0x2 
 .text._Z23check_main_battery_voltv
                0x0000000008000144       0x70 /mnt/Workspace/drone_parachute/build/sketch/main.ino.cpp.o
                0x0000000008000144                check_main_battery_volt()
 .text._Z11refresh_imuv
                0x00000000080001b4        0xc /mnt/Workspace/drone_parachute/build/sketch/main.ino.cpp.o
                0x00000000080001b4                refresh_imu()
 .text._Z11check_statev
                0x00000000080001c0      0x268 /mnt/Workspace/drone_parachute/build/sketch/main.ino.cpp.o
                0x00000000080001c0                check_state()
 .text._Z14parachute_initv
                0x0000000008000428       0x2c /mnt/Workspace/drone_parachute/build/sketch/main.ino.cpp.o
                0x0000000008000428                parachute_init()
 .text._Z12deploy_chutev
                0x0000000008000454       0x30 /mnt/Workspace/drone_parachute/build/sketch/main.ino.cpp.o
                0x0000000008000454                deploy_chute()
 .text._Z11kill_rotorsv
                0x0000000008000484        0x8 /mnt/Workspace/drone_parachute/build/sketch/main.ino.cpp.o
                0x0000000008000484                kill_rotors()
 .text._Z17error_signal_initv
                0x000000000800048c       0x16 /mnt/Workspace/drone_parachute/build/sketch/main.ino.cpp.o
                0x000000000800048c                error_signal_init()
 .text._Z18raise_error_signalv
                0x00000000080004a2       0x32 /mnt/Workspace/drone_parachute/build/sketch/main.ino.cpp.o
                0x00000000080004a2                raise_error_signal()
 *fill*         0x00000000080004d4        0x4 
 .text._Z14batteries_initv
                0x00000000080004d8       0xd8 /mnt/Workspace/drone_parachute/build/sketch/main.ino.cpp.o
                0x00000000080004d8                batteries_init()
 .text._Z12check_systemv
                0x00000000080005b0       0x30 /mnt/Workspace/drone_parachute/build/sketch/main.ino.cpp.o
                0x00000000080005b0                check_system()
 .text._Z8imu_initv
                0x00000000080005e0       0x40 /mnt/Workspace/drone_parachute/build/sketch/main.ino.cpp.o
                0x00000000080005e0                imu_init()
 .text._Z5setupv
                0x0000000008000620       0x80 /mnt/Workspace/drone_parachute/build/sketch/main.ino.cpp.o
                0x0000000008000620                setup()
 .text.startup._GLOBAL__sub_I__Z5setupv
                0x00000000080006a0       0x24 /mnt/Workspace/drone_parachute/build/sketch/main.ino.cpp.o
 .text._ZN7MPU9250C2ER7TwoWireh
                0x00000000080006c4      0x294 /mnt/Workspace/drone_parachute/build/libraries/Bolder_Flight_Systems_MPU9250/MPU9250.cpp.o
                0x00000000080006c4                MPU9250::MPU9250(TwoWire&, unsigned char)
                0x00000000080006c4                MPU9250::MPU9250(TwoWire&, unsigned char)
 .text._ZN7MPU925013getAccelX_mssEv
                0x0000000008000958        0x4 /mnt/Workspace/drone_parachute/build/libraries/Bolder_Flight_Systems_MPU9250/MPU9250.cpp.o
                0x0000000008000958                MPU9250::getAccelX_mss()
 .text._ZN7MPU925013getAccelY_mssEv
                0x000000000800095c        0x4 /mnt/Workspace/drone_parachute/build/libraries/Bolder_Flight_Systems_MPU9250/MPU9250.cpp.o
                0x000000000800095c                MPU9250::getAccelY_mss()
 .text._ZN7MPU925013getAccelZ_mssEv
                0x0000000008000960        0x4 /mnt/Workspace/drone_parachute/build/libraries/Bolder_Flight_Systems_MPU9250/MPU9250.cpp.o
                0x0000000008000960                MPU9250::getAccelZ_mss()
 .text._ZN7MPU925013getGyroX_radsEv
                0x0000000008000964        0x4 /mnt/Workspace/drone_parachute/build/libraries/Bolder_Flight_Systems_MPU9250/MPU9250.cpp.o
                0x0000000008000964                MPU9250::getGyroX_rads()
 .text._ZN7MPU925013getGyroY_radsEv
                0x0000000008000968        0x4 /mnt/Workspace/drone_parachute/build/libraries/Bolder_Flight_Systems_MPU9250/MPU9250.cpp.o
                0x0000000008000968                MPU9250::getGyroY_rads()
 .text._ZN7MPU925013getGyroZ_radsEv
                0x000000000800096c        0x4 /mnt/Workspace/drone_parachute/build/libraries/Bolder_Flight_Systems_MPU9250/MPU9250.cpp.o
                0x000000000800096c                MPU9250::getGyroZ_rads()
 .text._ZN7MPU925010getMagX_uTEv
                0x0000000008000970        0x4 /mnt/Workspace/drone_parachute/build/libraries/Bolder_Flight_Systems_MPU9250/MPU9250.cpp.o
                0x0000000008000970                MPU9250::getMagX_uT()
 .text._ZN7MPU925010getMagY_uTEv
                0x0000000008000974        0x4 /mnt/Workspace/drone_parachute/build/libraries/Bolder_Flight_Systems_MPU9250/MPU9250.cpp.o
                0x0000000008000974                MPU9250::getMagY_uT()
 .text._ZN7MPU925010getMagZ_uTEv
                0x0000000008000978        0x4 /mnt/Workspace/drone_parachute/build/libraries/Bolder_Flight_Systems_MPU9250/MPU9250.cpp.o
                0x0000000008000978                MPU9250::getMagZ_uT()
 .text._ZN7MPU925016getTemperature_CEv
                0x000000000800097c        0x4 /mnt/Workspace/drone_parachute/build/libraries/Bolder_Flight_Systems_MPU9250/MPU9250.cpp.o
                0x000000000800097c                MPU9250::getTemperature_C()
 .text._ZN7MPU925013readRegistersEhhPh
                0x0000000008000980      0x130 /mnt/Workspace/drone_parachute/build/libraries/Bolder_Flight_Systems_MPU9250/MPU9250.cpp.o
                0x0000000008000980                MPU9250::readRegisters(unsigned char, unsigned char, unsigned char*)
 .text._ZN7MPU925010readSensorEv
                0x0000000008000ab0      0x29e /mnt/Workspace/drone_parachute/build/libraries/Bolder_Flight_Systems_MPU9250/MPU9250.cpp.o
                0x0000000008000ab0                MPU9250::readSensor()
 .text._ZN7MPU925013writeRegisterEhh
                0x0000000008000d4e       0xc6 /mnt/Workspace/drone_parachute/build/libraries/Bolder_Flight_Systems_MPU9250/MPU9250.cpp.o
                0x0000000008000d4e                MPU9250::writeRegister(unsigned char, unsigned char)
 .text._ZN7MPU925013setAccelRangeENS_10AccelRangeE
                0x0000000008000e14       0x9c /mnt/Workspace/drone_parachute/build/libraries/Bolder_Flight_Systems_MPU9250/MPU9250.cpp.o
                0x0000000008000e14                MPU9250::setAccelRange(MPU9250::AccelRange)
 .text._ZN7MPU925012setGyroRangeENS_9GyroRangeE
                0x0000000008000eb0       0x9c /mnt/Workspace/drone_parachute/build/libraries/Bolder_Flight_Systems_MPU9250/MPU9250.cpp.o
                0x0000000008000eb0                MPU9250::setGyroRange(MPU9250::GyroRange)
 .text._ZN7MPU925016setDlpfBandwidthENS_13DlpfBandwidthE
                0x0000000008000f4c       0xda /mnt/Workspace/drone_parachute/build/libraries/Bolder_Flight_Systems_MPU9250/MPU9250.cpp.o
                0x0000000008000f4c                MPU9250::setDlpfBandwidth(MPU9250::DlpfBandwidth)
 .text._ZN7MPU925019readAK8963RegistersEhhPh
                0x0000000008001026       0x6e /mnt/Workspace/drone_parachute/build/libraries/Bolder_Flight_Systems_MPU9250/MPU9250.cpp.o
                0x0000000008001026                MPU9250::readAK8963Registers(unsigned char, unsigned char, unsigned char*)
 .text._ZN7MPU925019writeAK8963RegisterEhh
                0x0000000008001094       0x8e /mnt/Workspace/drone_parachute/build/libraries/Bolder_Flight_Systems_MPU9250/MPU9250.cpp.o
                0x0000000008001094                MPU9250::writeAK8963Register(unsigned char, unsigned char)
 .text._ZN7MPU92506setSrdEh
                0x0000000008001122       0xa6 /mnt/Workspace/drone_parachute/build/libraries/Bolder_Flight_Systems_MPU9250/MPU9250.cpp.o
                0x0000000008001122                MPU9250::setSrd(unsigned char)
 .text._ZN7MPU925013calibrateGyroEv
                0x00000000080011c8      0x148 /mnt/Workspace/drone_parachute/build/libraries/Bolder_Flight_Systems_MPU9250/MPU9250.cpp.o
                0x00000000080011c8                MPU9250::calibrateGyro()
 .text._ZN7MPU92506whoAmIEv
                0x0000000008001310       0x20 /mnt/Workspace/drone_parachute/build/libraries/Bolder_Flight_Systems_MPU9250/MPU9250.cpp.o
                0x0000000008001310                MPU9250::whoAmI()
 .text._ZN7MPU925012whoAmIAK8963Ev
                0x0000000008001330       0x20 /mnt/Workspace/drone_parachute/build/libraries/Bolder_Flight_Systems_MPU9250/MPU9250.cpp.o
                0x0000000008001330                MPU9250::whoAmIAK8963()
 .text._ZN7MPU92505beginEv
                0x0000000008001350      0x358 /mnt/Workspace/drone_parachute/build/libraries/Bolder_Flight_Systems_MPU9250/MPU9250.cpp.o
                0x0000000008001350                MPU9250::begin()
 .text._ZN7TwoWire7processEv
                0x00000000080016a8        0xc /mnt/Workspace/drone_parachute/build/libraries/Wire/Wire.cpp.o
                0x00000000080016a8                TwoWire::process()
 .text._ZN7TwoWire5beginEh
                0x00000000080016b4        0xe /mnt/Workspace/drone_parachute/build/libraries/Wire/Wire.cpp.o
                0x00000000080016b4                TwoWire::begin(unsigned char)
 .text.i2c_disable
                0x00000000080016c2       0x1a /mnt/Workspace/drone_parachute/build/libraries/Wire/Wire.cpp.o
 .text._ZN7TwoWire3endEv
                0x00000000080016dc       0x10 /mnt/Workspace/drone_parachute/build/libraries/Wire/Wire.cpp.o
                0x00000000080016dc                TwoWire::end()
 .text._ZN7TwoWire7processEh
                0x00000000080016ec       0x4a /mnt/Workspace/drone_parachute/build/libraries/Wire/Wire.cpp.o
                0x00000000080016ec                TwoWire::process(unsigned char)
 *fill*         0x0000000008001736        0x2 
 .text._ZN7TwoWireD2Ev
                0x0000000008001738       0x24 /mnt/Workspace/drone_parachute/build/libraries/Wire/Wire.cpp.o
                0x0000000008001738                TwoWire::~TwoWire()
                0x0000000008001738                TwoWire::~TwoWire()
 .text._ZN7TwoWire8setClockEm
                0x000000000800175c       0x26 /mnt/Workspace/drone_parachute/build/libraries/Wire/Wire.cpp.o
                0x000000000800175c                TwoWire::setClock(unsigned long)
 *fill*         0x0000000008001782        0x2 
 .text.startup._GLOBAL__sub_I__ZN7TwoWire7processEh
                0x0000000008001784       0x28 /mnt/Workspace/drone_parachute/build/libraries/Wire/Wire.cpp.o
 .text.exit._GLOBAL__sub_D__ZN7TwoWire7processEh
                0x00000000080017ac        0xc /mnt/Workspace/drone_parachute/build/libraries/Wire/Wire.cpp.o
 .text._ZN8WireBase5beginEh
                0x00000000080017b8       0x14 /mnt/Workspace/drone_parachute/build/libraries/Wire/utility/WireBase.cpp.o
                0x00000000080017b8                WireBase::begin(unsigned char)
 .text._ZN8WireBase17beginTransmissionEh
                0x00000000080017cc       0x14 /mnt/Workspace/drone_parachute/build/libraries/Wire/utility/WireBase.cpp.o
                0x00000000080017cc                WireBase::beginTransmission(unsigned char)
 .text._ZN8WireBase15endTransmissionEb
                0x00000000080017e0       0x1e /mnt/Workspace/drone_parachute/build/libraries/Wire/utility/WireBase.cpp.o
                0x00000000080017e0                WireBase::endTransmission(bool)
 .text._ZN8WireBase15endTransmissionEv
                0x00000000080017fe        0x6 /mnt/Workspace/drone_parachute/build/libraries/Wire/utility/WireBase.cpp.o
                0x00000000080017fe                WireBase::endTransmission()
 .text._ZN8WireBase11requestFromEhib
                0x0000000008001804       0x38 /mnt/Workspace/drone_parachute/build/libraries/Wire/utility/WireBase.cpp.o
                0x0000000008001804                WireBase::requestFrom(unsigned char, int, bool)
 .text._ZN8WireBase5writeEh
                0x000000000800183c       0x28 /mnt/Workspace/drone_parachute/build/libraries/Wire/utility/WireBase.cpp.o
                0x000000000800183c                WireBase::write(unsigned char)
 .text._ZN8WireBase4readEv
                0x0000000008001864       0x3e /mnt/Workspace/drone_parachute/build/libraries/Wire/utility/WireBase.cpp.o
                0x0000000008001864                WireBase::read()
 .text._ZL12waitSpiTxEndP7spi_dev
                0x00000000080018a2       0x10 /mnt/Workspace/drone_parachute/build/libraries/SPI/SPI.cpp.o
 .text._ZL11disable_pwmPK14stm32_pin_info
                0x00000000080018b2       0x10 /mnt/Workspace/drone_parachute/build/libraries/SPI/SPI.cpp.o
 *fill*         0x00000000080018c2        0x2 
 .text._ZL15dev_to_spi_pinsP7spi_dev.isra.8
                0x00000000080018c4       0x1c /mnt/Workspace/drone_parachute/build/libraries/SPI/SPI.cpp.o
 .text._ZL15configure_gpiosP7spi_devb
                0x00000000080018e0       0x84 /mnt/Workspace/drone_parachute/build/libraries/SPI/SPI.cpp.o
 .text._ZL19determine_baud_rateP7spi_devm.isra.9
                0x0000000008001964       0x3c /mnt/Workspace/drone_parachute/build/libraries/SPI/SPI.cpp.o
 .text._ZN8SPIClassC2Em
                0x00000000080019a0       0xbc /mnt/Workspace/drone_parachute/build/libraries/SPI/SPI.cpp.o
                0x00000000080019a0                SPIClass::SPIClass(unsigned long)
                0x00000000080019a0                SPIClass::SPIClass(unsigned long)
 .text._ZN8SPIClass14updateSettingsEv
                0x0000000008001a5c       0x24 /mnt/Workspace/drone_parachute/build/libraries/SPI/SPI.cpp.o
                0x0000000008001a5c                SPIClass::updateSettings()
 .text._ZN8SPIClass5beginEv
                0x0000000008001a80       0x24 /mnt/Workspace/drone_parachute/build/libraries/SPI/SPI.cpp.o
                0x0000000008001a80                SPIClass::begin()
 .text._ZN8SPIClass15setClockDividerEm
                0x0000000008001aa4       0x18 /mnt/Workspace/drone_parachute/build/libraries/SPI/SPI.cpp.o
                0x0000000008001aa4                SPIClass::setClockDivider(unsigned long)
 .text._ZN8SPIClass11setBitOrderE8BitOrder
                0x0000000008001abc       0x18 /mnt/Workspace/drone_parachute/build/libraries/SPI/SPI.cpp.o
                0x0000000008001abc                SPIClass::setBitOrder(BitOrder)
 .text._ZN8SPIClass11setDataSizeEm
                0x0000000008001ad4       0x30 /mnt/Workspace/drone_parachute/build/libraries/SPI/SPI.cpp.o
                0x0000000008001ad4                SPIClass::setDataSize(unsigned long)
 .text._ZN8SPIClass11setDataModeEh
                0x0000000008001b04       0x1a /mnt/Workspace/drone_parachute/build/libraries/SPI/SPI.cpp.o
                0x0000000008001b04                SPIClass::setDataMode(unsigned char)
 .text._ZN8SPIClass16beginTransactionEh11SPISettings
                0x0000000008001b1e       0x46 /mnt/Workspace/drone_parachute/build/libraries/SPI/SPI.cpp.o
                0x0000000008001b1e                SPIClass::beginTransaction(unsigned char, SPISettings)
 .text._ZN8SPIClass14endTransactionEv
                0x0000000008001b64        0x2 /mnt/Workspace/drone_parachute/build/libraries/SPI/SPI.cpp.o
                0x0000000008001b64                SPIClass::endTransaction()
 .text._ZNK8SPIClass8transferEh
                0x0000000008001b66       0x1a /mnt/Workspace/drone_parachute/build/libraries/SPI/SPI.cpp.o
                0x0000000008001b66                SPIClass::transfer(unsigned char) const
 .text.startup._GLOBAL__sub_I__ZN8SPIClassC2Em
                0x0000000008001b80        0xc /mnt/Workspace/drone_parachute/build/libraries/SPI/SPI.cpp.o
 .text._ZN5Servo17writeMicrosecondsEt
                0x0000000008001b8c       0x50 /mnt/Workspace/drone_parachute/build/libraries/Servo/Servo.cpp.o
                0x0000000008001b8c                Servo::writeMicroseconds(unsigned short)
 .text._ZN5Servo5writeEi
                0x0000000008001bdc       0x3c /mnt/Workspace/drone_parachute/build/libraries/Servo/Servo.cpp.o
                0x0000000008001bdc                Servo::write(int)
 .text._ZN5Servo11resetFieldsEv
                0x0000000008001c18       0x1c /mnt/Workspace/drone_parachute/build/libraries/Servo/Servo.cpp.o
                0x0000000008001c18                Servo::resetFields()
 .text._ZN5ServoC2Ev
                0x0000000008001c34        0xc /mnt/Workspace/drone_parachute/build/libraries/Servo/Servo.cpp.o
                0x0000000008001c34                Servo::Servo()
                0x0000000008001c34                Servo::Servo()
 .text._ZN5Servo6detachEv
                0x0000000008001c40       0x30 /mnt/Workspace/drone_parachute/build/libraries/Servo/Servo.cpp.o
                0x0000000008001c40                Servo::detach()
 .text._ZN5Servo6attachEhttss
                0x0000000008001c70       0x68 /mnt/Workspace/drone_parachute/build/libraries/Servo/Servo.cpp.o
                0x0000000008001c70                Servo::attach(unsigned char, unsigned short, unsigned short, short, short)
 .text          0x0000000008001cd8       0x10 /mnt/Workspace/drone_parachute/build/core/wirish/start.S.o
                0x0000000008001cd8                __start__
 .text.start_c  0x0000000008001ce8       0x58 /mnt/Workspace/drone_parachute/build/core/wirish/start_c.c.o
                0x0000000008001ce8                start_c
 .text._Z9boardInitv
                0x0000000008001d40        0x2 /mnt/Workspace/drone_parachute/build/core/board.cpp.o
                0x0000000008001d40                boardInit()
 *fill*         0x0000000008001d42        0x2 
 .text.startup._GLOBAL__sub_I__Z9boardInitv
                0x0000000008001d44       0x48 /mnt/Workspace/drone_parachute/build/core/board.cpp.o
 .text._ZL18adc_default_configP7adc_dev
                0x0000000008001d8c       0x1c /mnt/Workspace/drone_parachute/build/core/wirish/boards.cpp.o
 .text._ZL20timer_default_configP9timer_dev
                0x0000000008001da8       0x9e /mnt/Workspace/drone_parachute/build/core/wirish/boards.cpp.o
 *fill*         0x0000000008001e46        0x2 
 .text._Z4initv
                0x0000000008001e48       0xbc /mnt/Workspace/drone_parachute/build/core/wirish/boards.cpp.o
                0x0000000008001e48                init()
 .text._ZN6wirish4priv15board_reset_pllEv
                0x0000000008001f04        0x2 /mnt/Workspace/drone_parachute/build/core/wirish/boards_setup.cpp.o
                0x0000000008001f04                wirish::priv::board_reset_pll()
 .text._ZN6wirish4priv28board_setup_clock_prescalersEv
                0x0000000008001f06       0x2e /mnt/Workspace/drone_parachute/build/core/wirish/boards_setup.cpp.o
                0x0000000008001f06                wirish::priv::board_setup_clock_prescalers()
 .text._ZN6wirish4priv16board_setup_gpioEv
                0x0000000008001f34        0x4 /mnt/Workspace/drone_parachute/build/core/wirish/boards_setup.cpp.o
                0x0000000008001f34                wirish::priv::board_setup_gpio()
 .text._ZN6wirish4priv15board_setup_usbEv
                0x0000000008001f38        0x2 /mnt/Workspace/drone_parachute/build/core/wirish/boards_setup.cpp.o
                0x0000000008001f38                wirish::priv::board_setup_usb()
 .text._ZN6wirish4priv11series_initEv
                0x0000000008001f3a        0x4 /mnt/Workspace/drone_parachute/build/core/wirish/boards_setup.cpp.o
                0x0000000008001f3a                wirish::priv::series_init()
 *fill*         0x0000000008001f3e        0x2 
 .text          0x0000000008001f40       0x60 /mnt/Workspace/drone_parachute/build/core/core.a(exc.S.o)
                0x0000000008001f40                __exc_nmi
                0x0000000008001f44                __exc_hardfault
                0x0000000008001f48                __exc_memmanage
                0x0000000008001f4c                __exc_busfault
                0x0000000008001f50                __exc_usagefault
 .text          0x0000000008001fa0        0x2 /mnt/Workspace/drone_parachute/build/core/core.a(isrs.S.o)
                0x0000000008001fa0                __stm32reservedexception9
                0x0000000008001fa0                __exc_debug_monitor
                0x0000000008001fa0                __exc_svc
                0x0000000008001fa0                __irq_can_rx1
                0x0000000008001fa0                __irq_spi2
                0x0000000008001fa0                __irq_can_sce
                0x0000000008001fa0                __irq_pvd
                0x0000000008001fa0                __irq_tamper
                0x0000000008001fa0                __default_handler
                0x0000000008001fa0                __irq_wwdg
                0x0000000008001fa0                __stm32reservedexception10
                0x0000000008001fa0                __irq_flash
                0x0000000008001fa0                __stm32reservedexception13
                0x0000000008001fa0                __irq_rtc
                0x0000000008001fa0                __irq_spi1
                0x0000000008001fa0                __stm32reservedexception7
                0x0000000008001fa0                __irq_usb_hp_can_tx
                0x0000000008001fa0                __irq_rtcalarm
                0x0000000008001fa0                __stm32reservedexception8
                0x0000000008001fa0                __exc_pendsv
                0x0000000008001fa0                __irq_usbwakeup
                0x0000000008001fa0                __irq_rcc
 .text.adc_init
                0x0000000008001fa2       0x14 /mnt/Workspace/drone_parachute/build/core/core.a(adc.c.o)
                0x0000000008001fa2                adc_init
 .text.adc_set_extsel
                0x0000000008001fb6       0x12 /mnt/Workspace/drone_parachute/build/core/core.a(adc.c.o)
                0x0000000008001fb6                adc_set_extsel
 .text.adc_set_sample_rate
                0x0000000008001fc8       0x30 /mnt/Workspace/drone_parachute/build/core/core.a(adc.c.o)
                0x0000000008001fc8                adc_set_sample_rate
 .text.adc_read
                0x0000000008001ff8       0x20 /mnt/Workspace/drone_parachute/build/core/core.a(adc.c.o)
                0x0000000008001ff8                adc_read
 .text.__irq_adc
                0x0000000008002018       0x50 /mnt/Workspace/drone_parachute/build/core/core.a(adc_f1.c.o)
                0x0000000008002018                __irq_adc
 .text.adc_calibrate
                0x0000000008002068       0x24 /mnt/Workspace/drone_parachute/build/core/core.a(adc_f1.c.o)
                0x0000000008002068                adc_calibrate
 .text.adc_set_prescaler
                0x000000000800208c        0x8 /mnt/Workspace/drone_parachute/build/core/core.a(adc_f1.c.o)
                0x000000000800208c                adc_set_prescaler
 .text.adc_foreach
                0x0000000008002094       0x1c /mnt/Workspace/drone_parachute/build/core/core.a(adc_f1.c.o)
                0x0000000008002094                adc_foreach
 .text.adc_enable_single_swstart
                0x00000000080020b0       0x36 /mnt/Workspace/drone_parachute/build/core/core.a(adc_f1.c.o)
                0x00000000080020b0                adc_enable_single_swstart
 .text.dma_irq_handler
                0x00000000080020e6       0x1c /mnt/Workspace/drone_parachute/build/core/core.a(dma_f1.c.o)
 *fill*         0x0000000008002102        0x2 
 .text.__irq_dma1_channel1
                0x0000000008002104       0x10 /mnt/Workspace/drone_parachute/build/core/core.a(dma_f1.c.o)
                0x0000000008002104                __irq_dma1_channel1
 .text.__irq_dma1_channel2
                0x0000000008002114       0x10 /mnt/Workspace/drone_parachute/build/core/core.a(dma_f1.c.o)
                0x0000000008002114                __irq_dma1_channel2
 .text.__irq_dma1_channel3
                0x0000000008002124       0x10 /mnt/Workspace/drone_parachute/build/core/core.a(dma_f1.c.o)
                0x0000000008002124                __irq_dma1_channel3
 .text.__irq_dma1_channel4
                0x0000000008002134       0x10 /mnt/Workspace/drone_parachute/build/core/core.a(dma_f1.c.o)
                0x0000000008002134                __irq_dma1_channel4
 .text.__irq_dma1_channel5
                0x0000000008002144       0x10 /mnt/Workspace/drone_parachute/build/core/core.a(dma_f1.c.o)
                0x0000000008002144                __irq_dma1_channel5
 .text.__irq_dma1_channel6
                0x0000000008002154       0x10 /mnt/Workspace/drone_parachute/build/core/core.a(dma_f1.c.o)
                0x0000000008002154                __irq_dma1_channel6
 .text.__irq_dma1_channel7
                0x0000000008002164       0x10 /mnt/Workspace/drone_parachute/build/core/core.a(dma_f1.c.o)
                0x0000000008002164                __irq_dma1_channel7
 .text.dispatch_single_exti
                0x0000000008002174       0x2c /mnt/Workspace/drone_parachute/build/core/core.a(exti.c.o)
                0x0000000008002174                dispatch_single_exti
 .text.dispatch_extis
                0x00000000080021a0       0x4c /mnt/Workspace/drone_parachute/build/core/core.a(exti.c.o)
                0x00000000080021a0                dispatch_extis
 .text.__irq_exti0
                0x00000000080021ec        0x6 /mnt/Workspace/drone_parachute/build/core/core.a(exti.c.o)
                0x00000000080021ec                __irq_exti0
 .text.__irq_exti1
                0x00000000080021f2        0x6 /mnt/Workspace/drone_parachute/build/core/core.a(exti.c.o)
                0x00000000080021f2                __irq_exti1
 .text.__irq_exti2
                0x00000000080021f8        0x6 /mnt/Workspace/drone_parachute/build/core/core.a(exti.c.o)
                0x00000000080021f8                __irq_exti2
 .text.__irq_exti3
                0x00000000080021fe        0x6 /mnt/Workspace/drone_parachute/build/core/core.a(exti.c.o)
                0x00000000080021fe                __irq_exti3
 .text.__irq_exti4
                0x0000000008002204        0x6 /mnt/Workspace/drone_parachute/build/core/core.a(exti.c.o)
                0x0000000008002204                __irq_exti4
 .text.__irq_exti9_5
                0x000000000800220a        0x8 /mnt/Workspace/drone_parachute/build/core/core.a(exti.c.o)
                0x000000000800220a                __irq_exti9_5
 .text.__irq_exti15_10
                0x0000000008002212        0x8 /mnt/Workspace/drone_parachute/build/core/core.a(exti.c.o)
                0x0000000008002212                __irq_exti15_10
 *fill*         0x000000000800221a        0x2 
 .text.flash_set_latency
                0x000000000800221c       0x14 /mnt/Workspace/drone_parachute/build/core/core.a(flash.c.o)
                0x000000000800221c                flash_set_latency
 .text.gpio_init_all
                0x0000000008002230       0x30 /mnt/Workspace/drone_parachute/build/core/core.a(gpio_f1.c.o)
                0x0000000008002230                gpio_init_all
 .text.gpio_set_mode
                0x0000000008002260       0x50 /mnt/Workspace/drone_parachute/build/core/core.a(gpio_f1.c.o)
                0x0000000008002260                gpio_set_mode
 .text.afio_init
                0x00000000080022b0       0x12 /mnt/Workspace/drone_parachute/build/core/core.a(gpio_f1.c.o)
                0x00000000080022b0                afio_init
 *fill*         0x00000000080022c2        0x2 
 .text.afio_remap
                0x00000000080022c4       0x20 /mnt/Workspace/drone_parachute/build/core/core.a(gpio_f1.c.o)
                0x00000000080022c4                afio_remap
 .text.nvic_irq_enable
                0x00000000080022e4       0x1c /mnt/Workspace/drone_parachute/build/core/core.a(i2c.c.o)
 .text.i2c_disable_irq
                0x0000000008002300        0xc /mnt/Workspace/drone_parachute/build/core/core.a(i2c.c.o)
 .text.delay_us.part.0.constprop.6
                0x000000000800230c        0xa /mnt/Workspace/drone_parachute/build/core/core.a(i2c.c.o)
 .text.i2c_bus_reset
                0x0000000008002316       0xc2 /mnt/Workspace/drone_parachute/build/core/core.a(i2c.c.o)
                0x0000000008002316                i2c_bus_reset
 .text.i2c_init
                0x00000000080023d8       0x1e /mnt/Workspace/drone_parachute/build/core/core.a(i2c.c.o)
                0x00000000080023d8                i2c_init
 *fill*         0x00000000080023f6        0x2 
 .text.wait_for_state_change
                0x00000000080023f8       0x98 /mnt/Workspace/drone_parachute/build/core/core.a(i2c.c.o)
                0x00000000080023f8                wait_for_state_change
 .text.i2c_master_xfer
                0x0000000008002490       0xcc /mnt/Workspace/drone_parachute/build/core/core.a(i2c.c.o)
                0x0000000008002490                i2c_master_xfer
 .text._i2c_irq_handler
                0x000000000800255c      0x3d8 /mnt/Workspace/drone_parachute/build/core/core.a(i2c.c.o)
                0x000000000800255c                _i2c_irq_handler
 .text._i2c_irq_error_handler
                0x0000000008002934       0x84 /mnt/Workspace/drone_parachute/build/core/core.a(i2c.c.o)
                0x0000000008002934                _i2c_irq_error_handler
 .text.i2c_set_ccr_trise
                0x00000000080029b8       0x54 /mnt/Workspace/drone_parachute/build/core/core.a(i2c.c.o)
                0x00000000080029b8                i2c_set_ccr_trise
 .text.i2c_master_enable
                0x0000000008002a0c      0x1b4 /mnt/Workspace/drone_parachute/build/core/core.a(i2c.c.o)
                0x0000000008002a0c                i2c_master_enable
 .text.i2c_config_gpios
                0x0000000008002bc0       0x58 /mnt/Workspace/drone_parachute/build/core/core.a(i2c_f1.c.o)
                0x0000000008002bc0                i2c_config_gpios
 .text.i2c_master_release_bus
                0x0000000008002c18       0x4c /mnt/Workspace/drone_parachute/build/core/core.a(i2c_f1.c.o)
                0x0000000008002c18                i2c_master_release_bus
 .text.__irq_i2c1_ev
                0x0000000008002c64        0xc /mnt/Workspace/drone_parachute/build/core/core.a(i2c_f1.c.o)
                0x0000000008002c64                __irq_i2c1_ev
 .text.__irq_i2c2_ev
                0x0000000008002c70        0xc /mnt/Workspace/drone_parachute/build/core/core.a(i2c_f1.c.o)
                0x0000000008002c70                __irq_i2c2_ev
 .text.__irq_i2c1_er
                0x0000000008002c7c        0xc /mnt/Workspace/drone_parachute/build/core/core.a(i2c_f1.c.o)
                0x0000000008002c7c                __irq_i2c1_er
 .text.__irq_i2c2_er
                0x0000000008002c88        0xc /mnt/Workspace/drone_parachute/build/core/core.a(i2c_f1.c.o)
                0x0000000008002c88                __irq_i2c2_er
 .text._i2c_irq_priority_fixup
                0x0000000008002c94        0xa /mnt/Workspace/drone_parachute/build/core/core.a(i2c_f1.c.o)
                0x0000000008002c94                _i2c_irq_priority_fixup
 *fill*         0x0000000008002c9e        0x2 
 .text.nvic_irq_set_priority
                0x0000000008002ca0       0x28 /mnt/Workspace/drone_parachute/build/core/core.a(nvic.c.o)
                0x0000000008002ca0                nvic_irq_set_priority
 .text.nvic_init
                0x0000000008002cc8       0x30 /mnt/Workspace/drone_parachute/build/core/core.a(nvic.c.o)
                0x0000000008002cc8                nvic_init
 .text.rcc_dev_clk
                0x0000000008002cf8        0xc /mnt/Workspace/drone_parachute/build/core/core.a(rcc.c.o)
                0x0000000008002cf8                rcc_dev_clk
 .text.rcc_switch_sysclk
                0x0000000008002d04       0x20 /mnt/Workspace/drone_parachute/build/core/core.a(rcc.c.o)
                0x0000000008002d04                rcc_switch_sysclk
 .text.rcc_turn_on_clk
                0x0000000008002d24       0x1a /mnt/Workspace/drone_parachute/build/core/core.a(rcc.c.o)
                0x0000000008002d24                rcc_turn_on_clk
 .text.rcc_turn_off_clk
                0x0000000008002d3e       0x1c /mnt/Workspace/drone_parachute/build/core/core.a(rcc.c.o)
                0x0000000008002d3e                rcc_turn_off_clk
 .text.rcc_is_clk_on
                0x0000000008002d5a       0x1e /mnt/Workspace/drone_parachute/build/core/core.a(rcc.c.o)
                0x0000000008002d5a                rcc_is_clk_on
 .text.rcc_is_clk_ready
                0x0000000008002d78       0x18 /mnt/Workspace/drone_parachute/build/core/core.a(rcc.c.o)
                0x0000000008002d78                rcc_is_clk_ready
 .text.rcc_configure_pll
                0x0000000008002d90       0x38 /mnt/Workspace/drone_parachute/build/core/core.a(rcc_f1.c.o)
                0x0000000008002d90                rcc_configure_pll
 .text.rcc_clk_enable
                0x0000000008002dc8       0x30 /mnt/Workspace/drone_parachute/build/core/core.a(rcc_f1.c.o)
                0x0000000008002dc8                rcc_clk_enable
 .text.rcc_reset_dev
                0x0000000008002df8       0x34 /mnt/Workspace/drone_parachute/build/core/core.a(rcc_f1.c.o)
                0x0000000008002df8                rcc_reset_dev
 .text.rcc_set_prescaler
                0x0000000008002e2c       0x20 /mnt/Workspace/drone_parachute/build/core/core.a(rcc_f1.c.o)
                0x0000000008002e2c                rcc_set_prescaler
 .text.rcc_clk_disable
                0x0000000008002e4c       0x30 /mnt/Workspace/drone_parachute/build/core/core.a(rcc_f1.c.o)
                0x0000000008002e4c                rcc_clk_disable
 .text.bb_peri_set_bit
                0x0000000008002e7c        0xe /mnt/Workspace/drone_parachute/build/core/core.a(spi.c.o)
 .text.spi_init
                0x0000000008002e8a       0x14 /mnt/Workspace/drone_parachute/build/core/core.a(spi.c.o)
                0x0000000008002e8a                spi_init
 .text.spi_peripheral_enable
                0x0000000008002e9e        0xa /mnt/Workspace/drone_parachute/build/core/core.a(spi.c.o)
                0x0000000008002e9e                spi_peripheral_enable
 .text.spi_peripheral_disable
                0x0000000008002ea8        0xa /mnt/Workspace/drone_parachute/build/core/core.a(spi.c.o)
                0x0000000008002ea8                spi_peripheral_disable
 .text.spi_reconfigure
                0x0000000008002eb2       0x2c /mnt/Workspace/drone_parachute/build/core/core.a(spi.c.o)
 .text.spi_master_enable
                0x0000000008002ede        0xc /mnt/Workspace/drone_parachute/build/core/core.a(spi.c.o)
                0x0000000008002ede                spi_master_enable
 .text.spi_config_gpios
                0x0000000008002eea       0x5a /mnt/Workspace/drone_parachute/build/core/core.a(spi_f1.c.o)
                0x0000000008002eea                spi_config_gpios
 .text.systick_init
                0x0000000008002f44       0x10 /mnt/Workspace/drone_parachute/build/core/core.a(systick.c.o)
                0x0000000008002f44                systick_init
 .text.__exc_systick
                0x0000000008002f54       0x1c /mnt/Workspace/drone_parachute/build/core/core.a(systick.c.o)
                0x0000000008002f54                __exc_systick
 .text.timer_oc_set_mode
                0x0000000008002f70       0x3a /mnt/Workspace/drone_parachute/build/core/core.a(timer.c.o)
 .text.dispatch_general
                0x0000000008002faa       0x66 /mnt/Workspace/drone_parachute/build/core/core.a(timer.c.o)
 .text.timer_cc_enable
                0x0000000008003010       0x1c /mnt/Workspace/drone_parachute/build/core/core.a(timer.c.o)
 .text.timer_foreach
                0x000000000800302c       0x28 /mnt/Workspace/drone_parachute/build/core/core.a(timer.c.o)
                0x000000000800302c                timer_foreach
 .text.timer_init
                0x0000000008003054       0x14 /mnt/Workspace/drone_parachute/build/core/core.a(timer.c.o)
                0x0000000008003054                timer_init
 .text.timer_has_cc_channel
                0x0000000008003068       0x50 /mnt/Workspace/drone_parachute/build/core/core.a(timer.c.o)
                0x0000000008003068                timer_has_cc_channel
 .text.timer_detach_interrupt
                0x00000000080030b8       0x1e /mnt/Workspace/drone_parachute/build/core/core.a(timer.c.o)
                0x00000000080030b8                timer_detach_interrupt
 .text.input_capture_mode
                0x00000000080030d6       0x1a /mnt/Workspace/drone_parachute/build/core/core.a(timer.c.o)
                0x00000000080030d6                input_capture_mode
 .text.timer_set_mode
                0x00000000080030f0       0xcc /mnt/Workspace/drone_parachute/build/core/core.a(timer.c.o)
                0x00000000080030f0                timer_set_mode
 .text.__irq_tim1_brk
                0x00000000080031bc       0x24 /mnt/Workspace/drone_parachute/build/core/core.a(timer.c.o)
                0x00000000080031bc                __irq_tim1_brk
 .text.__irq_tim1_up
                0x00000000080031e0       0x24 /mnt/Workspace/drone_parachute/build/core/core.a(timer.c.o)
                0x00000000080031e0                __irq_tim1_up
 .text.__irq_tim1_trg_com
                0x0000000008003204       0x34 /mnt/Workspace/drone_parachute/build/core/core.a(timer.c.o)
                0x0000000008003204                __irq_tim1_trg_com
 .text.__irq_tim1_cc
                0x0000000008003238       0x50 /mnt/Workspace/drone_parachute/build/core/core.a(timer.c.o)
                0x0000000008003238                __irq_tim1_cc
 .text.__irq_tim2
                0x0000000008003288        0xc /mnt/Workspace/drone_parachute/build/core/core.a(timer.c.o)
                0x0000000008003288                __irq_tim2
 .text.__irq_tim3
                0x0000000008003294        0xc /mnt/Workspace/drone_parachute/build/core/core.a(timer.c.o)
                0x0000000008003294                __irq_tim3
 .text.__irq_tim4
                0x00000000080032a0        0xc /mnt/Workspace/drone_parachute/build/core/core.a(timer.c.o)
                0x00000000080032a0                __irq_tim4
 .text.usart_irq
                0x00000000080032ac       0xc8 /mnt/Workspace/drone_parachute/build/core/core.a(usart_f1.c.o)
 .text.usart_config_gpios_async
                0x0000000008003374       0x4a /mnt/Workspace/drone_parachute/build/core/core.a(usart_f1.c.o)
                0x0000000008003374                usart_config_gpios_async
 *fill*         0x00000000080033be        0x2 
 .text.usart_set_baud_rate
                0x00000000080033c0       0x54 /mnt/Workspace/drone_parachute/build/core/core.a(usart_f1.c.o)
                0x00000000080033c0                usart_set_baud_rate
 .text.__irq_usart1
                0x0000000008003414       0x18 /mnt/Workspace/drone_parachute/build/core/core.a(usart_f1.c.o)
                0x0000000008003414                __irq_usart1
 .text.__irq_usart2
                0x000000000800342c       0x18 /mnt/Workspace/drone_parachute/build/core/core.a(usart_f1.c.o)
                0x000000000800342c                __irq_usart2
 .text.__irq_usart3
                0x0000000008003444       0x18 /mnt/Workspace/drone_parachute/build/core/core.a(usart_f1.c.o)
                0x0000000008003444                __irq_usart3
 .text._usart_clock_freq
                0x000000000800345c       0x24 /mnt/Workspace/drone_parachute/build/core/core.a(usart_private.c.o)
                0x000000000800345c                _usart_clock_freq
 .text.usb_resume
                0x0000000008003480       0xb4 /mnt/Workspace/drone_parachute/build/core/core.a(usb.c.o)
 .text.__irq_usb_lp_can_rx0
                0x0000000008003534      0x1f0 /mnt/Workspace/drone_parachute/build/core/core.a(usb.c.o)
                0x0000000008003534                __irq_usb_lp_can_rx0
 .text.usb_set_ep_rx_stat
                0x0000000008003724       0x22 /mnt/Workspace/drone_parachute/build/core/core.a(usb_cdcacm.c.o)
 *fill*         0x0000000008003746        0x2 
 .text.vcomGetSetLineCoding
                0x0000000008003748       0x18 /mnt/Workspace/drone_parachute/build/core/core.a(usb_cdcacm.c.o)
 .text.usbDataSetup
                0x0000000008003760       0x54 /mnt/Workspace/drone_parachute/build/core/core.a(usb_cdcacm.c.o)
 .text.usbNoDataSetup
                0x00000000080037b4       0x50 /mnt/Workspace/drone_parachute/build/core/core.a(usb_cdcacm.c.o)
 .text.usbGetInterfaceSetting
                0x0000000008003804       0x10 /mnt/Workspace/drone_parachute/build/core/core.a(usb_cdcacm.c.o)
 .text.usbGetStringDescriptor
                0x0000000008003814       0x20 /mnt/Workspace/drone_parachute/build/core/core.a(usb_cdcacm.c.o)
 .text.usbGetConfigDescriptor
                0x0000000008003834        0xc /mnt/Workspace/drone_parachute/build/core/core.a(usb_cdcacm.c.o)
 .text.usbGetDeviceDescriptor
                0x0000000008003840        0xc /mnt/Workspace/drone_parachute/build/core/core.a(usb_cdcacm.c.o)
 .text.usbInit  0x000000000800384c       0x44 /mnt/Workspace/drone_parachute/build/core/core.a(usb_cdcacm.c.o)
 .text.usbReset
                0x0000000008003890      0x160 /mnt/Workspace/drone_parachute/build/core/core.a(usb_cdcacm.c.o)
 .text.usb_set_ep_rx_count
                0x00000000080039f0       0x4c /mnt/Workspace/drone_parachute/build/core/core.a(usb_reg_map.c.o)
                0x00000000080039f0                usb_set_ep_rx_count
 .text.Standard_GetConfiguration
                0x0000000008003a3c       0x24 /mnt/Workspace/drone_parachute/build/core/core.a(usb_core.c.o)
                0x0000000008003a3c                Standard_GetConfiguration
 .text.Standard_GetInterface
                0x0000000008003a60       0x24 /mnt/Workspace/drone_parachute/build/core/core.a(usb_core.c.o)
                0x0000000008003a60                Standard_GetInterface
 .text.Standard_GetStatus
                0x0000000008003a84       0x90 /mnt/Workspace/drone_parachute/build/core/core.a(usb_core.c.o)
                0x0000000008003a84                Standard_GetStatus
 .text.DataStageIn
                0x0000000008003b14       0xa8 /mnt/Workspace/drone_parachute/build/core/core.a(usb_core.c.o)
 .text.Standard_SetConfiguration
                0x0000000008003bbc       0x38 /mnt/Workspace/drone_parachute/build/core/core.a(usb_core.c.o)
                0x0000000008003bbc                Standard_SetConfiguration
 .text.Standard_SetInterface
                0x0000000008003bf4       0x48 /mnt/Workspace/drone_parachute/build/core/core.a(usb_core.c.o)
                0x0000000008003bf4                Standard_SetInterface
 .text.Standard_ClearFeature
                0x0000000008003c3c       0xd0 /mnt/Workspace/drone_parachute/build/core/core.a(usb_core.c.o)
                0x0000000008003c3c                Standard_ClearFeature
 .text.Standard_SetEndPointFeature
                0x0000000008003d0c       0x84 /mnt/Workspace/drone_parachute/build/core/core.a(usb_core.c.o)
                0x0000000008003d0c                Standard_SetEndPointFeature
 .text.Standard_SetDeviceFeature
                0x0000000008003d90       0x24 /mnt/Workspace/drone_parachute/build/core/core.a(usb_core.c.o)
                0x0000000008003d90                Standard_SetDeviceFeature
 .text.Standard_GetDescriptorData
                0x0000000008003db4       0x1c /mnt/Workspace/drone_parachute/build/core/core.a(usb_core.c.o)
                0x0000000008003db4                Standard_GetDescriptorData
 .text.Post0_Process
                0x0000000008003dd0       0x40 /mnt/Workspace/drone_parachute/build/core/core.a(usb_core.c.o)
                0x0000000008003dd0                Post0_Process
 .text.Setup0_Process
                0x0000000008003e10      0x2d0 /mnt/Workspace/drone_parachute/build/core/core.a(usb_core.c.o)
                0x0000000008003e10                Setup0_Process
 .text.Out0_Process
                0x00000000080040e0       0xc8 /mnt/Workspace/drone_parachute/build/core/core.a(usb_core.c.o)
                0x00000000080040e0                Out0_Process
 .text.SetDeviceAddress
                0x00000000080041a8       0x38 /mnt/Workspace/drone_parachute/build/core/core.a(usb_core.c.o)
                0x00000000080041a8                SetDeviceAddress
 .text.In0_Process
                0x00000000080041e0       0x5c /mnt/Workspace/drone_parachute/build/core/core.a(usb_core.c.o)
                0x00000000080041e0                In0_Process
 .text.NOP_Process
                0x000000000800423c        0x2 /mnt/Workspace/drone_parachute/build/core/core.a(usb_core.c.o)
                0x000000000800423c                NOP_Process
 .text.UserToPMABufferCopy
                0x000000000800423e       0x30 /mnt/Workspace/drone_parachute/build/core/core.a(usb_mem.c.o)
                0x000000000800423e                UserToPMABufferCopy
 .text.PMAToUserBufferCopy
                0x000000000800426e       0x32 /mnt/Workspace/drone_parachute/build/core/core.a(usb_mem.c.o)
                0x000000000800426e                PMAToUserBufferCopy
 .text.SetEPTxStatus
                0x00000000080042a0       0x2a /mnt/Workspace/drone_parachute/build/core/core.a(usb_regs.c.o)
                0x00000000080042a0                SetEPTxStatus
 .text.ClearDTOG_RX
                0x00000000080042ca       0x20 /mnt/Workspace/drone_parachute/build/core/core.a(usb_regs.c.o)
                0x00000000080042ca                ClearDTOG_RX
 .text.ClearDTOG_TX
                0x00000000080042ea       0x20 /mnt/Workspace/drone_parachute/build/core/core.a(usb_regs.c.o)
                0x00000000080042ea                ClearDTOG_TX
 *fill*         0x000000000800430a        0x2 
 .text.GetEPTxAddr
                0x000000000800430c       0x1c /mnt/Workspace/drone_parachute/build/core/core.a(usb_regs.c.o)
                0x000000000800430c                GetEPTxAddr
 .text.GetEPRxAddr
                0x0000000008004328       0x1c /mnt/Workspace/drone_parachute/build/core/core.a(usb_regs.c.o)
                0x0000000008004328                GetEPRxAddr
 .text.SetEPTxCount
                0x0000000008004344       0x1c /mnt/Workspace/drone_parachute/build/core/core.a(usb_regs.c.o)
                0x0000000008004344                SetEPTxCount
 .text.SetEPRxCount
                0x0000000008004360       0x40 /mnt/Workspace/drone_parachute/build/core/core.a(usb_regs.c.o)
                0x0000000008004360                SetEPRxCount
 .text.usart_putc
                0x00000000080043a0       0x1c /mnt/Workspace/drone_parachute/build/core/core.a(util.c.o)
 .text.usart_putstr
                0x00000000080043bc       0x16 /mnt/Workspace/drone_parachute/build/core/core.a(util.c.o)
 *fill*         0x00000000080043d2        0x2 
 .text.throb    0x00000000080043d4       0x4c /mnt/Workspace/drone_parachute/build/core/core.a(util.c.o)
                0x00000000080043d4                throb
 .text.__error  0x0000000008004420       0x14 /mnt/Workspace/drone_parachute/build/core/core.a(util.c.o)
                0x0000000008004420                __error
 .text._fail    0x0000000008004434       0x64 /mnt/Workspace/drone_parachute/build/core/core.a(util.c.o)
                0x0000000008004434                _fail
 .text.rb_full_count
                0x0000000008004498       0x22 /mnt/Workspace/drone_parachute/build/core/core.a(HardwareSerial.cpp.o)
 .text._ZN14HardwareSerial4readEv
                0x00000000080044ba       0x3a /mnt/Workspace/drone_parachute/build/core/core.a(HardwareSerial.cpp.o)
                0x00000000080044ba                HardwareSerial::read()
 .text._ZN14HardwareSerial9availableEv
                0x00000000080044f4        0xc /mnt/Workspace/drone_parachute/build/core/core.a(HardwareSerial.cpp.o)
                0x00000000080044f4                HardwareSerial::available()
 .text._ZN14HardwareSerial4peekEv
                0x0000000008004500       0x22 /mnt/Workspace/drone_parachute/build/core/core.a(HardwareSerial.cpp.o)
                0x0000000008004500                HardwareSerial::peek()
 .text._ZN14HardwareSerial5flushEv
                0x0000000008004522       0x1a /mnt/Workspace/drone_parachute/build/core/core.a(HardwareSerial.cpp.o)
                0x0000000008004522                HardwareSerial::flush()
 .text._ZN14HardwareSerial5writeEh
                0x000000000800453c       0x1e /mnt/Workspace/drone_parachute/build/core/core.a(HardwareSerial.cpp.o)
                0x000000000800453c                HardwareSerial::write(unsigned char)
 *fill*         0x000000000800455a        0x2 
 .text._ZN14HardwareSerialC2EP9usart_devhh
                0x000000000800455c       0x1c /mnt/Workspace/drone_parachute/build/core/core.a(HardwareSerial.cpp.o)
                0x000000000800455c                HardwareSerial::HardwareSerial(usart_dev*, unsigned char, unsigned char)
                0x000000000800455c                HardwareSerial::HardwareSerial(usart_dev*, unsigned char, unsigned char)
 .text._ZN14HardwareSerial5beginEmh
                0x0000000008004578       0x78 /mnt/Workspace/drone_parachute/build/core/core.a(HardwareSerial.cpp.o)
                0x0000000008004578                HardwareSerial::begin(unsigned long, unsigned char)
 .text._ZN14HardwareSerial5beginEm
                0x00000000080045f0        0x6 /mnt/Workspace/drone_parachute/build/core/core.a(HardwareSerial.cpp.o)
                0x00000000080045f0                HardwareSerial::begin(unsigned long)
 .text._ZN5Print5writeEPKvm
                0x00000000080045f6       0x20 /mnt/Workspace/drone_parachute/build/core/core.a(Print.cpp.o)
                0x00000000080045f6                Print::write(void const*, unsigned long)
 .text._ZN5Print5writeEPKc
                0x0000000008004616       0x1e /mnt/Workspace/drone_parachute/build/core/core.a(Print.cpp.o)
                0x0000000008004616                Print::write(char const*)
 .text._ZN5Print5printEc
                0x0000000008004634        0xa /mnt/Workspace/drone_parachute/build/core/core.a(Print.cpp.o)
                0x0000000008004634                Print::print(char)
 .text._ZN5Print5printEPKc
                0x000000000800463e        0xa /mnt/Workspace/drone_parachute/build/core/core.a(Print.cpp.o)
                0x000000000800463e                Print::print(char const*)
 .text._ZN5Print7printlnEv
                0x0000000008004648       0x18 /mnt/Workspace/drone_parachute/build/core/core.a(Print.cpp.o)
                0x0000000008004648                Print::println()
 .text._ZN5Print7printlnEPKc
                0x0000000008004660       0x14 /mnt/Workspace/drone_parachute/build/core/core.a(Print.cpp.o)
                0x0000000008004660                Print::println(char const*)
 .text._ZN5Print11printNumberEyh
                0x0000000008004674       0x84 /mnt/Workspace/drone_parachute/build/core/core.a(Print.cpp.o)
                0x0000000008004674                Print::printNumber(unsigned long long, unsigned char)
 .text._ZN5Print5printExi
                0x00000000080046f8       0x32 /mnt/Workspace/drone_parachute/build/core/core.a(Print.cpp.o)
                0x00000000080046f8                Print::print(long long, int)
 .text._ZN5Print5printEii
                0x000000000800472a       0x12 /mnt/Workspace/drone_parachute/build/core/core.a(Print.cpp.o)
                0x000000000800472a                Print::print(int, int)
 *fill*         0x000000000800473c        0x4 
 .text._ZN5Print10printFloatEdh
                0x0000000008004740      0x158 /mnt/Workspace/drone_parachute/build/core/core.a(Print.cpp.o)
                0x0000000008004740                Print::printFloat(double, unsigned char)
 .text._ZN5Print5printEdi
                0x0000000008004898        0xa /mnt/Workspace/drone_parachute/build/core/core.a(Print.cpp.o)
                0x0000000008004898                Print::print(double, int)
 .text._ZN5Print7printlnEdi
                0x00000000080048a2       0x1c /mnt/Workspace/drone_parachute/build/core/core.a(Print.cpp.o)
                0x00000000080048a2                Print::println(double, int)
 .text.__cxa_pure_virtual
                0x00000000080048be        0x2 /mnt/Workspace/drone_parachute/build/core/core.a(cxxabi-compat.cpp.o)
                0x00000000080048be                __cxa_pure_virtual
 .text.startup._Z7premainv
                0x00000000080048c0        0x4 /mnt/Workspace/drone_parachute/build/core/core.a(main.cpp.o)
                0x00000000080048c0                premain()
 .text.startup.main
                0x00000000080048c4        0xc /mnt/Workspace/drone_parachute/build/core/core.a(main.cpp.o)
                0x00000000080048c4                main
 .text._Z8pwmWriteht
                0x00000000080048d0       0x3c /mnt/Workspace/drone_parachute/build/core/core.a(pwm.cpp.o)
                0x00000000080048d0                pwmWrite(unsigned char, unsigned short)
 .text._Z7pinModeh13WiringPinMode
                0x000000000800490c       0x9c /mnt/Workspace/drone_parachute/build/core/core.a(wirish_digital_f1.cpp.o)
                0x000000000800490c                pinMode(unsigned char, WiringPinMode)
 .text._Z10analogReadh
                0x00000000080049a8       0x1c /mnt/Workspace/drone_parachute/build/core/core.a(wirish_analog.cpp.o)
                0x00000000080049a8                analogRead(unsigned char)
 .text._Z12digitalWritehh
                0x00000000080049c4       0x2c /mnt/Workspace/drone_parachute/build/core/core.a(wirish_digital.cpp.o)
                0x00000000080049c4                digitalWrite(unsigned char, unsigned char)
 .text._ZL6microsv
                0x00000000080049f0       0x34 /mnt/Workspace/drone_parachute/build/core/core.a(wirish_time.cpp.o)
 .text._Z5delaym
                0x0000000008004a24       0x2a /mnt/Workspace/drone_parachute/build/core/core.a(wirish_time.cpp.o)
                0x0000000008004a24                delay(unsigned long)
 .text.__empty  0x0000000008004a4e        0x2 /mnt/Workspace/drone_parachute/build/core/core.a(hooks.c.o)
                0x0000000008004a4e                yield
 .text.gpio_init
                0x0000000008004a50       0x14 /mnt/Workspace/drone_parachute/build/core/core.a(gpio.c.o)
                0x0000000008004a50                gpio_init
 .text.usart_init
                0x0000000008004a64       0x4c /mnt/Workspace/drone_parachute/build/core/core.a(usart.c.o)
                0x0000000008004a64                usart_init
 .text.usart_enable
                0x0000000008004ab0       0x14 /mnt/Workspace/drone_parachute/build/core/core.a(usart.c.o)
                0x0000000008004ab0                usart_enable
 .text.usart_tx
                0x0000000008004ac4       0x9c /mnt/Workspace/drone_parachute/build/core/core.a(usart.c.o)
                0x0000000008004ac4                usart_tx
 .text.usart_putudec
                0x0000000008004b60       0x44 /mnt/Workspace/drone_parachute/build/core/core.a(usart.c.o)
                0x0000000008004b60                usart_putudec
 .text.sqrt     0x0000000008004ba4       0xac /home/param/.arduino15/packages/arduino/tools/arm-none-eabi-gcc/4.8.3-2014q1/bin/../lib/gcc/arm-none-eabi/4.8.3/../../../../arm-none-eabi/lib/armv7-m/libm.a(lib_a-w_sqrt.o)
                0x0000000008004ba4                sqrt
 .text.__ieee754_sqrt
                0x0000000008004c50      0x180 /home/param/.arduino15/packages/arduino/tools/arm-none-eabi-gcc/4.8.3-2014q1/bin/../lib/gcc/arm-none-eabi/4.8.3/../../../../arm-none-eabi/lib/armv7-m/libm.a(lib_a-e_sqrt.o)
                0x0000000008004c50                __ieee754_sqrt
 .text.__fpclassifyd
                0x0000000008004dd0       0x50 /home/param/.arduino15/packages/arduino/tools/arm-none-eabi-gcc/4.8.3-2014q1/bin/../lib/gcc/arm-none-eabi/4.8.3/../../../../arm-none-eabi/lib/armv7-m/libm.a(lib_a-s_fpclassify.o)
                0x0000000008004dd0                __fpclassifyd
 .text.matherr  0x0000000008004e20        0x4 /home/param/.arduino15/packages/arduino/tools/arm-none-eabi-gcc/4.8.3-2014q1/bin/../lib/gcc/arm-none-eabi/4.8.3/../../../../arm-none-eabi/lib/armv7-m/libm.a(lib_a-s_matherr.o)
                0x0000000008004e20                matherr
 .text          0x0000000008004e24      0x370 /home/param/.arduino15/packages/arduino/tools/arm-none-eabi-gcc/4.8.3-2014q1/bin/../lib/gcc/arm-none-eabi/4.8.3/armv7-m/libgcc.a(_arm_addsubdf3.o)
                0x0000000008004e24                __aeabi_drsub
                0x0000000008004e2c                __aeabi_dsub
                0x0000000008004e2c                __subdf3
                0x0000000008004e30                __adddf3
                0x0000000008004e30                __aeabi_dadd
                0x00000000080050a8                __aeabi_ui2d
                0x00000000080050a8                __floatunsidf
                0x00000000080050c8                __floatsidf
                0x00000000080050c8                __aeabi_i2d
                0x00000000080050ec                __extendsfdf2
                0x00000000080050ec                __aeabi_f2d
                0x0000000008005128                __aeabi_ul2d
                0x0000000008005128                __floatundidf
                0x0000000008005138                __floatdidf
                0x0000000008005138                __aeabi_l2d
 .text          0x0000000008005194      0x424 /home/param/.arduino15/packages/arduino/tools/arm-none-eabi-gcc/4.8.3-2014q1/bin/../lib/gcc/arm-none-eabi/4.8.3/armv7-m/libgcc.a(_arm_muldivdf3.o)
                0x0000000008005194                __aeabi_dmul
                0x0000000008005194                __muldf3
                0x00000000080053e8                __aeabi_ddiv
                0x00000000080053e8                __divdf3
 .text          0x00000000080055b8      0x110 /home/param/.arduino15/packages/arduino/tools/arm-none-eabi-gcc/4.8.3-2014q1/bin/../lib/gcc/arm-none-eabi/4.8.3/armv7-m/libgcc.a(_arm_cmpdf2.o)
                0x00000000080055b8                __gtdf2
                0x00000000080055b8                __gedf2
                0x00000000080055c0                __ltdf2
                0x00000000080055c0                __ledf2
                0x00000000080055c8                __cmpdf2
                0x00000000080055c8                __eqdf2
                0x00000000080055c8                __nedf2
                0x0000000008005644                __aeabi_cdrcmple
                0x0000000008005654                __aeabi_cdcmple
                0x0000000008005654                __aeabi_cdcmpeq
                0x0000000008005664                __aeabi_dcmpeq
                0x0000000008005678                __aeabi_dcmplt
                0x000000000800568c                __aeabi_dcmple
                0x00000000080056a0                __aeabi_dcmpge
                0x00000000080056b4                __aeabi_dcmpgt
 .text          0x00000000080056c8       0x50 /home/param/.arduino15/packages/arduino/tools/arm-none-eabi-gcc/4.8.3-2014q1/bin/../lib/gcc/arm-none-eabi/4.8.3/armv7-m/libgcc.a(_arm_fixdfsi.o)
                0x00000000080056c8                __fixdfsi
                0x00000000080056c8                __aeabi_d2iz
 .text          0x0000000008005718       0xa0 /home/param/.arduino15/packages/arduino/tools/arm-none-eabi-gcc/4.8.3-2014q1/bin/../lib/gcc/arm-none-eabi/4.8.3/armv7-m/libgcc.a(_arm_truncdfsf2.o)
                0x0000000008005718                __aeabi_d2f
                0x0000000008005718                __truncdfsf2
 .text          0x00000000080057b8      0x21c /home/param/.arduino15/packages/arduino/tools/arm-none-eabi-gcc/4.8.3-2014q1/bin/../lib/gcc/arm-none-eabi/4.8.3/armv7-m/libgcc.a(_arm_addsubsf3.o)
                0x00000000080057b8                __aeabi_frsub
                0x00000000080057c0                __subsf3
                0x00000000080057c0                __aeabi_fsub
                0x00000000080057c4                __aeabi_fadd
                0x00000000080057c4                __addsf3
                0x0000000008005924                __aeabi_ui2f
                0x0000000008005924                __floatunsisf
                0x000000000800592c                __aeabi_i2f
                0x000000000800592c                __floatsisf
                0x0000000008005948                __floatundisf
                0x0000000008005948                __aeabi_ul2f
                0x0000000008005958                __floatdisf
                0x0000000008005958                __aeabi_l2f
 .text          0x00000000080059d4      0x2a0 /home/param/.arduino15/packages/arduino/tools/arm-none-eabi-gcc/4.8.3-2014q1/bin/../lib/gcc/arm-none-eabi/4.8.3/armv7-m/libgcc.a(_arm_muldivsf3.o)
                0x00000000080059d4                __mulsf3
                0x00000000080059d4                __aeabi_fmul
                0x0000000008005b3c                __divsf3
                0x0000000008005b3c                __aeabi_fdiv
 .text          0x0000000008005c74       0xec /home/param/.arduino15/packages/arduino/tools/arm-none-eabi-gcc/4.8.3-2014q1/bin/../lib/gcc/arm-none-eabi/4.8.3/armv7-m/libgcc.a(_arm_cmpsf2.o)
                0x0000000008005c74                __gtsf2
                0x0000000008005c74                __gesf2
                0x0000000008005c7c                __lesf2
                0x0000000008005c7c                __ltsf2
                0x0000000008005c84                __nesf2
                0x0000000008005c84                __eqsf2
                0x0000000008005c84                __cmpsf2
                0x0000000008005ce4                __aeabi_cfrcmple
                0x0000000008005cec                __aeabi_cfcmple
                0x0000000008005cec                __aeabi_cfcmpeq
                0x0000000008005cfc                __aeabi_fcmpeq
                0x0000000008005d10                __aeabi_fcmplt
                0x0000000008005d24                __aeabi_fcmple
                0x0000000008005d38                __aeabi_fcmpge
                0x0000000008005d4c                __aeabi_fcmpgt
 .text          0x0000000008005d60       0x38 /home/param/.arduino15/packages/arduino/tools/arm-none-eabi-gcc/4.8.3-2014q1/bin/../lib/gcc/arm-none-eabi/4.8.3/armv7-m/libgcc.a(_aeabi_ldivmod.o)
                0x0000000008005d60                __aeabi_ldivmod
 .text          0x0000000008005d98       0x2c /home/param/.arduino15/packages/arduino/tools/arm-none-eabi-gcc/4.8.3-2014q1/bin/../lib/gcc/arm-none-eabi/4.8.3/armv7-m/libgcc.a(_aeabi_uldivmod.o)
                0x0000000008005d98                __aeabi_uldivmod
 .text          0x0000000008005dc4       0x30 /home/param/.arduino15/packages/arduino/tools/arm-none-eabi-gcc/4.8.3-2014q1/bin/../lib/gcc/arm-none-eabi/4.8.3/armv7-m/libgcc.a(_fixdfdi.o)
                0x0000000008005dc4                __aeabi_d2lz
                0x0000000008005dc4                __fixdfdi
 .text          0x0000000008005df4       0x44 /home/param/.arduino15/packages/arduino/tools/arm-none-eabi-gcc/4.8.3-2014q1/bin/../lib/gcc/arm-none-eabi/4.8.3/armv7-m/libgcc.a(_fixunsdfdi.o)
                0x0000000008005df4                __aeabi_d2ulz
                0x0000000008005df4                __fixunsdfdi
 .text          0x0000000008005e38       0x60 /home/param/.arduino15/packages/arduino/tools/arm-none-eabi-gcc/4.8.3-2014q1/bin/../lib/gcc/arm-none-eabi/4.8.3/armv7-m/libgcc.a(bpabi.o)
                0x0000000008005e38                __gnu_ldivmod_helper
                0x0000000008005e68                __gnu_uldivmod_helper
 .text          0x0000000008005e98        0x4 /home/param/.arduino15/packages/arduino/tools/arm-none-eabi-gcc/4.8.3-2014q1/bin/../lib/gcc/arm-none-eabi/4.8.3/armv7-m/libgcc.a(_dvmd_tls.o)
                0x0000000008005e98                __aeabi_ldiv0
                0x0000000008005e98                __aeabi_idiv0
 .text          0x0000000008005e9c       0x40 /home/param/.arduino15/packages/arduino/tools/arm-none-eabi-gcc/4.8.3-2014q1/bin/../lib/gcc/arm-none-eabi/4.8.3/armv7-m/libgcc.a(_arm_fixunsdfsi.o)
                0x0000000008005e9c                __fixunsdfsi
                0x0000000008005e9c                __aeabi_d2uiz
 .text          0x0000000008005edc      0x2a0 /home/param/.arduino15/packages/arduino/tools/arm-none-eabi-gcc/4.8.3-2014q1/bin/../lib/gcc/arm-none-eabi/4.8.3/armv7-m/libgcc.a(_divdi3.o)
                0x0000000008005edc                __divdi3
 .text          0x000000000800617c      0x290 /home/param/.arduino15/packages/arduino/tools/arm-none-eabi-gcc/4.8.3-2014q1/bin/../lib/gcc/arm-none-eabi/4.8.3/armv7-m/libgcc.a(_udivdi3.o)
                0x000000000800617c                __udivdi3
 .text.__errno  0x000000000800640c        0xc /home/param/.arduino15/packages/arduino/tools/arm-none-eabi-gcc/4.8.3-2014q1/bin/../lib/gcc/arm-none-eabi/4.8.3/../../../../arm-none-eabi/lib/armv7-m/libc.a(lib_a-errno.o)
                0x000000000800640c                __errno
 .text.__libc_init_array
                0x0000000008006418       0x50 /home/param/.arduino15/packages/arduino/tools/arm-none-eabi-gcc/4.8.3-2014q1/bin/../lib/gcc/arm-none-eabi/4.8.3/../../../../arm-none-eabi/lib/armv7-m/libc.a(lib_a-init.o)
                0x0000000008006418                __libc_init_array
 .text.strlen   0x0000000008006468       0x60 /home/param/.arduino15/packages/arduino/tools/arm-none-eabi-gcc/4.8.3-2014q1/bin/../lib/gcc/arm-none-eabi/4.8.3/../../../../arm-none-eabi/lib/armv7-m/libc.a(lib_a-strlen.o)
                0x0000000008006468                strlen
 .text.startup.register_fini
                0x00000000080064c8       0x14 /home/param/.arduino15/packages/arduino/tools/arm-none-eabi-gcc/4.8.3-2014q1/bin/../lib/gcc/arm-none-eabi/4.8.3/../../../../arm-none-eabi/lib/armv7-m/libc.a(lib_a-__call_atexit.o)
 .text.atexit   0x00000000080064dc        0xc /home/param/.arduino15/packages/arduino/tools/arm-none-eabi-gcc/4.8.3-2014q1/bin/../lib/gcc/arm-none-eabi/4.8.3/../../../../arm-none-eabi/lib/armv7-m/libc.a(lib_a-atexit.o)
                0x00000000080064dc                atexit
 .text.__libc_fini_array
                0x00000000080064e8       0x30 /home/param/.arduino15/packages/arduino/tools/arm-none-eabi-gcc/4.8.3-2014q1/bin/../lib/gcc/arm-none-eabi/4.8.3/../../../../arm-none-eabi/lib/armv7-m/libc.a(lib_a-fini.o)
                0x00000000080064e8                __libc_fini_array
 .text.__register_exitproc
                0x0000000008006518       0xa8 /home/param/.arduino15/packages/arduino/tools/arm-none-eabi-gcc/4.8.3-2014q1/bin/../lib/gcc/arm-none-eabi/4.8.3/../../../../arm-none-eabi/lib/armv7-m/libc.a(lib_a-__atexit.o)
                0x0000000008006518                __register_exitproc
 *(.plt)
 *(.gnu.warning)
 *(.glue_7t)
 .glue_7t       0x0000000000000000        0x0 linker stubs
 *(.glue_7)
 .glue_7        0x0000000000000000        0x0 linker stubs
 *(.vfp11_veneer)
 .vfp11_veneer  0x0000000000000000        0x0 linker stubs
 *(.ARM.extab* .gnu.linkonce.armextab.*)
 *(.gcc_except_table)
 *(.eh_frame_hdr)
 *(.eh_frame)
 .eh_frame      0x00000000080065c0        0x0 /home/param/.arduino15/packages/arduino/tools/arm-none-eabi-gcc/4.8.3-2014q1/bin/../lib/gcc/arm-none-eabi/4.8.3/armv7-m/crtbegin.o
                0x00000000080065c0                . = ALIGN (0x4)
 *(.init)
 .init          0x00000000080065c0        0x4 /home/param/.arduino15/packages/arduino/tools/arm-none-eabi-gcc/4.8.3-2014q1/bin/../lib/gcc/arm-none-eabi/4.8.3/armv7-m/crti.o
                0x00000000080065c0                _init
 .init          0x00000000080065c4        0x8 /home/param/.arduino15/packages/arduino/tools/arm-none-eabi-gcc/4.8.3-2014q1/bin/../lib/gcc/arm-none-eabi/4.8.3/armv7-m/crtn.o
                0x00000000080065cc                . = ALIGN (0x4)
                0x00000000080065cc                __preinit_array_start = .
 *(.preinit_array)
                0x00000000080065cc                __preinit_array_end = .
                0x00000000080065cc                . = ALIGN (0x4)
                0x00000000080065cc                __init_array_start = .
 *(SORT(.init_array.*))
 .init_array.00000
                0x00000000080065cc        0x4 /home/param/.arduino15/packages/arduino/tools/arm-none-eabi-gcc/4.8.3-2014q1/bin/../lib/gcc/arm-none-eabi/4.8.3/../../../../arm-none-eabi/lib/armv7-m/libc.a(lib_a-__call_atexit.o)
 .init_array.00101
                0x00000000080065d0        0x4 /mnt/Workspace/drone_parachute/build/core/core.a(main.cpp.o)
 *(.init_array)
 .init_array    0x00000000080065d4        0x4 /home/param/.arduino15/packages/arduino/tools/arm-none-eabi-gcc/4.8.3-2014q1/bin/../lib/gcc/arm-none-eabi/4.8.3/armv7-m/crtbegin.o
 .init_array    0x00000000080065d8        0x4 /mnt/Workspace/drone_parachute/build/sketch/main.ino.cpp.o
 .init_array    0x00000000080065dc        0x4 /mnt/Workspace/drone_parachute/build/libraries/Wire/Wire.cpp.o
 .init_array    0x00000000080065e0        0x4 /mnt/Workspace/drone_parachute/build/libraries/SPI/SPI.cpp.o
 .init_array    0x00000000080065e4        0x4 /mnt/Workspace/drone_parachute/build/core/board.cpp.o
                0x00000000080065e8                __init_array_end = .
                0x00000000080065e8                . = ALIGN (0x4)
 *crtbegin.o(.ctors)
 *(EXCLUDE_FILE(*crtend.o) .ctors)
 *(SORT(.ctors.*))
 *crtend.o(.ctors)
                0x00000000080065e8                . = ALIGN (0x4)
 *(.fini)
 .fini          0x00000000080065e8        0x4 /home/param/.arduino15/packages/arduino/tools/arm-none-eabi-gcc/4.8.3-2014q1/bin/../lib/gcc/arm-none-eabi/4.8.3/armv7-m/crti.o
                0x00000000080065e8                _fini
 .fini          0x00000000080065ec        0x8 /home/param/.arduino15/packages/arduino/tools/arm-none-eabi-gcc/4.8.3-2014q1/bin/../lib/gcc/arm-none-eabi/4.8.3/armv7-m/crtn.o
                0x00000000080065f4                . = ALIGN (0x4)
                0x00000000080065f4                __fini_array_start = .
 *(.fini_array)
 .fini_array    0x00000000080065f4        0x4 /home/param/.arduino15/packages/arduino/tools/arm-none-eabi-gcc/4.8.3-2014q1/bin/../lib/gcc/arm-none-eabi/4.8.3/armv7-m/crtbegin.o
 .fini_array    0x00000000080065f8        0x4 /mnt/Workspace/drone_parachute/build/libraries/Wire/Wire.cpp.o
 *(SORT(.fini_array.*))
                0x00000000080065fc                __fini_array_end = .
 *crtbegin.o(.dtors)
 *(EXCLUDE_FILE(*crtend.o) .dtors)
 *(SORT(.dtors.*))
 *crtend.o(.dtors)

.v4_bx          0x00000000080065fc        0x0
 .v4_bx         0x0000000000000000        0x0 linker stubs

.iplt           0x00000000080065fc        0x0
 .iplt          0x0000000000000000        0x0 /home/param/.arduino15/packages/arduino/tools/arm-none-eabi-gcc/4.8.3-2014q1/bin/../lib/gcc/arm-none-eabi/4.8.3/armv7-m/crtbegin.o

.text.align     0x00000000080065fc        0x4
                0x0000000008006600                . = ALIGN (0x8)
 *fill*         0x00000000080065fc        0x4 
                0x0000000008006600                __text_end__ = .
                0x0000000008006600                __exidx_start = .

.ARM.exidx      0x0000000008006600        0x8
 *(.ARM.exidx* .gnu.linkonce.armexidx.*)
 .ARM.exidx     0x0000000008006600        0x8 /mnt/Workspace/drone_parachute/build/core/wirish/start.S.o
 .ARM.exidx     0x0000000008006608        0x0 /home/param/.arduino15/packages/arduino/tools/arm-none-eabi-gcc/4.8.3-2014q1/bin/../lib/gcc/arm-none-eabi/4.8.3/armv7-m/libgcc.a(_divdi3.o)
                                          0x8 (size before relaxing)
 .ARM.exidx     0x0000000008006608        0x0 /home/param/.arduino15/packages/arduino/tools/arm-none-eabi-gcc/4.8.3-2014q1/bin/../lib/gcc/arm-none-eabi/4.8.3/armv7-m/libgcc.a(_udivdi3.o)
                                          0x8 (size before relaxing)
                0x0000000008006608                __exidx_end = .

.data           0x0000000020000000      0x850 load address 0x0000000008006608
                0x0000000020000000                __data_start__ = .
                0x0000000020000000        0x4 LONG 0x0
                0x0000000020000008                . = ALIGN (0x8)
 *fill*         0x0000000020000004        0x4 
 *(.got.plt)
 *(.got)
 *(.data .data.* .gnu.linkonce.d.*)
 .data._ZN6wirish4privL8pll_dataE
                0x0000000020000008        0x4 /mnt/Workspace/drone_parachute/build/core/wirish/boards_setup.cpp.o
 .data._ZN6wirish4priv9w_adc_smpE
                0x000000002000000c        0x1 /mnt/Workspace/drone_parachute/build/core/wirish/boards_setup.cpp.o
                0x000000002000000c                wirish::priv::w_adc_smp
 *fill*         0x000000002000000d        0x1 
 .data._ZN6wirish4priv9w_adc_preE
                0x000000002000000e        0x2 /mnt/Workspace/drone_parachute/build/core/wirish/boards_setup.cpp.o
                0x000000002000000e                wirish::priv::w_adc_pre
 .data._ZN6wirish4priv15w_board_pll_cfgE
                0x0000000020000010        0x8 /mnt/Workspace/drone_parachute/build/core/wirish/boards_setup.cpp.o
                0x0000000020000010                wirish::priv::w_board_pll_cfg
 .data.adc2     0x0000000020000018        0x8 /mnt/Workspace/drone_parachute/build/core/core.a(adc_f1.c.o)
                0x0000000020000018                adc2
 .data.adc1     0x0000000020000020       0x18 /mnt/Workspace/drone_parachute/build/core/core.a(adc_f1.c.o)
                0x0000000020000020                adc1
 .data.ADC2     0x0000000020000038        0x4 /mnt/Workspace/drone_parachute/build/core/core.a(adc_f1.c.o)
                0x0000000020000038                ADC2
 .data.ADC1     0x000000002000003c        0x4 /mnt/Workspace/drone_parachute/build/core/core.a(adc_f1.c.o)
                0x000000002000003c                ADC1
 .data.dma1     0x0000000020000040       0x40 /mnt/Workspace/drone_parachute/build/core/core.a(dma_f1.c.o)
 .data.DMA1     0x0000000020000080        0x4 /mnt/Workspace/drone_parachute/build/core/core.a(dma_f1.c.o)
                0x0000000020000080                DMA1
 .data.gpioa    0x0000000020000084        0x8 /mnt/Workspace/drone_parachute/build/core/core.a(gpio_f1.c.o)
                0x0000000020000084                gpioa
 .data.gpiob    0x000000002000008c        0x8 /mnt/Workspace/drone_parachute/build/core/core.a(gpio_f1.c.o)
                0x000000002000008c                gpiob
 .data.gpioc    0x0000000020000094        0x8 /mnt/Workspace/drone_parachute/build/core/core.a(gpio_f1.c.o)
                0x0000000020000094                gpioc
 .data.gpiod    0x000000002000009c        0x8 /mnt/Workspace/drone_parachute/build/core/core.a(gpio_f1.c.o)
                0x000000002000009c                gpiod
 .data.i2c1     0x00000000200000a4       0x38 /mnt/Workspace/drone_parachute/build/core/core.a(i2c_f1.c.o)
 .data.i2c2     0x00000000200000dc       0x38 /mnt/Workspace/drone_parachute/build/core/core.a(i2c_f1.c.o)
 .data.enable_regs.4411
                0x0000000020000114        0xc /mnt/Workspace/drone_parachute/build/core/core.a(rcc_f1.c.o)
 .data.reset_regs.4415
                0x0000000020000120        0x8 /mnt/Workspace/drone_parachute/build/core/core.a(rcc_f1.c.o)
 .data.enable_regs.4424
                0x0000000020000128        0xc /mnt/Workspace/drone_parachute/build/core/core.a(rcc_f1.c.o)
 .data.spi1     0x0000000020000134        0x8 /mnt/Workspace/drone_parachute/build/core/core.a(spi_f1.c.o)
 .data.spi2     0x000000002000013c        0x8 /mnt/Workspace/drone_parachute/build/core/core.a(spi_f1.c.o)
 .data.SPI1     0x0000000020000144        0x4 /mnt/Workspace/drone_parachute/build/core/core.a(spi_f1.c.o)
                0x0000000020000144                SPI1
 .data.SPI2     0x0000000020000148        0x4 /mnt/Workspace/drone_parachute/build/core/core.a(spi_f1.c.o)
                0x0000000020000148                SPI2
 .data.timer3   0x000000002000014c       0x24 /mnt/Workspace/drone_parachute/build/core/core.a(timer.c.o)
                0x000000002000014c                timer3
 .data.timer4   0x0000000020000170       0x24 /mnt/Workspace/drone_parachute/build/core/core.a(timer.c.o)
                0x0000000020000170                timer4
 .data.timer1   0x0000000020000194       0x28 /mnt/Workspace/drone_parachute/build/core/core.a(timer.c.o)
                0x0000000020000194                timer1
 .data.timer2   0x00000000200001bc       0x24 /mnt/Workspace/drone_parachute/build/core/core.a(timer.c.o)
                0x00000000200001bc                timer2
 .data.USART1   0x00000000200001e0        0x4 /mnt/Workspace/drone_parachute/build/core/core.a(usart_f1.c.o)
                0x00000000200001e0                USART1
 .data.USART2   0x00000000200001e4        0x4 /mnt/Workspace/drone_parachute/build/core/core.a(usart_f1.c.o)
                0x00000000200001e4                USART2
 .data.USART3   0x00000000200001e8        0x4 /mnt/Workspace/drone_parachute/build/core/core.a(usart_f1.c.o)
                0x00000000200001e8                USART3
 .data.usart1   0x00000000200001ec       0x94 /mnt/Workspace/drone_parachute/build/core/core.a(usart_f1.c.o)
 .data.usart2   0x0000000020000280       0x94 /mnt/Workspace/drone_parachute/build/core/core.a(usart_f1.c.o)
 .data.usart3   0x0000000020000314       0x94 /mnt/Workspace/drone_parachute/build/core/core.a(usart_f1.c.o)
 .data.USBLIB   0x00000000200003a8        0x4 /mnt/Workspace/drone_parachute/build/core/core.a(usb.c.o)
                0x00000000200003a8                USBLIB
 .data.usblib   0x00000000200003ac       0x10 /mnt/Workspace/drone_parachute/build/core/core.a(usb.c.o)
 .data.Config_Descriptor
                0x00000000200003bc        0x8 /mnt/Workspace/drone_parachute/build/core/core.a(usb_cdcacm.c.o)
 .data.Device_Property
                0x00000000200003c4       0x30 /mnt/Workspace/drone_parachute/build/core/core.a(usb_cdcacm.c.o)
                0x00000000200003c4                Device_Property
 .data.String_Descriptor
                0x00000000200003f4       0x18 /mnt/Workspace/drone_parachute/build/core/core.a(usb_cdcacm.c.o)
 .data.line_coding
                0x000000002000040c        0x7 /mnt/Workspace/drone_parachute/build/core/core.a(usb_cdcacm.c.o)
 *fill*         0x0000000020000413        0x1 
 .data.Device_Descriptor
                0x0000000020000414        0x8 /mnt/Workspace/drone_parachute/build/core/core.a(usb_cdcacm.c.o)
 .data.Device_Table
                0x000000002000041c        0x2 /mnt/Workspace/drone_parachute/build/core/core.a(usb_cdcacm.c.o)
                0x000000002000041c                Device_Table
 .data.__fdlib_version
                0x000000002000041e        0x1 /home/param/.arduino15/packages/arduino/tools/arm-none-eabi-gcc/4.8.3-2014q1/bin/../lib/gcc/arm-none-eabi/4.8.3/../../../../arm-none-eabi/lib/armv7-m/libm.a(lib_a-s_lib_ver.o)
                0x000000002000041e                __fdlib_version
 *fill*         0x000000002000041f        0x1 
 .data.impure_data
                0x0000000020000420      0x428 /home/param/.arduino15/packages/arduino/tools/arm-none-eabi-gcc/4.8.3-2014q1/bin/../lib/gcc/arm-none-eabi/4.8.3/../../../../arm-none-eabi/lib/armv7-m/libc.a(lib_a-impure.o)
 .data._impure_ptr
                0x0000000020000848        0x4 /home/param/.arduino15/packages/arduino/tools/arm-none-eabi-gcc/4.8.3-2014q1/bin/../lib/gcc/arm-none-eabi/4.8.3/../../../../arm-none-eabi/lib/armv7-m/libc.a(lib_a-impure.o)
                0x0000000020000848                _impure_ptr
                0x0000000020000850                . = ALIGN (0x8)
 *fill*         0x000000002000084c        0x4 
                0x0000000020000850                __data_end__ = .

.jcr            0x0000000020000850        0x0 load address 0x0000000008006e58
 .jcr           0x0000000020000850        0x0 /home/param/.arduino15/packages/arduino/tools/arm-none-eabi-gcc/4.8.3-2014q1/bin/../lib/gcc/arm-none-eabi/4.8.3/armv7-m/crtbegin.o

.igot.plt       0x0000000020000850        0x0 load address 0x0000000008006e58
 .igot.plt      0x0000000000000000        0x0 /home/param/.arduino15/packages/arduino/tools/arm-none-eabi-gcc/4.8.3-2014q1/bin/../lib/gcc/arm-none-eabi/4.8.3/armv7-m/crtbegin.o

.rodata         0x0000000008006e58      0x944
 *(.rodata .rodata.* .gnu.linkonce.r.*)
 .rodata.str1.1
                0x0000000008006e58       0xba /mnt/Workspace/drone_parachute/build/sketch/main.ino.cpp.o
 *fill*         0x0000000008006f12        0x6 
 .rodata._ZTV7TwoWire
                0x0000000008006f18       0x18 /mnt/Workspace/drone_parachute/build/libraries/Wire/Wire.cpp.o
                0x0000000008006f18                vtable for TwoWire
 .rodata._ZTV8WireBase
                0x0000000008006f30       0x18 /mnt/Workspace/drone_parachute/build/libraries/Wire/utility/WireBase.cpp.o
                0x0000000008006f30                vtable for WireBase
 .rodata.str1.1
                0x0000000008006f48       0x63 /mnt/Workspace/drone_parachute/build/libraries/SPI/SPI.cpp.o
 .rodata.str1.1
                0x0000000008006fab       0x65 /mnt/Workspace/drone_parachute/build/libraries/Servo/Servo.cpp.o
                                         0x67 (size before relaxing)
 .rodata.PIN_MAP
                0x0000000008007010      0x230 /mnt/Workspace/drone_parachute/build/core/board.cpp.o
                0x0000000008007010                PIN_MAP
 .rodata.GPIOC  0x0000000008007240        0x4 /mnt/Workspace/drone_parachute/build/core/core.a(gpio_f1.c.o)
                0x0000000008007240                GPIOC
 .rodata.str1.1
                0x0000000008007244       0x7f /mnt/Workspace/drone_parachute/build/core/core.a(i2c.c.o)
 *fill*         0x00000000080072c3        0x1 
 .rodata.I2C1   0x00000000080072c4        0x4 /mnt/Workspace/drone_parachute/build/core/core.a(i2c_f1.c.o)
                0x00000000080072c4                I2C1
 .rodata.str1.1
                0x00000000080072c8       0xbb /mnt/Workspace/drone_parachute/build/core/core.a(rcc_f1.c.o)
 .rodata.rcc_dev_table
                0x0000000008007383       0x5c /mnt/Workspace/drone_parachute/build/core/core.a(rcc_f1.c.o)
                0x0000000008007383                rcc_dev_table
 *fill*         0x00000000080073df        0x1 
 .rodata.masks.4420
                0x00000000080073e0       0x14 /mnt/Workspace/drone_parachute/build/core/core.a(rcc_f1.c.o)
 .rodata.str1.1
                0x00000000080073f4       0xba /mnt/Workspace/drone_parachute/build/core/core.a(timer.c.o)
                                         0xbc (size before relaxing)
 .rodata.str1.1
                0x00000000080074ae       0x73 /mnt/Workspace/drone_parachute/build/core/core.a(usart_f1.c.o)
 .rodata.str1.1
                0x0000000008007521       0x82 /mnt/Workspace/drone_parachute/build/core/core.a(usb.c.o)
 .rodata.usbVcomDescriptor_iProduct
                0x00000000080075a3        0xc /mnt/Workspace/drone_parachute/build/core/core.a(usb_cdcacm.c.o)
 .rodata.usbVcomDescriptor_iManufacturer
                0x00000000080075af       0x12 /mnt/Workspace/drone_parachute/build/core/core.a(usb_cdcacm.c.o)
 .rodata.usbVcomDescriptor_Device
                0x00000000080075c1       0x12 /mnt/Workspace/drone_parachute/build/core/core.a(usb_cdcacm.c.o)
 .rodata.usbVcomDescriptor_Config
                0x00000000080075d3       0x43 /mnt/Workspace/drone_parachute/build/core/core.a(usb_cdcacm.c.o)
 .rodata.usbVcomDescriptor_LangID
                0x0000000008007616        0x4 /mnt/Workspace/drone_parachute/build/core/core.a(usb_cdcacm.c.o)
 .rodata.str1.1
                0x000000000800761a       0x3f /mnt/Workspace/drone_parachute/build/core/core.a(util.c.o)
                                         0x42 (size before relaxing)
 *fill*         0x0000000008007659        0x7 
 .rodata._ZTV14HardwareSerial
                0x0000000008007660       0x28 /mnt/Workspace/drone_parachute/build/core/core.a(HardwareSerial.cpp.o)
                0x0000000008007660                vtable for HardwareSerial
 .rodata.str1.1
                0x0000000008007688       0x11 /mnt/Workspace/drone_parachute/build/core/core.a(Print.cpp.o)
 .rodata.str1.1
                0x0000000008007699       0x6d /mnt/Workspace/drone_parachute/build/core/core.a(pwm.cpp.o)
 .rodata.str1.1
                0x0000000008007706       0x71 /mnt/Workspace/drone_parachute/build/core/core.a(wirish_digital_f1.cpp.o)
                                         0x73 (size before relaxing)
 *fill*         0x0000000008007777        0x1 
 .rodata.str1.4
                0x0000000008007778        0x5 /home/param/.arduino15/packages/arduino/tools/arm-none-eabi-gcc/4.8.3-2014q1/bin/../lib/gcc/arm-none-eabi/4.8.3/../../../../arm-none-eabi/lib/armv7-m/libm.a(lib_a-w_sqrt.o)
                                          0x8 (size before relaxing)
 *fill*         0x000000000800777d        0x3 
 .rodata.str1.4
                0x0000000008007780        0x4 /home/param/.arduino15/packages/arduino/tools/arm-none-eabi-gcc/4.8.3-2014q1/bin/../lib/gcc/arm-none-eabi/4.8.3/../../../../arm-none-eabi/lib/armv7-m/libc.a(lib_a-impure.o)
 .rodata._global_impure_ptr
                0x0000000008007784        0x4 /home/param/.arduino15/packages/arduino/tools/arm-none-eabi-gcc/4.8.3-2014q1/bin/../lib/gcc/arm-none-eabi/4.8.3/../../../../arm-none-eabi/lib/armv7-m/libc.a(lib_a-impure.o)
                0x0000000008007784                _global_impure_ptr
 *(.USER_FLASH)
 .USER_FLASH    0x0000000008007788       0x10 /mnt/Workspace/drone_parachute/build/libraries/SPI/SPI.cpp.o
                0x0000000008007798                . = ALIGN (0x4)
                0x0000000008007798                _lm_rom_img_cfgp = .
                0x0000000008007798        0x4 LONG 0x8006608 LOADADDR (.data)
                0x0000000020000c98                _lm_heap_start = DEFINED (_lm_heap_start)?_lm_heap_start:_end
                0x0000000020005000                _lm_heap_end = DEFINED (_lm_heap_end)?_lm_heap_end:__msp_init

.rel.dyn        0x000000000800779c        0x0
 .rel.iplt      0x0000000000000000        0x0 /home/param/.arduino15/packages/arduino/tools/arm-none-eabi-gcc/4.8.3-2014q1/bin/../lib/gcc/arm-none-eabi/4.8.3/armv7-m/crtbegin.o

.bss            0x0000000020000850      0x448
                0x0000000020000850                . = ALIGN (0x8)
                0x0000000020000850                __bss_start__ = .
 *(.bss .bss.* .gnu.linkonce.b.*)
 .bss           0x0000000020000850       0x1c /home/param/.arduino15/packages/arduino/tools/arm-none-eabi-gcc/4.8.3-2014q1/bin/../lib/gcc/arm-none-eabi/4.8.3/armv7-m/crtbegin.o
 .bss.FREEFALL_MAYDAY
                0x000000002000086c        0x1 /mnt/Workspace/drone_parachute/build/sketch/main.ino.cpp.o
                0x000000002000086c                FREEFALL_MAYDAY
 *fill*         0x000000002000086d        0x3 
 .bss._ZL8az_ffall
                0x0000000020000870        0x4 /mnt/Workspace/drone_parachute/build/sketch/main.ino.cpp.o
 .bss._ZL19container_lid_servo
                0x0000000020000874        0xa /mnt/Workspace/drone_parachute/build/sketch/main.ino.cpp.o
 .bss.BATTERY_MAYDAY
                0x000000002000087e        0x1 /mnt/Workspace/drone_parachute/build/sketch/main.ino.cpp.o
                0x000000002000087e                BATTERY_MAYDAY
 *fill*         0x000000002000087f        0x1 
 .bss._ZL8ax_ffall
                0x0000000020000880        0x4 /mnt/Workspace/drone_parachute/build/sketch/main.ino.cpp.o
 .bss._ZL21main_battery_volt_est
                0x0000000020000884        0x4 /mnt/Workspace/drone_parachute/build/sketch/main.ino.cpp.o
 .bss._ZL9a_net_gnd
                0x0000000020000888        0x4 /mnt/Workspace/drone_parachute/build/sketch/main.ino.cpp.o
 *fill*         0x000000002000088c        0x4 
 .bss._ZL3IMU   0x0000000020000890      0x1d0 /mnt/Workspace/drone_parachute/build/sketch/main.ino.cpp.o
 .bss._ZL8ay_ffall
                0x0000000020000a60        0x4 /mnt/Workspace/drone_parachute/build/sketch/main.ino.cpp.o
 .bss._ZL23backup_battery_volt_est
                0x0000000020000a64        0x4 /mnt/Workspace/drone_parachute/build/sketch/main.ino.cpp.o
 .bss._ZL3pos   0x0000000020000a68        0x4 /mnt/Workspace/drone_parachute/build/sketch/main.ino.cpp.o
 .bss._ZL6status
                0x0000000020000a6c        0x4 /mnt/Workspace/drone_parachute/build/sketch/main.ino.cpp.o
 .bss.Wire      0x0000000020000a70       0x60 /mnt/Workspace/drone_parachute/build/libraries/Wire/Wire.cpp.o
                0x0000000020000a70                Wire
 .bss._ZL10_spi2_this
                0x0000000020000ad0        0x4 /mnt/Workspace/drone_parachute/build/libraries/SPI/SPI.cpp.o
 .bss._ZL10_spi1_this
                0x0000000020000ad4        0x4 /mnt/Workspace/drone_parachute/build/libraries/SPI/SPI.cpp.o
 .bss.SPI       0x0000000020000ad8       0x4c /mnt/Workspace/drone_parachute/build/libraries/SPI/SPI.cpp.o
                0x0000000020000ad8                SPI
 .bss.Serial1   0x0000000020000b24       0x18 /mnt/Workspace/drone_parachute/build/core/board.cpp.o
                0x0000000020000b24                Serial1
 .bss.Serial2   0x0000000020000b3c       0x18 /mnt/Workspace/drone_parachute/build/core/board.cpp.o
                0x0000000020000b3c                Serial2
 .bss.Serial3   0x0000000020000b54       0x18 /mnt/Workspace/drone_parachute/build/core/board.cpp.o
                0x0000000020000b54                Serial3
 .bss.exti_channels
                0x0000000020000b6c       0x80 /mnt/Workspace/drone_parachute/build/core/core.a(exti.c.o)
                0x0000000020000b6c                exti_channels
 .bss.systick_user_callback
                0x0000000020000bec        0x4 /mnt/Workspace/drone_parachute/build/core/core.a(systick.c.o)
 .bss.usart1_wb
                0x0000000020000bf0        0xc /mnt/Workspace/drone_parachute/build/core/core.a(usart_f1.c.o)
 .bss.usart1_rb
                0x0000000020000bfc        0xc /mnt/Workspace/drone_parachute/build/core/core.a(usart_f1.c.o)
 .bss.usart2_rb
                0x0000000020000c08        0xc /mnt/Workspace/drone_parachute/build/core/core.a(usart_f1.c.o)
 .bss.usart3_rb
                0x0000000020000c14        0xc /mnt/Workspace/drone_parachute/build/core/core.a(usart_f1.c.o)
 .bss.usart2_wb
                0x0000000020000c20        0xc /mnt/Workspace/drone_parachute/build/core/core.a(usart_f1.c.o)
 .bss.usart3_wb
                0x0000000020000c2c        0xc /mnt/Workspace/drone_parachute/build/core/core.a(usart_f1.c.o)
 .bss.line_dtr_rts
                0x0000000020000c38        0x1 /mnt/Workspace/drone_parachute/build/core/core.a(usb_cdcacm.c.o)
 *fill*         0x0000000020000c39        0x3 